Command line invocation:
    /Applications/Xcode.app/Contents/Developer/usr/bin/xcodebuild -scheme GitMac clean build

Resolve Package Graph


Resolved source packages:
  DifferenceKit: https://github.com/ra1028/DifferenceKit @ 1.3.0
  Splash: https://github.com/JohnSundell/Splash.git @ 0.16.0
  KeychainAccess: https://github.com/kishikawakatsumi/KeychainAccess.git @ 4.2.2

--- xcodebuild: WARNING: Using the first of multiple matching destinations:
{ platform:macOS, arch:arm64, id:00006000-0010298821D2801E, name:My Mac }
{ platform:macOS, arch:x86_64, id:00006000-0010298821D2801E, name:My Mac }
{ platform:macOS, name:Any Mac }
CreateBuildRequest

SendProjectDescription

CreateBuildOperation

** CLEAN SUCCEEDED **

--- xcodebuild: WARNING: Using the first of multiple matching destinations:
{ platform:macOS, arch:arm64, id:00006000-0010298821D2801E, name:My Mac }
{ platform:macOS, arch:x86_64, id:00006000-0010298821D2801E, name:My Mac }
{ platform:macOS, name:Any Mac }
ComputePackagePrebuildTargetDependencyGraph

Prepare packages

CreateBuildRequest

SendProjectDescription

CreateBuildOperation

ComputeTargetDependencyGraph
note: Building targets in dependency order
note: Target dependency graph (7 targets)
    Target 'GitMac' in project 'GitMac'
        ➜ Explicit dependency on target 'DifferenceKit' in project 'DifferenceKit'
        ➜ Explicit dependency on target 'KeychainAccess' in project 'KeychainAccess'
        ➜ Explicit dependency on target 'Splash' in project 'Splash'
    Target 'Splash' in project 'Splash'
        ➜ Explicit dependency on target 'Splash' in project 'Splash'
    Target 'Splash' in project 'Splash' (no dependencies)
    Target 'KeychainAccess' in project 'KeychainAccess'
        ➜ Explicit dependency on target 'KeychainAccess' in project 'KeychainAccess'
    Target 'KeychainAccess' in project 'KeychainAccess' (no dependencies)
    Target 'DifferenceKit' in project 'DifferenceKit'
        ➜ Explicit dependency on target 'DifferenceKit' in project 'DifferenceKit'
    Target 'DifferenceKit' in project 'DifferenceKit' (no dependencies)

GatherProvisioningInputs

CreateBuildDescription

ExecuteExternalTool /Applications/Xcode.app/Contents/Developer/Toolchains/XcodeDefault.xctoolchain/usr/bin/clang -v -E -dM -isysroot /Applications/Xcode.app/Contents/Developer/Platforms/MacOSX.platform/Developer/SDKs/MacOSX26.2.sdk -x c -c /dev/null

ExecuteExternalTool /Applications/Xcode.app/Contents/Developer/Toolchains/XcodeDefault.xctoolchain/usr/bin/swiftc --version

ExecuteExternalTool /Applications/Xcode.app/Contents/Developer/usr/bin/actool --version --output-format xml1

ExecuteExternalTool /Applications/Xcode.app/Contents/Developer/Toolchains/XcodeDefault.xctoolchain/usr/bin/ld -version_details

Build description signature: b53b7fcfea5881e52281ce47ec360104
Build description path: /Users/mario/Library/Developer/Xcode/DerivedData/GitMac-ajzvmgpdmfwzmdcrxkxdwaxrxbzy/Build/Intermediates.noindex/XCBuildData/b53b7fcfea5881e52281ce47ec360104.xcbuilddata
ClangStatCache /Applications/Xcode.app/Contents/Developer/Toolchains/XcodeDefault.xctoolchain/usr/bin/clang-stat-cache /Applications/Xcode.app/Contents/Developer/Platforms/MacOSX.platform/Developer/SDKs/MacOSX26.2.sdk /Users/mario/Library/Developer/Xcode/DerivedData/SDKStatCaches.noindex/macosx26.2-25C57-3885c01c3e6b6a337905948deab2002e00fa09913b459cbbc988d1f6730289ae.sdkstatcache
    cd /Users/mario/Sites/localhost/GitMac/GitMac.xcodeproj
    /Applications/Xcode.app/Contents/Developer/Toolchains/XcodeDefault.xctoolchain/usr/bin/clang-stat-cache /Applications/Xcode.app/Contents/Developer/Platforms/MacOSX.platform/Developer/SDKs/MacOSX26.2.sdk -o /Users/mario/Library/Developer/Xcode/DerivedData/SDKStatCaches.noindex/macosx26.2-25C57-3885c01c3e6b6a337905948deab2002e00fa09913b459cbbc988d1f6730289ae.sdkstatcache

CreateBuildDirectory /Users/mario/Library/Developer/Xcode/DerivedData/GitMac-ajzvmgpdmfwzmdcrxkxdwaxrxbzy/Build/Products
    cd /Users/mario/Sites/localhost/GitMac/GitMac.xcodeproj
    builtin-create-build-directory /Users/mario/Library/Developer/Xcode/DerivedData/GitMac-ajzvmgpdmfwzmdcrxkxdwaxrxbzy/Build/Products

CreateBuildDirectory /Users/mario/Library/Developer/Xcode/DerivedData/GitMac-ajzvmgpdmfwzmdcrxkxdwaxrxbzy/Build/Intermediates.noindex
    cd /Users/mario/Sites/localhost/GitMac/GitMac.xcodeproj
    builtin-create-build-directory /Users/mario/Library/Developer/Xcode/DerivedData/GitMac-ajzvmgpdmfwzmdcrxkxdwaxrxbzy/Build/Intermediates.noindex

CreateBuildDirectory /Users/mario/Library/Developer/Xcode/DerivedData/GitMac-ajzvmgpdmfwzmdcrxkxdwaxrxbzy/Build/Products/Debug
    cd /Users/mario/Sites/localhost/GitMac/GitMac.xcodeproj
    builtin-create-build-directory /Users/mario/Library/Developer/Xcode/DerivedData/GitMac-ajzvmgpdmfwzmdcrxkxdwaxrxbzy/Build/Products/Debug

CreateBuildDirectory /Users/mario/Library/Developer/Xcode/DerivedData/GitMac-ajzvmgpdmfwzmdcrxkxdwaxrxbzy/Build/Intermediates.noindex/SwiftExplicitPrecompiledModules
    cd /Users/mario/Sites/localhost/GitMac/GitMac.xcodeproj
    builtin-create-build-directory /Users/mario/Library/Developer/Xcode/DerivedData/GitMac-ajzvmgpdmfwzmdcrxkxdwaxrxbzy/Build/Intermediates.noindex/SwiftExplicitPrecompiledModules

CreateBuildDirectory /Users/mario/Library/Developer/Xcode/DerivedData/GitMac-ajzvmgpdmfwzmdcrxkxdwaxrxbzy/Build/Intermediates.noindex/ExplicitPrecompiledModules
    cd /Users/mario/Sites/localhost/GitMac/GitMac.xcodeproj
    builtin-create-build-directory /Users/mario/Library/Developer/Xcode/DerivedData/GitMac-ajzvmgpdmfwzmdcrxkxdwaxrxbzy/Build/Intermediates.noindex/ExplicitPrecompiledModules

CreateBuildDirectory /Users/mario/Library/Developer/Xcode/DerivedData/GitMac-ajzvmgpdmfwzmdcrxkxdwaxrxbzy/Build/Intermediates.noindex/EagerLinkingTBDs/Debug
    cd /Users/mario/Sites/localhost/GitMac/GitMac.xcodeproj
    builtin-create-build-directory /Users/mario/Library/Developer/Xcode/DerivedData/GitMac-ajzvmgpdmfwzmdcrxkxdwaxrxbzy/Build/Intermediates.noindex/EagerLinkingTBDs/Debug

WriteAuxiliaryFile /Users/mario/Library/Developer/Xcode/DerivedData/GitMac-ajzvmgpdmfwzmdcrxkxdwaxrxbzy/Build/Intermediates.noindex/GitMac.build/Debug/GitMac-ac94e38d53dc433a402cb85bc9264911-VFS/all-product-headers.yaml
    cd /Users/mario/Sites/localhost/GitMac/GitMac.xcodeproj
    write-file /Users/mario/Library/Developer/Xcode/DerivedData/GitMac-ajzvmgpdmfwzmdcrxkxdwaxrxbzy/Build/Intermediates.noindex/GitMac.build/Debug/GitMac-ac94e38d53dc433a402cb85bc9264911-VFS/all-product-headers.yaml

CreateBuildDirectory /Users/mario/Library/Developer/Xcode/DerivedData/GitMac-ajzvmgpdmfwzmdcrxkxdwaxrxbzy/Build/Products/Debug/PackageFrameworks
    cd /Users/mario/Sites/localhost/GitMac/GitMac.xcodeproj
    builtin-create-build-directory /Users/mario/Library/Developer/Xcode/DerivedData/GitMac-ajzvmgpdmfwzmdcrxkxdwaxrxbzy/Build/Products/Debug/PackageFrameworks

WriteAuxiliaryFile /Users/mario/Library/Developer/Xcode/DerivedData/GitMac-ajzvmgpdmfwzmdcrxkxdwaxrxbzy/Build/Intermediates.noindex/Splash.build/Debug/Splash.build/Splash.DependencyMetadataFileList (in target 'Splash' from project 'Splash')
    cd /Users/mario/Library/Developer/Xcode/DerivedData/GitMac-ajzvmgpdmfwzmdcrxkxdwaxrxbzy/SourcePackages/checkouts/Splash
    write-file /Users/mario/Library/Developer/Xcode/DerivedData/GitMac-ajzvmgpdmfwzmdcrxkxdwaxrxbzy/Build/Intermediates.noindex/Splash.build/Debug/Splash.build/Splash.DependencyMetadataFileList

WriteAuxiliaryFile /Users/mario/Library/Developer/Xcode/DerivedData/GitMac-ajzvmgpdmfwzmdcrxkxdwaxrxbzy/Build/Intermediates.noindex/Splash.build/Debug/Splash.build/Splash.DependencyStaticMetadataFileList (in target 'Splash' from project 'Splash')
    cd /Users/mario/Library/Developer/Xcode/DerivedData/GitMac-ajzvmgpdmfwzmdcrxkxdwaxrxbzy/SourcePackages/checkouts/Splash
    write-file /Users/mario/Library/Developer/Xcode/DerivedData/GitMac-ajzvmgpdmfwzmdcrxkxdwaxrxbzy/Build/Intermediates.noindex/Splash.build/Debug/Splash.build/Splash.DependencyStaticMetadataFileList

WriteAuxiliaryFile /Users/mario/Library/Developer/Xcode/DerivedData/GitMac-ajzvmgpdmfwzmdcrxkxdwaxrxbzy/Build/Intermediates.noindex/Splash.build/Debug/Splash.build/Splash.modulemap (in target 'Splash' from project 'Splash')
    cd /Users/mario/Library/Developer/Xcode/DerivedData/GitMac-ajzvmgpdmfwzmdcrxkxdwaxrxbzy/SourcePackages/checkouts/Splash
    write-file /Users/mario/Library/Developer/Xcode/DerivedData/GitMac-ajzvmgpdmfwzmdcrxkxdwaxrxbzy/Build/Intermediates.noindex/Splash.build/Debug/Splash.build/Splash.modulemap

WriteAuxiliaryFile /Users/mario/Library/Developer/Xcode/DerivedData/GitMac-ajzvmgpdmfwzmdcrxkxdwaxrxbzy/Build/Intermediates.noindex/Splash.build/Debug/Splash.build/Objects-normal/arm64/Splash_const_extract_protocols.json (in target 'Splash' from project 'Splash')
    cd /Users/mario/Library/Developer/Xcode/DerivedData/GitMac-ajzvmgpdmfwzmdcrxkxdwaxrxbzy/SourcePackages/checkouts/Splash
    write-file /Users/mario/Library/Developer/Xcode/DerivedData/GitMac-ajzvmgpdmfwzmdcrxkxdwaxrxbzy/Build/Intermediates.noindex/Splash.build/Debug/Splash.build/Objects-normal/arm64/Splash_const_extract_protocols.json

WriteAuxiliaryFile /Users/mario/Library/Developer/Xcode/DerivedData/GitMac-ajzvmgpdmfwzmdcrxkxdwaxrxbzy/Build/Intermediates.noindex/Splash.build/Debug/Splash.build/Objects-normal/arm64/Splash.SwiftFileList (in target 'Splash' from project 'Splash')
    cd /Users/mario/Library/Developer/Xcode/DerivedData/GitMac-ajzvmgpdmfwzmdcrxkxdwaxrxbzy/SourcePackages/checkouts/Splash
    write-file /Users/mario/Library/Developer/Xcode/DerivedData/GitMac-ajzvmgpdmfwzmdcrxkxdwaxrxbzy/Build/Intermediates.noindex/Splash.build/Debug/Splash.build/Objects-normal/arm64/Splash.SwiftFileList

WriteAuxiliaryFile /Users/mario/Library/Developer/Xcode/DerivedData/GitMac-ajzvmgpdmfwzmdcrxkxdwaxrxbzy/Build/Intermediates.noindex/Splash.build/Debug/Splash.build/Objects-normal/arm64/Splash.SwiftConstValuesFileList (in target 'Splash' from project 'Splash')
    cd /Users/mario/Library/Developer/Xcode/DerivedData/GitMac-ajzvmgpdmfwzmdcrxkxdwaxrxbzy/SourcePackages/checkouts/Splash
    write-file /Users/mario/Library/Developer/Xcode/DerivedData/GitMac-ajzvmgpdmfwzmdcrxkxdwaxrxbzy/Build/Intermediates.noindex/Splash.build/Debug/Splash.build/Objects-normal/arm64/Splash.SwiftConstValuesFileList

WriteAuxiliaryFile /Users/mario/Library/Developer/Xcode/DerivedData/GitMac-ajzvmgpdmfwzmdcrxkxdwaxrxbzy/Build/Intermediates.noindex/Splash.build/Debug/Splash.build/Objects-normal/arm64/Splash.LinkFileList (in target 'Splash' from project 'Splash')
    cd /Users/mario/Library/Developer/Xcode/DerivedData/GitMac-ajzvmgpdmfwzmdcrxkxdwaxrxbzy/SourcePackages/checkouts/Splash
    write-file /Users/mario/Library/Developer/Xcode/DerivedData/GitMac-ajzvmgpdmfwzmdcrxkxdwaxrxbzy/Build/Intermediates.noindex/Splash.build/Debug/Splash.build/Objects-normal/arm64/Splash.LinkFileList

WriteAuxiliaryFile /Users/mario/Library/Developer/Xcode/DerivedData/GitMac-ajzvmgpdmfwzmdcrxkxdwaxrxbzy/Build/Intermediates.noindex/Splash.build/Debug/Splash.build/Objects-normal/arm64/Splash-OutputFileMap.json (in target 'Splash' from project 'Splash')
    cd /Users/mario/Library/Developer/Xcode/DerivedData/GitMac-ajzvmgpdmfwzmdcrxkxdwaxrxbzy/SourcePackages/checkouts/Splash
    write-file /Users/mario/Library/Developer/Xcode/DerivedData/GitMac-ajzvmgpdmfwzmdcrxkxdwaxrxbzy/Build/Intermediates.noindex/Splash.build/Debug/Splash.build/Objects-normal/arm64/Splash-OutputFileMap.json

WriteAuxiliaryFile /Users/mario/Library/Developer/Xcode/DerivedData/GitMac-ajzvmgpdmfwzmdcrxkxdwaxrxbzy/Build/Intermediates.noindex/KeychainAccess.build/Debug/KeychainAccess.build/Objects-normal/arm64/KeychainAccess_const_extract_protocols.json (in target 'KeychainAccess' from project 'KeychainAccess')
    cd /Users/mario/Library/Developer/Xcode/DerivedData/GitMac-ajzvmgpdmfwzmdcrxkxdwaxrxbzy/SourcePackages/checkouts/KeychainAccess
    write-file /Users/mario/Library/Developer/Xcode/DerivedData/GitMac-ajzvmgpdmfwzmdcrxkxdwaxrxbzy/Build/Intermediates.noindex/KeychainAccess.build/Debug/KeychainAccess.build/Objects-normal/arm64/KeychainAccess_const_extract_protocols.json

WriteAuxiliaryFile /Users/mario/Library/Developer/Xcode/DerivedData/GitMac-ajzvmgpdmfwzmdcrxkxdwaxrxbzy/Build/Intermediates.noindex/KeychainAccess.build/Debug/KeychainAccess.build/Objects-normal/arm64/KeychainAccess.SwiftFileList (in target 'KeychainAccess' from project 'KeychainAccess')
    cd /Users/mario/Library/Developer/Xcode/DerivedData/GitMac-ajzvmgpdmfwzmdcrxkxdwaxrxbzy/SourcePackages/checkouts/KeychainAccess
    write-file /Users/mario/Library/Developer/Xcode/DerivedData/GitMac-ajzvmgpdmfwzmdcrxkxdwaxrxbzy/Build/Intermediates.noindex/KeychainAccess.build/Debug/KeychainAccess.build/Objects-normal/arm64/KeychainAccess.SwiftFileList

WriteAuxiliaryFile /Users/mario/Library/Developer/Xcode/DerivedData/GitMac-ajzvmgpdmfwzmdcrxkxdwaxrxbzy/Build/Intermediates.noindex/KeychainAccess.build/Debug/KeychainAccess.build/Objects-normal/arm64/KeychainAccess.SwiftConstValuesFileList (in target 'KeychainAccess' from project 'KeychainAccess')
    cd /Users/mario/Library/Developer/Xcode/DerivedData/GitMac-ajzvmgpdmfwzmdcrxkxdwaxrxbzy/SourcePackages/checkouts/KeychainAccess
    write-file /Users/mario/Library/Developer/Xcode/DerivedData/GitMac-ajzvmgpdmfwzmdcrxkxdwaxrxbzy/Build/Intermediates.noindex/KeychainAccess.build/Debug/KeychainAccess.build/Objects-normal/arm64/KeychainAccess.SwiftConstValuesFileList

WriteAuxiliaryFile /Users/mario/Library/Developer/Xcode/DerivedData/GitMac-ajzvmgpdmfwzmdcrxkxdwaxrxbzy/Build/Intermediates.noindex/KeychainAccess.build/Debug/KeychainAccess.build/Objects-normal/arm64/KeychainAccess.LinkFileList (in target 'KeychainAccess' from project 'KeychainAccess')
    cd /Users/mario/Library/Developer/Xcode/DerivedData/GitMac-ajzvmgpdmfwzmdcrxkxdwaxrxbzy/SourcePackages/checkouts/KeychainAccess
    write-file /Users/mario/Library/Developer/Xcode/DerivedData/GitMac-ajzvmgpdmfwzmdcrxkxdwaxrxbzy/Build/Intermediates.noindex/KeychainAccess.build/Debug/KeychainAccess.build/Objects-normal/arm64/KeychainAccess.LinkFileList

Copy /Users/mario/Library/Developer/Xcode/DerivedData/GitMac-ajzvmgpdmfwzmdcrxkxdwaxrxbzy/Build/Intermediates.noindex/GeneratedModuleMaps/Splash.modulemap /Users/mario/Library/Developer/Xcode/DerivedData/GitMac-ajzvmgpdmfwzmdcrxkxdwaxrxbzy/Build/Intermediates.noindex/Splash.build/Debug/Splash.build/Splash.modulemap (in target 'Splash' from project 'Splash')
    cd /Users/mario/Library/Developer/Xcode/DerivedData/GitMac-ajzvmgpdmfwzmdcrxkxdwaxrxbzy/SourcePackages/checkouts/Splash
    builtin-copy -exclude .DS_Store -exclude CVS -exclude .svn -exclude .git -exclude .hg -resolve-src-symlinks /Users/mario/Library/Developer/Xcode/DerivedData/GitMac-ajzvmgpdmfwzmdcrxkxdwaxrxbzy/Build/Intermediates.noindex/Splash.build/Debug/Splash.build/Splash.modulemap /Users/mario/Library/Developer/Xcode/DerivedData/GitMac-ajzvmgpdmfwzmdcrxkxdwaxrxbzy/Build/Intermediates.noindex/GeneratedModuleMaps

WriteAuxiliaryFile /Users/mario/Library/Developer/Xcode/DerivedData/GitMac-ajzvmgpdmfwzmdcrxkxdwaxrxbzy/Build/Intermediates.noindex/KeychainAccess.build/Debug/KeychainAccess.build/Objects-normal/arm64/KeychainAccess-OutputFileMap.json (in target 'KeychainAccess' from project 'KeychainAccess')
    cd /Users/mario/Library/Developer/Xcode/DerivedData/GitMac-ajzvmgpdmfwzmdcrxkxdwaxrxbzy/SourcePackages/checkouts/KeychainAccess
    write-file /Users/mario/Library/Developer/Xcode/DerivedData/GitMac-ajzvmgpdmfwzmdcrxkxdwaxrxbzy/Build/Intermediates.noindex/KeychainAccess.build/Debug/KeychainAccess.build/Objects-normal/arm64/KeychainAccess-OutputFileMap.json

WriteAuxiliaryFile /Users/mario/Library/Developer/Xcode/DerivedData/GitMac-ajzvmgpdmfwzmdcrxkxdwaxrxbzy/Build/Intermediates.noindex/KeychainAccess.build/Debug/KeychainAccess.build/KeychainAccess.modulemap (in target 'KeychainAccess' from project 'KeychainAccess')
    cd /Users/mario/Library/Developer/Xcode/DerivedData/GitMac-ajzvmgpdmfwzmdcrxkxdwaxrxbzy/SourcePackages/checkouts/KeychainAccess
    write-file /Users/mario/Library/Developer/Xcode/DerivedData/GitMac-ajzvmgpdmfwzmdcrxkxdwaxrxbzy/Build/Intermediates.noindex/KeychainAccess.build/Debug/KeychainAccess.build/KeychainAccess.modulemap

WriteAuxiliaryFile /Users/mario/Library/Developer/Xcode/DerivedData/GitMac-ajzvmgpdmfwzmdcrxkxdwaxrxbzy/Build/Intermediates.noindex/KeychainAccess.build/Debug/KeychainAccess.build/KeychainAccess.DependencyStaticMetadataFileList (in target 'KeychainAccess' from project 'KeychainAccess')
    cd /Users/mario/Library/Developer/Xcode/DerivedData/GitMac-ajzvmgpdmfwzmdcrxkxdwaxrxbzy/SourcePackages/checkouts/KeychainAccess
    write-file /Users/mario/Library/Developer/Xcode/DerivedData/GitMac-ajzvmgpdmfwzmdcrxkxdwaxrxbzy/Build/Intermediates.noindex/KeychainAccess.build/Debug/KeychainAccess.build/KeychainAccess.DependencyStaticMetadataFileList

WriteAuxiliaryFile /Users/mario/Library/Developer/Xcode/DerivedData/GitMac-ajzvmgpdmfwzmdcrxkxdwaxrxbzy/Build/Intermediates.noindex/KeychainAccess.build/Debug/KeychainAccess.build/KeychainAccess.DependencyMetadataFileList (in target 'KeychainAccess' from project 'KeychainAccess')
    cd /Users/mario/Library/Developer/Xcode/DerivedData/GitMac-ajzvmgpdmfwzmdcrxkxdwaxrxbzy/SourcePackages/checkouts/KeychainAccess
    write-file /Users/mario/Library/Developer/Xcode/DerivedData/GitMac-ajzvmgpdmfwzmdcrxkxdwaxrxbzy/Build/Intermediates.noindex/KeychainAccess.build/Debug/KeychainAccess.build/KeychainAccess.DependencyMetadataFileList

WriteAuxiliaryFile /Users/mario/Library/Developer/Xcode/DerivedData/GitMac-ajzvmgpdmfwzmdcrxkxdwaxrxbzy/Build/Intermediates.noindex/GitMac.build/Debug/GitMac.build/Objects-normal/arm64/GitMac_const_extract_protocols.json (in target 'GitMac' from project 'GitMac')
    cd /Users/mario/Sites/localhost/GitMac
    write-file /Users/mario/Library/Developer/Xcode/DerivedData/GitMac-ajzvmgpdmfwzmdcrxkxdwaxrxbzy/Build/Intermediates.noindex/GitMac.build/Debug/GitMac.build/Objects-normal/arm64/GitMac_const_extract_protocols.json

WriteAuxiliaryFile /Users/mario/Library/Developer/Xcode/DerivedData/GitMac-ajzvmgpdmfwzmdcrxkxdwaxrxbzy/Build/Intermediates.noindex/GitMac.build/Debug/GitMac.build/Objects-normal/arm64/GitMac.SwiftFileList (in target 'GitMac' from project 'GitMac')
    cd /Users/mario/Sites/localhost/GitMac
    write-file /Users/mario/Library/Developer/Xcode/DerivedData/GitMac-ajzvmgpdmfwzmdcrxkxdwaxrxbzy/Build/Intermediates.noindex/GitMac.build/Debug/GitMac.build/Objects-normal/arm64/GitMac.SwiftFileList

WriteAuxiliaryFile /Users/mario/Library/Developer/Xcode/DerivedData/GitMac-ajzvmgpdmfwzmdcrxkxdwaxrxbzy/Build/Intermediates.noindex/GitMac.build/Debug/GitMac.build/Objects-normal/arm64/GitMac.SwiftConstValuesFileList (in target 'GitMac' from project 'GitMac')
    cd /Users/mario/Sites/localhost/GitMac
    write-file /Users/mario/Library/Developer/Xcode/DerivedData/GitMac-ajzvmgpdmfwzmdcrxkxdwaxrxbzy/Build/Intermediates.noindex/GitMac.build/Debug/GitMac.build/Objects-normal/arm64/GitMac.SwiftConstValuesFileList

WriteAuxiliaryFile /Users/mario/Library/Developer/Xcode/DerivedData/GitMac-ajzvmgpdmfwzmdcrxkxdwaxrxbzy/Build/Intermediates.noindex/GitMac.build/Debug/GitMac.build/Objects-normal/arm64/GitMac.LinkFileList (in target 'GitMac' from project 'GitMac')
    cd /Users/mario/Sites/localhost/GitMac
    write-file /Users/mario/Library/Developer/Xcode/DerivedData/GitMac-ajzvmgpdmfwzmdcrxkxdwaxrxbzy/Build/Intermediates.noindex/GitMac.build/Debug/GitMac.build/Objects-normal/arm64/GitMac.LinkFileList

Copy /Users/mario/Library/Developer/Xcode/DerivedData/GitMac-ajzvmgpdmfwzmdcrxkxdwaxrxbzy/Build/Intermediates.noindex/GeneratedModuleMaps/KeychainAccess.modulemap /Users/mario/Library/Developer/Xcode/DerivedData/GitMac-ajzvmgpdmfwzmdcrxkxdwaxrxbzy/Build/Intermediates.noindex/KeychainAccess.build/Debug/KeychainAccess.build/KeychainAccess.modulemap (in target 'KeychainAccess' from project 'KeychainAccess')
    cd /Users/mario/Library/Developer/Xcode/DerivedData/GitMac-ajzvmgpdmfwzmdcrxkxdwaxrxbzy/SourcePackages/checkouts/KeychainAccess
    builtin-copy -exclude .DS_Store -exclude CVS -exclude .svn -exclude .git -exclude .hg -resolve-src-symlinks /Users/mario/Library/Developer/Xcode/DerivedData/GitMac-ajzvmgpdmfwzmdcrxkxdwaxrxbzy/Build/Intermediates.noindex/KeychainAccess.build/Debug/KeychainAccess.build/KeychainAccess.modulemap /Users/mario/Library/Developer/Xcode/DerivedData/GitMac-ajzvmgpdmfwzmdcrxkxdwaxrxbzy/Build/Intermediates.noindex/GeneratedModuleMaps

WriteAuxiliaryFile /Users/mario/Library/Developer/Xcode/DerivedData/GitMac-ajzvmgpdmfwzmdcrxkxdwaxrxbzy/Build/Intermediates.noindex/GitMac.build/Debug/GitMac.build/Objects-normal/arm64/GitMac-OutputFileMap.json (in target 'GitMac' from project 'GitMac')
    cd /Users/mario/Sites/localhost/GitMac
    write-file /Users/mario/Library/Developer/Xcode/DerivedData/GitMac-ajzvmgpdmfwzmdcrxkxdwaxrxbzy/Build/Intermediates.noindex/GitMac.build/Debug/GitMac.build/Objects-normal/arm64/GitMac-OutputFileMap.json

WriteAuxiliaryFile /Users/mario/Library/Developer/Xcode/DerivedData/GitMac-ajzvmgpdmfwzmdcrxkxdwaxrxbzy/Build/Intermediates.noindex/GitMac.build/Debug/GitMac.build/GitMac.hmap (in target 'GitMac' from project 'GitMac')
    cd /Users/mario/Sites/localhost/GitMac
    write-file /Users/mario/Library/Developer/Xcode/DerivedData/GitMac-ajzvmgpdmfwzmdcrxkxdwaxrxbzy/Build/Intermediates.noindex/GitMac.build/Debug/GitMac.build/GitMac.hmap

WriteAuxiliaryFile /Users/mario/Library/Developer/Xcode/DerivedData/GitMac-ajzvmgpdmfwzmdcrxkxdwaxrxbzy/Build/Intermediates.noindex/GitMac.build/Debug/GitMac.build/GitMac.DependencyStaticMetadataFileList (in target 'GitMac' from project 'GitMac')
    cd /Users/mario/Sites/localhost/GitMac
    write-file /Users/mario/Library/Developer/Xcode/DerivedData/GitMac-ajzvmgpdmfwzmdcrxkxdwaxrxbzy/Build/Intermediates.noindex/GitMac.build/Debug/GitMac.build/GitMac.DependencyStaticMetadataFileList

WriteAuxiliaryFile /Users/mario/Library/Developer/Xcode/DerivedData/GitMac-ajzvmgpdmfwzmdcrxkxdwaxrxbzy/Build/Intermediates.noindex/GitMac.build/Debug/GitMac.build/GitMac.DependencyMetadataFileList (in target 'GitMac' from project 'GitMac')
    cd /Users/mario/Sites/localhost/GitMac
    write-file /Users/mario/Library/Developer/Xcode/DerivedData/GitMac-ajzvmgpdmfwzmdcrxkxdwaxrxbzy/Build/Intermediates.noindex/GitMac.build/Debug/GitMac.build/GitMac.DependencyMetadataFileList

WriteAuxiliaryFile /Users/mario/Library/Developer/Xcode/DerivedData/GitMac-ajzvmgpdmfwzmdcrxkxdwaxrxbzy/Build/Intermediates.noindex/GitMac.build/Debug/GitMac.build/GitMac-project-headers.hmap (in target 'GitMac' from project 'GitMac')
    cd /Users/mario/Sites/localhost/GitMac
    write-file /Users/mario/Library/Developer/Xcode/DerivedData/GitMac-ajzvmgpdmfwzmdcrxkxdwaxrxbzy/Build/Intermediates.noindex/GitMac.build/Debug/GitMac.build/GitMac-project-headers.hmap

WriteAuxiliaryFile /Users/mario/Library/Developer/Xcode/DerivedData/GitMac-ajzvmgpdmfwzmdcrxkxdwaxrxbzy/Build/Intermediates.noindex/GitMac.build/Debug/GitMac.build/GitMac-own-target-headers.hmap (in target 'GitMac' from project 'GitMac')
    cd /Users/mario/Sites/localhost/GitMac
    write-file /Users/mario/Library/Developer/Xcode/DerivedData/GitMac-ajzvmgpdmfwzmdcrxkxdwaxrxbzy/Build/Intermediates.noindex/GitMac.build/Debug/GitMac.build/GitMac-own-target-headers.hmap

WriteAuxiliaryFile /Users/mario/Library/Developer/Xcode/DerivedData/GitMac-ajzvmgpdmfwzmdcrxkxdwaxrxbzy/Build/Intermediates.noindex/GitMac.build/Debug/GitMac.build/GitMac-generated-files.hmap (in target 'GitMac' from project 'GitMac')
    cd /Users/mario/Sites/localhost/GitMac
    write-file /Users/mario/Library/Developer/Xcode/DerivedData/GitMac-ajzvmgpdmfwzmdcrxkxdwaxrxbzy/Build/Intermediates.noindex/GitMac.build/Debug/GitMac.build/GitMac-generated-files.hmap

WriteAuxiliaryFile /Users/mario/Library/Developer/Xcode/DerivedData/GitMac-ajzvmgpdmfwzmdcrxkxdwaxrxbzy/Build/Intermediates.noindex/GitMac.build/Debug/GitMac.build/GitMac-all-target-headers.hmap (in target 'GitMac' from project 'GitMac')
    cd /Users/mario/Sites/localhost/GitMac
    write-file /Users/mario/Library/Developer/Xcode/DerivedData/GitMac-ajzvmgpdmfwzmdcrxkxdwaxrxbzy/Build/Intermediates.noindex/GitMac.build/Debug/GitMac.build/GitMac-all-target-headers.hmap

WriteAuxiliaryFile /Users/mario/Library/Developer/Xcode/DerivedData/GitMac-ajzvmgpdmfwzmdcrxkxdwaxrxbzy/Build/Intermediates.noindex/GitMac.build/Debug/GitMac.build/GitMac-all-non-framework-target-headers.hmap (in target 'GitMac' from project 'GitMac')
    cd /Users/mario/Sites/localhost/GitMac
    write-file /Users/mario/Library/Developer/Xcode/DerivedData/GitMac-ajzvmgpdmfwzmdcrxkxdwaxrxbzy/Build/Intermediates.noindex/GitMac.build/Debug/GitMac.build/GitMac-all-non-framework-target-headers.hmap

WriteAuxiliaryFile /Users/mario/Library/Developer/Xcode/DerivedData/GitMac-ajzvmgpdmfwzmdcrxkxdwaxrxbzy/Build/Intermediates.noindex/GitMac.build/Debug/GitMac.build/GitMac-DebugDylibPath-normal-arm64.txt (in target 'GitMac' from project 'GitMac')
    cd /Users/mario/Sites/localhost/GitMac
    write-file /Users/mario/Library/Developer/Xcode/DerivedData/GitMac-ajzvmgpdmfwzmdcrxkxdwaxrxbzy/Build/Intermediates.noindex/GitMac.build/Debug/GitMac.build/GitMac-DebugDylibPath-normal-arm64.txt

WriteAuxiliaryFile /Users/mario/Library/Developer/Xcode/DerivedData/GitMac-ajzvmgpdmfwzmdcrxkxdwaxrxbzy/Build/Intermediates.noindex/GitMac.build/Debug/GitMac.build/GitMac-DebugDylibInstallName-normal-arm64.txt (in target 'GitMac' from project 'GitMac')
    cd /Users/mario/Sites/localhost/GitMac
    write-file /Users/mario/Library/Developer/Xcode/DerivedData/GitMac-ajzvmgpdmfwzmdcrxkxdwaxrxbzy/Build/Intermediates.noindex/GitMac.build/Debug/GitMac.build/GitMac-DebugDylibInstallName-normal-arm64.txt

WriteAuxiliaryFile /Users/mario/Library/Developer/Xcode/DerivedData/GitMac-ajzvmgpdmfwzmdcrxkxdwaxrxbzy/Build/Intermediates.noindex/GitMac.build/Debug/GitMac.build/DerivedSources/Entitlements.plist (in target 'GitMac' from project 'GitMac')
    cd /Users/mario/Sites/localhost/GitMac
    write-file /Users/mario/Library/Developer/Xcode/DerivedData/GitMac-ajzvmgpdmfwzmdcrxkxdwaxrxbzy/Build/Intermediates.noindex/GitMac.build/Debug/GitMac.build/DerivedSources/Entitlements.plist

WriteAuxiliaryFile /Users/mario/Library/Developer/Xcode/DerivedData/GitMac-ajzvmgpdmfwzmdcrxkxdwaxrxbzy/Build/Intermediates.noindex/DifferenceKit.build/Debug/DifferenceKit.build/Objects-normal/arm64/DifferenceKit_const_extract_protocols.json (in target 'DifferenceKit' from project 'DifferenceKit')
    cd /Users/mario/Library/Developer/Xcode/DerivedData/GitMac-ajzvmgpdmfwzmdcrxkxdwaxrxbzy/SourcePackages/checkouts/DifferenceKit
    write-file /Users/mario/Library/Developer/Xcode/DerivedData/GitMac-ajzvmgpdmfwzmdcrxkxdwaxrxbzy/Build/Intermediates.noindex/DifferenceKit.build/Debug/DifferenceKit.build/Objects-normal/arm64/DifferenceKit_const_extract_protocols.json

WriteAuxiliaryFile /Users/mario/Library/Developer/Xcode/DerivedData/GitMac-ajzvmgpdmfwzmdcrxkxdwaxrxbzy/Build/Intermediates.noindex/DifferenceKit.build/Debug/DifferenceKit.build/Objects-normal/arm64/DifferenceKit.SwiftFileList (in target 'DifferenceKit' from project 'DifferenceKit')
    cd /Users/mario/Library/Developer/Xcode/DerivedData/GitMac-ajzvmgpdmfwzmdcrxkxdwaxrxbzy/SourcePackages/checkouts/DifferenceKit
    write-file /Users/mario/Library/Developer/Xcode/DerivedData/GitMac-ajzvmgpdmfwzmdcrxkxdwaxrxbzy/Build/Intermediates.noindex/DifferenceKit.build/Debug/DifferenceKit.build/Objects-normal/arm64/DifferenceKit.SwiftFileList

WriteAuxiliaryFile /Users/mario/Library/Developer/Xcode/DerivedData/GitMac-ajzvmgpdmfwzmdcrxkxdwaxrxbzy/Build/Intermediates.noindex/DifferenceKit.build/Debug/DifferenceKit.build/Objects-normal/arm64/DifferenceKit.SwiftConstValuesFileList (in target 'DifferenceKit' from project 'DifferenceKit')
    cd /Users/mario/Library/Developer/Xcode/DerivedData/GitMac-ajzvmgpdmfwzmdcrxkxdwaxrxbzy/SourcePackages/checkouts/DifferenceKit
    write-file /Users/mario/Library/Developer/Xcode/DerivedData/GitMac-ajzvmgpdmfwzmdcrxkxdwaxrxbzy/Build/Intermediates.noindex/DifferenceKit.build/Debug/DifferenceKit.build/Objects-normal/arm64/DifferenceKit.SwiftConstValuesFileList

WriteAuxiliaryFile /Users/mario/Library/Developer/Xcode/DerivedData/GitMac-ajzvmgpdmfwzmdcrxkxdwaxrxbzy/Build/Intermediates.noindex/DifferenceKit.build/Debug/DifferenceKit.build/Objects-normal/arm64/DifferenceKit.LinkFileList (in target 'DifferenceKit' from project 'DifferenceKit')
    cd /Users/mario/Library/Developer/Xcode/DerivedData/GitMac-ajzvmgpdmfwzmdcrxkxdwaxrxbzy/SourcePackages/checkouts/DifferenceKit
    write-file /Users/mario/Library/Developer/Xcode/DerivedData/GitMac-ajzvmgpdmfwzmdcrxkxdwaxrxbzy/Build/Intermediates.noindex/DifferenceKit.build/Debug/DifferenceKit.build/Objects-normal/arm64/DifferenceKit.LinkFileList

WriteAuxiliaryFile /Users/mario/Library/Developer/Xcode/DerivedData/GitMac-ajzvmgpdmfwzmdcrxkxdwaxrxbzy/Build/Intermediates.noindex/DifferenceKit.build/Debug/DifferenceKit.build/Objects-normal/arm64/DifferenceKit-OutputFileMap.json (in target 'DifferenceKit' from project 'DifferenceKit')
    cd /Users/mario/Library/Developer/Xcode/DerivedData/GitMac-ajzvmgpdmfwzmdcrxkxdwaxrxbzy/SourcePackages/checkouts/DifferenceKit
    write-file /Users/mario/Library/Developer/Xcode/DerivedData/GitMac-ajzvmgpdmfwzmdcrxkxdwaxrxbzy/Build/Intermediates.noindex/DifferenceKit.build/Debug/DifferenceKit.build/Objects-normal/arm64/DifferenceKit-OutputFileMap.json

WriteAuxiliaryFile /Users/mario/Library/Developer/Xcode/DerivedData/GitMac-ajzvmgpdmfwzmdcrxkxdwaxrxbzy/Build/Intermediates.noindex/DifferenceKit.build/Debug/DifferenceKit.build/DifferenceKit.modulemap (in target 'DifferenceKit' from project 'DifferenceKit')
    cd /Users/mario/Library/Developer/Xcode/DerivedData/GitMac-ajzvmgpdmfwzmdcrxkxdwaxrxbzy/SourcePackages/checkouts/DifferenceKit
    write-file /Users/mario/Library/Developer/Xcode/DerivedData/GitMac-ajzvmgpdmfwzmdcrxkxdwaxrxbzy/Build/Intermediates.noindex/DifferenceKit.build/Debug/DifferenceKit.build/DifferenceKit.modulemap

WriteAuxiliaryFile /Users/mario/Library/Developer/Xcode/DerivedData/GitMac-ajzvmgpdmfwzmdcrxkxdwaxrxbzy/Build/Intermediates.noindex/DifferenceKit.build/Debug/DifferenceKit.build/DifferenceKit.DependencyStaticMetadataFileList (in target 'DifferenceKit' from project 'DifferenceKit')
    cd /Users/mario/Library/Developer/Xcode/DerivedData/GitMac-ajzvmgpdmfwzmdcrxkxdwaxrxbzy/SourcePackages/checkouts/DifferenceKit
    write-file /Users/mario/Library/Developer/Xcode/DerivedData/GitMac-ajzvmgpdmfwzmdcrxkxdwaxrxbzy/Build/Intermediates.noindex/DifferenceKit.build/Debug/DifferenceKit.build/DifferenceKit.DependencyStaticMetadataFileList

WriteAuxiliaryFile /Users/mario/Library/Developer/Xcode/DerivedData/GitMac-ajzvmgpdmfwzmdcrxkxdwaxrxbzy/Build/Intermediates.noindex/DifferenceKit.build/Debug/DifferenceKit.build/DifferenceKit.DependencyMetadataFileList (in target 'DifferenceKit' from project 'DifferenceKit')
    cd /Users/mario/Library/Developer/Xcode/DerivedData/GitMac-ajzvmgpdmfwzmdcrxkxdwaxrxbzy/SourcePackages/checkouts/DifferenceKit
    write-file /Users/mario/Library/Developer/Xcode/DerivedData/GitMac-ajzvmgpdmfwzmdcrxkxdwaxrxbzy/Build/Intermediates.noindex/DifferenceKit.build/Debug/DifferenceKit.build/DifferenceKit.DependencyMetadataFileList

Copy /Users/mario/Library/Developer/Xcode/DerivedData/GitMac-ajzvmgpdmfwzmdcrxkxdwaxrxbzy/Build/Intermediates.noindex/GeneratedModuleMaps/DifferenceKit.modulemap /Users/mario/Library/Developer/Xcode/DerivedData/GitMac-ajzvmgpdmfwzmdcrxkxdwaxrxbzy/Build/Intermediates.noindex/DifferenceKit.build/Debug/DifferenceKit.build/DifferenceKit.modulemap (in target 'DifferenceKit' from project 'DifferenceKit')
    cd /Users/mario/Library/Developer/Xcode/DerivedData/GitMac-ajzvmgpdmfwzmdcrxkxdwaxrxbzy/SourcePackages/checkouts/DifferenceKit
    builtin-copy -exclude .DS_Store -exclude CVS -exclude .svn -exclude .git -exclude .hg -resolve-src-symlinks /Users/mario/Library/Developer/Xcode/DerivedData/GitMac-ajzvmgpdmfwzmdcrxkxdwaxrxbzy/Build/Intermediates.noindex/DifferenceKit.build/Debug/DifferenceKit.build/DifferenceKit.modulemap /Users/mario/Library/Developer/Xcode/DerivedData/GitMac-ajzvmgpdmfwzmdcrxkxdwaxrxbzy/Build/Intermediates.noindex/GeneratedModuleMaps

MkDir /Users/mario/Library/Developer/Xcode/DerivedData/GitMac-ajzvmgpdmfwzmdcrxkxdwaxrxbzy/Build/Products/Debug/GitMac.app/Contents/Resources (in target 'GitMac' from project 'GitMac')
    cd /Users/mario/Sites/localhost/GitMac
    /bin/mkdir -p /Users/mario/Library/Developer/Xcode/DerivedData/GitMac-ajzvmgpdmfwzmdcrxkxdwaxrxbzy/Build/Products/Debug/GitMac.app/Contents/Resources

MkDir /Users/mario/Library/Developer/Xcode/DerivedData/GitMac-ajzvmgpdmfwzmdcrxkxdwaxrxbzy/Build/Products/Debug/GitMac.app/Contents/MacOS (in target 'GitMac' from project 'GitMac')
    cd /Users/mario/Sites/localhost/GitMac
    /bin/mkdir -p /Users/mario/Library/Developer/Xcode/DerivedData/GitMac-ajzvmgpdmfwzmdcrxkxdwaxrxbzy/Build/Products/Debug/GitMac.app/Contents/MacOS

MkDir /Users/mario/Library/Developer/Xcode/DerivedData/GitMac-ajzvmgpdmfwzmdcrxkxdwaxrxbzy/Build/Products/Debug/GitMac.app/Contents (in target 'GitMac' from project 'GitMac')
    cd /Users/mario/Sites/localhost/GitMac
    /bin/mkdir -p /Users/mario/Library/Developer/Xcode/DerivedData/GitMac-ajzvmgpdmfwzmdcrxkxdwaxrxbzy/Build/Products/Debug/GitMac.app/Contents

MkDir /Users/mario/Library/Developer/Xcode/DerivedData/GitMac-ajzvmgpdmfwzmdcrxkxdwaxrxbzy/Build/Products/Debug/GitMac.app (in target 'GitMac' from project 'GitMac')
    cd /Users/mario/Sites/localhost/GitMac
    /bin/mkdir -p /Users/mario/Library/Developer/Xcode/DerivedData/GitMac-ajzvmgpdmfwzmdcrxkxdwaxrxbzy/Build/Products/Debug/GitMac.app

SwiftDriver DifferenceKit normal arm64 com.apple.xcode.tools.swift.compiler (in target 'DifferenceKit' from project 'DifferenceKit')
    cd /Users/mario/Sites/localhost/GitMac/GitMac.xcodeproj
    builtin-SwiftDriver -- /Applications/Xcode.app/Contents/Developer/Toolchains/XcodeDefault.xctoolchain/usr/bin/swiftc -module-name DifferenceKit -Onone -enforce-exclusivity\=checked @/Users/mario/Library/Developer/Xcode/DerivedData/GitMac-ajzvmgpdmfwzmdcrxkxdwaxrxbzy/Build/Intermediates.noindex/DifferenceKit.build/Debug/DifferenceKit.build/Objects-normal/arm64/DifferenceKit.SwiftFileList -DSWIFT_PACKAGE -DDEBUG -DSWIFT_MODULE_RESOURCE_BUNDLE_UNAVAILABLE -DXcode -plugin-path /Applications/Xcode.app/Contents/Developer/Toolchains/XcodeDefault.xctoolchain/usr/lib/swift/host/plugins/testing -enable-experimental-feature DebugDescriptionMacro -sdk /Applications/Xcode.app/Contents/Developer/Platforms/MacOSX.platform/Developer/SDKs/MacOSX26.2.sdk -target arm64-apple-macos10.13 -g -module-cache-path /Users/mario/Library/Developer/Xcode/DerivedData/ModuleCache.noindex -Xfrontend -serialize-debugging-options -enable-testing -suppress-warnings -index-store-path /Users/mario/Library/Developer/Xcode/DerivedData/GitMac-ajzvmgpdmfwzmdcrxkxdwaxrxbzy/Index.noindex/DataStore -Xcc -D_LIBCPP_HARDENING_MODE\=_LIBCPP_HARDENING_MODE_DEBUG -swift-version 5 -I /Users/mario/Library/Developer/Xcode/DerivedData/GitMac-ajzvmgpdmfwzmdcrxkxdwaxrxbzy/Build/Products/Debug -Isystem /Applications/Xcode.app/Contents/Developer/Platforms/MacOSX.platform/Developer/usr/lib -F /Users/mario/Library/Developer/Xcode/DerivedData/GitMac-ajzvmgpdmfwzmdcrxkxdwaxrxbzy/Build/Products/Debug -F /Applications/Xcode.app/Contents/Developer/Platforms/MacOSX.platform/Developer/Library/Frameworks -c -j8 -enable-batch-mode -incremental -Xcc -ivfsstatcache -Xcc /Users/mario/Library/Developer/Xcode/DerivedData/SDKStatCaches.noindex/macosx26.2-25C57-3885c01c3e6b6a337905948deab2002e00fa09913b459cbbc988d1f6730289ae.sdkstatcache -output-file-map /Users/mario/Library/Developer/Xcode/DerivedData/GitMac-ajzvmgpdmfwzmdcrxkxdwaxrxbzy/Build/Intermediates.noindex/DifferenceKit.build/Debug/DifferenceKit.build/Objects-normal/arm64/DifferenceKit-OutputFileMap.json -use-frontend-parseable-output -save-temps -no-color-diagnostics -explicit-module-build -module-cache-path /Users/mario/Library/Developer/Xcode/DerivedData/GitMac-ajzvmgpdmfwzmdcrxkxdwaxrxbzy/Build/Intermediates.noindex/SwiftExplicitPrecompiledModules -clang-scanner-module-cache-path /Users/mario/Library/Developer/Xcode/DerivedData/ModuleCache.noindex -sdk-module-cache-path /Users/mario/Library/Developer/Xcode/DerivedData/ModuleCache.noindex -serialize-diagnostics -emit-dependencies -emit-module -emit-module-path /Users/mario/Library/Developer/Xcode/DerivedData/GitMac-ajzvmgpdmfwzmdcrxkxdwaxrxbzy/Build/Intermediates.noindex/DifferenceKit.build/Debug/DifferenceKit.build/Objects-normal/arm64/DifferenceKit.swiftmodule -validate-clang-modules-once -clang-build-session-file /Users/mario/Library/Developer/Xcode/DerivedData/ModuleCache.noindex/Session.modulevalidation -Xcc -I/Users/mario/Library/Developer/Xcode/DerivedData/GitMac-ajzvmgpdmfwzmdcrxkxdwaxrxbzy/Build/Intermediates.noindex/DifferenceKit.build/Debug/DifferenceKit.build/swift-overrides.hmap -emit-const-values -Xfrontend -const-gather-protocols-file -Xfrontend /Users/mario/Library/Developer/Xcode/DerivedData/GitMac-ajzvmgpdmfwzmdcrxkxdwaxrxbzy/Build/Intermediates.noindex/DifferenceKit.build/Debug/DifferenceKit.build/Objects-normal/arm64/DifferenceKit_const_extract_protocols.json -Xcc -I/Users/mario/Library/Developer/Xcode/DerivedData/GitMac-ajzvmgpdmfwzmdcrxkxdwaxrxbzy/Build/Products/Debug/include -Xcc -I/Users/mario/Library/Developer/Xcode/DerivedData/GitMac-ajzvmgpdmfwzmdcrxkxdwaxrxbzy/Build/Intermediates.noindex/DifferenceKit.build/Debug/DifferenceKit.build/DerivedSources-normal/arm64 -Xcc -I/Users/mario/Library/Developer/Xcode/DerivedData/GitMac-ajzvmgpdmfwzmdcrxkxdwaxrxbzy/Build/Intermediates.noindex/DifferenceKit.build/Debug/DifferenceKit.build/DerivedSources/arm64 -Xcc -I/Users/mario/Library/Developer/Xcode/DerivedData/GitMac-ajzvmgpdmfwzmdcrxkxdwaxrxbzy/Build/Intermediates.noindex/DifferenceKit.build/Debug/DifferenceKit.build/DerivedSources -Xcc -DSWIFT_PACKAGE -Xcc -DDEBUG\=1 -emit-objc-header -emit-objc-header-path /Users/mario/Library/Developer/Xcode/DerivedData/GitMac-ajzvmgpdmfwzmdcrxkxdwaxrxbzy/Build/Intermediates.noindex/DifferenceKit.build/Debug/DifferenceKit.build/Objects-normal/arm64/DifferenceKit-Swift.h -working-directory /Users/mario/Sites/localhost/GitMac/GitMac.xcodeproj -experimental-emit-module-separately -disable-cmo

SwiftDriver Splash normal arm64 com.apple.xcode.tools.swift.compiler (in target 'Splash' from project 'Splash')
    cd /Users/mario/Sites/localhost/GitMac/GitMac.xcodeproj
    builtin-SwiftDriver -- /Applications/Xcode.app/Contents/Developer/Toolchains/XcodeDefault.xctoolchain/usr/bin/swiftc -module-name Splash -Onone -enforce-exclusivity\=checked @/Users/mario/Library/Developer/Xcode/DerivedData/GitMac-ajzvmgpdmfwzmdcrxkxdwaxrxbzy/Build/Intermediates.noindex/Splash.build/Debug/Splash.build/Objects-normal/arm64/Splash.SwiftFileList -DSWIFT_PACKAGE -DDEBUG -DSWIFT_MODULE_RESOURCE_BUNDLE_UNAVAILABLE -DXcode -plugin-path /Applications/Xcode.app/Contents/Developer/Toolchains/XcodeDefault.xctoolchain/usr/lib/swift/host/plugins/testing -enable-experimental-feature DebugDescriptionMacro -sdk /Applications/Xcode.app/Contents/Developer/Platforms/MacOSX.platform/Developer/SDKs/MacOSX26.2.sdk -target arm64-apple-macos10.13 -g -module-cache-path /Users/mario/Library/Developer/Xcode/DerivedData/ModuleCache.noindex -Xfrontend -serialize-debugging-options -enable-testing -suppress-warnings -index-store-path /Users/mario/Library/Developer/Xcode/DerivedData/GitMac-ajzvmgpdmfwzmdcrxkxdwaxrxbzy/Index.noindex/DataStore -Xcc -D_LIBCPP_HARDENING_MODE\=_LIBCPP_HARDENING_MODE_DEBUG -swift-version 5 -I /Users/mario/Library/Developer/Xcode/DerivedData/GitMac-ajzvmgpdmfwzmdcrxkxdwaxrxbzy/Build/Products/Debug -Isystem /Applications/Xcode.app/Contents/Developer/Platforms/MacOSX.platform/Developer/usr/lib -F /Users/mario/Library/Developer/Xcode/DerivedData/GitMac-ajzvmgpdmfwzmdcrxkxdwaxrxbzy/Build/Products/Debug -F /Applications/Xcode.app/Contents/Developer/Platforms/MacOSX.platform/Developer/Library/Frameworks -c -j8 -enable-batch-mode -incremental -Xcc -ivfsstatcache -Xcc /Users/mario/Library/Developer/Xcode/DerivedData/SDKStatCaches.noindex/macosx26.2-25C57-3885c01c3e6b6a337905948deab2002e00fa09913b459cbbc988d1f6730289ae.sdkstatcache -output-file-map /Users/mario/Library/Developer/Xcode/DerivedData/GitMac-ajzvmgpdmfwzmdcrxkxdwaxrxbzy/Build/Intermediates.noindex/Splash.build/Debug/Splash.build/Objects-normal/arm64/Splash-OutputFileMap.json -use-frontend-parseable-output -save-temps -no-color-diagnostics -explicit-module-build -module-cache-path /Users/mario/Library/Developer/Xcode/DerivedData/GitMac-ajzvmgpdmfwzmdcrxkxdwaxrxbzy/Build/Intermediates.noindex/SwiftExplicitPrecompiledModules -clang-scanner-module-cache-path /Users/mario/Library/Developer/Xcode/DerivedData/ModuleCache.noindex -sdk-module-cache-path /Users/mario/Library/Developer/Xcode/DerivedData/ModuleCache.noindex -serialize-diagnostics -emit-dependencies -emit-module -emit-module-path /Users/mario/Library/Developer/Xcode/DerivedData/GitMac-ajzvmgpdmfwzmdcrxkxdwaxrxbzy/Build/Intermediates.noindex/Splash.build/Debug/Splash.build/Objects-normal/arm64/Splash.swiftmodule -validate-clang-modules-once -clang-build-session-file /Users/mario/Library/Developer/Xcode/DerivedData/ModuleCache.noindex/Session.modulevalidation -Xcc -I/Users/mario/Library/Developer/Xcode/DerivedData/GitMac-ajzvmgpdmfwzmdcrxkxdwaxrxbzy/Build/Intermediates.noindex/Splash.build/Debug/Splash.build/swift-overrides.hmap -emit-const-values -Xfrontend -const-gather-protocols-file -Xfrontend /Users/mario/Library/Developer/Xcode/DerivedData/GitMac-ajzvmgpdmfwzmdcrxkxdwaxrxbzy/Build/Intermediates.noindex/Splash.build/Debug/Splash.build/Objects-normal/arm64/Splash_const_extract_protocols.json -Xcc -I/Users/mario/Library/Developer/Xcode/DerivedData/GitMac-ajzvmgpdmfwzmdcrxkxdwaxrxbzy/Build/Products/Debug/include -Xcc -I/Users/mario/Library/Developer/Xcode/DerivedData/GitMac-ajzvmgpdmfwzmdcrxkxdwaxrxbzy/Build/Intermediates.noindex/Splash.build/Debug/Splash.build/DerivedSources-normal/arm64 -Xcc -I/Users/mario/Library/Developer/Xcode/DerivedData/GitMac-ajzvmgpdmfwzmdcrxkxdwaxrxbzy/Build/Intermediates.noindex/Splash.build/Debug/Splash.build/DerivedSources/arm64 -Xcc -I/Users/mario/Library/Developer/Xcode/DerivedData/GitMac-ajzvmgpdmfwzmdcrxkxdwaxrxbzy/Build/Intermediates.noindex/Splash.build/Debug/Splash.build/DerivedSources -Xcc -DSWIFT_PACKAGE -Xcc -DDEBUG\=1 -emit-objc-header -emit-objc-header-path /Users/mario/Library/Developer/Xcode/DerivedData/GitMac-ajzvmgpdmfwzmdcrxkxdwaxrxbzy/Build/Intermediates.noindex/Splash.build/Debug/Splash.build/Objects-normal/arm64/Splash-Swift.h -working-directory /Users/mario/Sites/localhost/GitMac/GitMac.xcodeproj -experimental-emit-module-separately -disable-cmo

SwiftDriver KeychainAccess normal arm64 com.apple.xcode.tools.swift.compiler (in target 'KeychainAccess' from project 'KeychainAccess')
    cd /Users/mario/Sites/localhost/GitMac/GitMac.xcodeproj
    builtin-SwiftDriver -- /Applications/Xcode.app/Contents/Developer/Toolchains/XcodeDefault.xctoolchain/usr/bin/swiftc -module-name KeychainAccess -Onone -enforce-exclusivity\=checked @/Users/mario/Library/Developer/Xcode/DerivedData/GitMac-ajzvmgpdmfwzmdcrxkxdwaxrxbzy/Build/Intermediates.noindex/KeychainAccess.build/Debug/KeychainAccess.build/Objects-normal/arm64/KeychainAccess.SwiftFileList -DSWIFT_PACKAGE -DDEBUG -DSWIFT_MODULE_RESOURCE_BUNDLE_UNAVAILABLE -DXcode -plugin-path /Applications/Xcode.app/Contents/Developer/Toolchains/XcodeDefault.xctoolchain/usr/lib/swift/host/plugins/testing -enable-experimental-feature DebugDescriptionMacro -sdk /Applications/Xcode.app/Contents/Developer/Platforms/MacOSX.platform/Developer/SDKs/MacOSX26.2.sdk -target arm64-apple-macos10.13 -g -module-cache-path /Users/mario/Library/Developer/Xcode/DerivedData/ModuleCache.noindex -Xfrontend -serialize-debugging-options -enable-testing -suppress-warnings -index-store-path /Users/mario/Library/Developer/Xcode/DerivedData/GitMac-ajzvmgpdmfwzmdcrxkxdwaxrxbzy/Index.noindex/DataStore -Xcc -D_LIBCPP_HARDENING_MODE\=_LIBCPP_HARDENING_MODE_DEBUG -swift-version 5 -I /Users/mario/Library/Developer/Xcode/DerivedData/GitMac-ajzvmgpdmfwzmdcrxkxdwaxrxbzy/Build/Products/Debug -Isystem /Applications/Xcode.app/Contents/Developer/Platforms/MacOSX.platform/Developer/usr/lib -F /Users/mario/Library/Developer/Xcode/DerivedData/GitMac-ajzvmgpdmfwzmdcrxkxdwaxrxbzy/Build/Products/Debug -F /Applications/Xcode.app/Contents/Developer/Platforms/MacOSX.platform/Developer/Library/Frameworks -parse-as-library -c -j8 -enable-batch-mode -incremental -Xcc -ivfsstatcache -Xcc /Users/mario/Library/Developer/Xcode/DerivedData/SDKStatCaches.noindex/macosx26.2-25C57-3885c01c3e6b6a337905948deab2002e00fa09913b459cbbc988d1f6730289ae.sdkstatcache -output-file-map /Users/mario/Library/Developer/Xcode/DerivedData/GitMac-ajzvmgpdmfwzmdcrxkxdwaxrxbzy/Build/Intermediates.noindex/KeychainAccess.build/Debug/KeychainAccess.build/Objects-normal/arm64/KeychainAccess-OutputFileMap.json -use-frontend-parseable-output -save-temps -no-color-diagnostics -explicit-module-build -module-cache-path /Users/mario/Library/Developer/Xcode/DerivedData/GitMac-ajzvmgpdmfwzmdcrxkxdwaxrxbzy/Build/Intermediates.noindex/SwiftExplicitPrecompiledModules -clang-scanner-module-cache-path /Users/mario/Library/Developer/Xcode/DerivedData/ModuleCache.noindex -sdk-module-cache-path /Users/mario/Library/Developer/Xcode/DerivedData/ModuleCache.noindex -serialize-diagnostics -emit-dependencies -emit-module -emit-module-path /Users/mario/Library/Developer/Xcode/DerivedData/GitMac-ajzvmgpdmfwzmdcrxkxdwaxrxbzy/Build/Intermediates.noindex/KeychainAccess.build/Debug/KeychainAccess.build/Objects-normal/arm64/KeychainAccess.swiftmodule -validate-clang-modules-once -clang-build-session-file /Users/mario/Library/Developer/Xcode/DerivedData/ModuleCache.noindex/Session.modulevalidation -Xcc -I/Users/mario/Library/Developer/Xcode/DerivedData/GitMac-ajzvmgpdmfwzmdcrxkxdwaxrxbzy/Build/Intermediates.noindex/KeychainAccess.build/Debug/KeychainAccess.build/swift-overrides.hmap -emit-const-values -Xfrontend -const-gather-protocols-file -Xfrontend /Users/mario/Library/Developer/Xcode/DerivedData/GitMac-ajzvmgpdmfwzmdcrxkxdwaxrxbzy/Build/Intermediates.noindex/KeychainAccess.build/Debug/KeychainAccess.build/Objects-normal/arm64/KeychainAccess_const_extract_protocols.json -Xcc -I/Users/mario/Library/Developer/Xcode/DerivedData/GitMac-ajzvmgpdmfwzmdcrxkxdwaxrxbzy/Build/Products/Debug/include -Xcc -I/Users/mario/Library/Developer/Xcode/DerivedData/GitMac-ajzvmgpdmfwzmdcrxkxdwaxrxbzy/Build/Intermediates.noindex/KeychainAccess.build/Debug/KeychainAccess.build/DerivedSources-normal/arm64 -Xcc -I/Users/mario/Library/Developer/Xcode/DerivedData/GitMac-ajzvmgpdmfwzmdcrxkxdwaxrxbzy/Build/Intermediates.noindex/KeychainAccess.build/Debug/KeychainAccess.build/DerivedSources/arm64 -Xcc -I/Users/mario/Library/Developer/Xcode/DerivedData/GitMac-ajzvmgpdmfwzmdcrxkxdwaxrxbzy/Build/Intermediates.noindex/KeychainAccess.build/Debug/KeychainAccess.build/DerivedSources -Xcc -DSWIFT_PACKAGE -Xcc -DDEBUG\=1 -emit-objc-header -emit-objc-header-path /Users/mario/Library/Developer/Xcode/DerivedData/GitMac-ajzvmgpdmfwzmdcrxkxdwaxrxbzy/Build/Intermediates.noindex/KeychainAccess.build/Debug/KeychainAccess.build/Objects-normal/arm64/KeychainAccess-Swift.h -working-directory /Users/mario/Sites/localhost/GitMac/GitMac.xcodeproj -experimental-emit-module-separately -disable-cmo

SwiftEmitModule normal arm64 Emitting\ module\ for\ KeychainAccess (in target 'KeychainAccess' from project 'KeychainAccess')
SwiftCompile normal arm64 /Users/mario/Library/Developer/Xcode/DerivedData/GitMac-ajzvmgpdmfwzmdcrxkxdwaxrxbzy/SourcePackages/checkouts/KeychainAccess/Lib/KeychainAccess/Keychain.swift (in target 'KeychainAccess' from project 'KeychainAccess')
    cd /Users/mario/Sites/localhost/GitMac/GitMac.xcodeproj
    

SwiftCompile normal arm64 Compiling\ Keychain.swift /Users/mario/Library/Developer/Xcode/DerivedData/GitMac-ajzvmgpdmfwzmdcrxkxdwaxrxbzy/SourcePackages/checkouts/KeychainAccess/Lib/KeychainAccess/Keychain.swift (in target 'KeychainAccess' from project 'KeychainAccess')
SwiftCompile normal arm64 /Users/mario/Library/Developer/Xcode/DerivedData/GitMac-ajzvmgpdmfwzmdcrxkxdwaxrxbzy/SourcePackages/checkouts/KeychainAccess/Lib/KeychainAccess/Keychain.swift (in target 'KeychainAccess' from project 'KeychainAccess')
    cd /Users/mario/Sites/localhost/GitMac/GitMac.xcodeproj
    

SwiftEmitModule normal arm64 Emitting\ module\ for\ DifferenceKit (in target 'DifferenceKit' from project 'DifferenceKit')

EmitSwiftModule normal arm64 (in target 'DifferenceKit' from project 'DifferenceKit')
    cd /Users/mario/Sites/localhost/GitMac/GitMac.xcodeproj
    

SwiftCompile normal arm64 Compiling\ Algorithm.swift,\ AnyDifferentiable.swift /Users/mario/Library/Developer/Xcode/DerivedData/GitMac-ajzvmgpdmfwzmdcrxkxdwaxrxbzy/SourcePackages/checkouts/DifferenceKit/Sources/Algorithm.swift /Users/mario/Library/Developer/Xcode/DerivedData/GitMac-ajzvmgpdmfwzmdcrxkxdwaxrxbzy/SourcePackages/checkouts/DifferenceKit/Sources/AnyDifferentiable.swift (in target 'DifferenceKit' from project 'DifferenceKit')

SwiftCompile normal arm64 /Users/mario/Library/Developer/Xcode/DerivedData/GitMac-ajzvmgpdmfwzmdcrxkxdwaxrxbzy/SourcePackages/checkouts/DifferenceKit/Sources/Algorithm.swift (in target 'DifferenceKit' from project 'DifferenceKit')
    cd /Users/mario/Sites/localhost/GitMac/GitMac.xcodeproj
    

SwiftCompile normal arm64 /Users/mario/Library/Developer/Xcode/DerivedData/GitMac-ajzvmgpdmfwzmdcrxkxdwaxrxbzy/SourcePackages/checkouts/DifferenceKit/Sources/AnyDifferentiable.swift (in target 'DifferenceKit' from project 'DifferenceKit')
    cd /Users/mario/Sites/localhost/GitMac/GitMac.xcodeproj
    

SwiftCompile normal arm64 Compiling\ ArraySection.swift,\ Changeset.swift /Users/mario/Library/Developer/Xcode/DerivedData/GitMac-ajzvmgpdmfwzmdcrxkxdwaxrxbzy/SourcePackages/checkouts/DifferenceKit/Sources/ArraySection.swift /Users/mario/Library/Developer/Xcode/DerivedData/GitMac-ajzvmgpdmfwzmdcrxkxdwaxrxbzy/SourcePackages/checkouts/DifferenceKit/Sources/Changeset.swift (in target 'DifferenceKit' from project 'DifferenceKit')

SwiftCompile normal arm64 /Users/mario/Library/Developer/Xcode/DerivedData/GitMac-ajzvmgpdmfwzmdcrxkxdwaxrxbzy/SourcePackages/checkouts/DifferenceKit/Sources/ArraySection.swift (in target 'DifferenceKit' from project 'DifferenceKit')
    cd /Users/mario/Sites/localhost/GitMac/GitMac.xcodeproj
    

SwiftCompile normal arm64 /Users/mario/Library/Developer/Xcode/DerivedData/GitMac-ajzvmgpdmfwzmdcrxkxdwaxrxbzy/SourcePackages/checkouts/DifferenceKit/Sources/Changeset.swift (in target 'DifferenceKit' from project 'DifferenceKit')
    cd /Users/mario/Sites/localhost/GitMac/GitMac.xcodeproj
    

SwiftCompile normal arm64 Compiling\ UIKitExtension.swift /Users/mario/Library/Developer/Xcode/DerivedData/GitMac-ajzvmgpdmfwzmdcrxkxdwaxrxbzy/SourcePackages/checkouts/DifferenceKit/Sources/Extensions/UIKitExtension.swift (in target 'DifferenceKit' from project 'DifferenceKit')

SwiftCompile normal arm64 /Users/mario/Library/Developer/Xcode/DerivedData/GitMac-ajzvmgpdmfwzmdcrxkxdwaxrxbzy/SourcePackages/checkouts/DifferenceKit/Sources/Extensions/UIKitExtension.swift (in target 'DifferenceKit' from project 'DifferenceKit')
    cd /Users/mario/Sites/localhost/GitMac/GitMac.xcodeproj
    

SwiftCompile normal arm64 Compiling\ AppKitExtension.swift /Users/mario/Library/Developer/Xcode/DerivedData/GitMac-ajzvmgpdmfwzmdcrxkxdwaxrxbzy/SourcePackages/checkouts/DifferenceKit/Sources/Extensions/AppKitExtension.swift (in target 'DifferenceKit' from project 'DifferenceKit')

SwiftCompile normal arm64 /Users/mario/Library/Developer/Xcode/DerivedData/GitMac-ajzvmgpdmfwzmdcrxkxdwaxrxbzy/SourcePackages/checkouts/DifferenceKit/Sources/Extensions/AppKitExtension.swift (in target 'DifferenceKit' from project 'DifferenceKit')
    cd /Users/mario/Sites/localhost/GitMac/GitMac.xcodeproj
    

SwiftCompile normal arm64 Compiling\ ElementPath.swift /Users/mario/Library/Developer/Xcode/DerivedData/GitMac-ajzvmgpdmfwzmdcrxkxdwaxrxbzy/SourcePackages/checkouts/DifferenceKit/Sources/ElementPath.swift (in target 'DifferenceKit' from project 'DifferenceKit')

SwiftCompile normal arm64 /Users/mario/Library/Developer/Xcode/DerivedData/GitMac-ajzvmgpdmfwzmdcrxkxdwaxrxbzy/SourcePackages/checkouts/DifferenceKit/Sources/ElementPath.swift (in target 'DifferenceKit' from project 'DifferenceKit')
    cd /Users/mario/Sites/localhost/GitMac/GitMac.xcodeproj
    

SwiftEmitModule normal arm64 Emitting\ module\ for\ Splash (in target 'Splash' from project 'Splash')

EmitSwiftModule normal arm64 (in target 'Splash' from project 'Splash')
    cd /Users/mario/Sites/localhost/GitMac/GitMac.xcodeproj
    

SwiftDriverJobDiscovery normal arm64 Compiling UIKitExtension.swift (in target 'DifferenceKit' from project 'DifferenceKit')

SwiftCompile normal arm64 Compiling\ Font.swift,\ Theme+Defaults.swift,\ Theme.swift /Users/mario/Library/Developer/Xcode/DerivedData/GitMac-ajzvmgpdmfwzmdcrxkxdwaxrxbzy/SourcePackages/checkouts/Splash/Sources/Splash/Theming/Font.swift /Users/mario/Library/Developer/Xcode/DerivedData/GitMac-ajzvmgpdmfwzmdcrxkxdwaxrxbzy/SourcePackages/checkouts/Splash/Sources/Splash/Theming/Theme+Defaults.swift /Users/mario/Library/Developer/Xcode/DerivedData/GitMac-ajzvmgpdmfwzmdcrxkxdwaxrxbzy/SourcePackages/checkouts/Splash/Sources/Splash/Theming/Theme.swift (in target 'Splash' from project 'Splash')

SwiftCompile normal arm64 /Users/mario/Library/Developer/Xcode/DerivedData/GitMac-ajzvmgpdmfwzmdcrxkxdwaxrxbzy/SourcePackages/checkouts/Splash/Sources/Splash/Theming/Font.swift (in target 'Splash' from project 'Splash')
    cd /Users/mario/Sites/localhost/GitMac/GitMac.xcodeproj
    

SwiftCompile normal arm64 /Users/mario/Library/Developer/Xcode/DerivedData/GitMac-ajzvmgpdmfwzmdcrxkxdwaxrxbzy/SourcePackages/checkouts/Splash/Sources/Splash/Theming/Theme+Defaults.swift (in target 'Splash' from project 'Splash')
    cd /Users/mario/Sites/localhost/GitMac/GitMac.xcodeproj
    

SwiftCompile normal arm64 /Users/mario/Library/Developer/Xcode/DerivedData/GitMac-ajzvmgpdmfwzmdcrxkxdwaxrxbzy/SourcePackages/checkouts/Splash/Sources/Splash/Theming/Theme.swift (in target 'Splash' from project 'Splash')
    cd /Users/mario/Sites/localhost/GitMac/GitMac.xcodeproj
    

SwiftDriverJobDiscovery normal arm64 Compiling ElementPath.swift (in target 'DifferenceKit' from project 'DifferenceKit')

SwiftCompile normal arm64 Compiling\ Segment.swift,\ TokenType.swift,\ Tokenizer.swift /Users/mario/Library/Developer/Xcode/DerivedData/GitMac-ajzvmgpdmfwzmdcrxkxdwaxrxbzy/SourcePackages/checkouts/Splash/Sources/Splash/Tokenizing/Segment.swift /Users/mario/Library/Developer/Xcode/DerivedData/GitMac-ajzvmgpdmfwzmdcrxkxdwaxrxbzy/SourcePackages/checkouts/Splash/Sources/Splash/Tokenizing/TokenType.swift /Users/mario/Library/Developer/Xcode/DerivedData/GitMac-ajzvmgpdmfwzmdcrxkxdwaxrxbzy/SourcePackages/checkouts/Splash/Sources/Splash/Tokenizing/Tokenizer.swift (in target 'Splash' from project 'Splash')

SwiftCompile normal arm64 /Users/mario/Library/Developer/Xcode/DerivedData/GitMac-ajzvmgpdmfwzmdcrxkxdwaxrxbzy/SourcePackages/checkouts/Splash/Sources/Splash/Tokenizing/Segment.swift (in target 'Splash' from project 'Splash')
    cd /Users/mario/Sites/localhost/GitMac/GitMac.xcodeproj
    

SwiftCompile normal arm64 /Users/mario/Library/Developer/Xcode/DerivedData/GitMac-ajzvmgpdmfwzmdcrxkxdwaxrxbzy/SourcePackages/checkouts/Splash/Sources/Splash/Tokenizing/TokenType.swift (in target 'Splash' from project 'Splash')
    cd /Users/mario/Sites/localhost/GitMac/GitMac.xcodeproj
    

SwiftCompile normal arm64 /Users/mario/Library/Developer/Xcode/DerivedData/GitMac-ajzvmgpdmfwzmdcrxkxdwaxrxbzy/SourcePackages/checkouts/Splash/Sources/Splash/Tokenizing/Tokenizer.swift (in target 'Splash' from project 'Splash')
    cd /Users/mario/Sites/localhost/GitMac/GitMac.xcodeproj
    

SwiftDriverJobDiscovery normal arm64 Compiling AppKitExtension.swift (in target 'DifferenceKit' from project 'DifferenceKit')

SwiftCompile normal arm64 Compiling\ SwiftGrammar.swift,\ AttributedStringOutputFormat.swift,\ HTMLOutputFormat.swift /Users/mario/Library/Developer/Xcode/DerivedData/GitMac-ajzvmgpdmfwzmdcrxkxdwaxrxbzy/SourcePackages/checkouts/Splash/Sources/Splash/Grammar/SwiftGrammar.swift /Users/mario/Library/Developer/Xcode/DerivedData/GitMac-ajzvmgpdmfwzmdcrxkxdwaxrxbzy/SourcePackages/checkouts/Splash/Sources/Splash/Output/AttributedStringOutputFormat.swift /Users/mario/Library/Developer/Xcode/DerivedData/GitMac-ajzvmgpdmfwzmdcrxkxdwaxrxbzy/SourcePackages/checkouts/Splash/Sources/Splash/Output/HTMLOutputFormat.swift (in target 'Splash' from project 'Splash')
SwiftCompile normal arm64 /Users/mario/Library/Developer/Xcode/DerivedData/GitMac-ajzvmgpdmfwzmdcrxkxdwaxrxbzy/SourcePackages/checkouts/Splash/Sources/Splash/Grammar/SwiftGrammar.swift (in target 'Splash' from project 'Splash')
    cd /Users/mario/Sites/localhost/GitMac/GitMac.xcodeproj
    

SwiftCompile normal arm64 /Users/mario/Library/Developer/Xcode/DerivedData/GitMac-ajzvmgpdmfwzmdcrxkxdwaxrxbzy/SourcePackages/checkouts/Splash/Sources/Splash/Output/AttributedStringOutputFormat.swift (in target 'Splash' from project 'Splash')
    cd /Users/mario/Sites/localhost/GitMac/GitMac.xcodeproj
    

SwiftCompile normal arm64 /Users/mario/Library/Developer/Xcode/DerivedData/GitMac-ajzvmgpdmfwzmdcrxkxdwaxrxbzy/SourcePackages/checkouts/Splash/Sources/Splash/Output/HTMLOutputFormat.swift (in target 'Splash' from project 'Splash')
    cd /Users/mario/Sites/localhost/GitMac/GitMac.xcodeproj
    

SwiftDriverJobDiscovery normal arm64 Emitting module for Splash (in target 'Splash' from project 'Splash')

SwiftDriver\ Compilation\ Requirements Splash normal arm64 com.apple.xcode.tools.swift.compiler (in target 'Splash' from project 'Splash')
    cd /Users/mario/Sites/localhost/GitMac/GitMac.xcodeproj
    builtin-Swift-Compilation-Requirements -- /Applications/Xcode.app/Contents/Developer/Toolchains/XcodeDefault.xctoolchain/usr/bin/swiftc -module-name Splash -Onone -enforce-exclusivity\=checked @/Users/mario/Library/Developer/Xcode/DerivedData/GitMac-ajzvmgpdmfwzmdcrxkxdwaxrxbzy/Build/Intermediates.noindex/Splash.build/Debug/Splash.build/Objects-normal/arm64/Splash.SwiftFileList -DSWIFT_PACKAGE -DDEBUG -DSWIFT_MODULE_RESOURCE_BUNDLE_UNAVAILABLE -DXcode -plugin-path /Applications/Xcode.app/Contents/Developer/Toolchains/XcodeDefault.xctoolchain/usr/lib/swift/host/plugins/testing -enable-experimental-feature DebugDescriptionMacro -sdk /Applications/Xcode.app/Contents/Developer/Platforms/MacOSX.platform/Developer/SDKs/MacOSX26.2.sdk -target arm64-apple-macos10.13 -g -module-cache-path /Users/mario/Library/Developer/Xcode/DerivedData/ModuleCache.noindex -Xfrontend -serialize-debugging-options -enable-testing -suppress-warnings -index-store-path /Users/mario/Library/Developer/Xcode/DerivedData/GitMac-ajzvmgpdmfwzmdcrxkxdwaxrxbzy/Index.noindex/DataStore -Xcc -D_LIBCPP_HARDENING_MODE\=_LIBCPP_HARDENING_MODE_DEBUG -swift-version 5 -I /Users/mario/Library/Developer/Xcode/DerivedData/GitMac-ajzvmgpdmfwzmdcrxkxdwaxrxbzy/Build/Products/Debug -Isystem /Applications/Xcode.app/Contents/Developer/Platforms/MacOSX.platform/Developer/usr/lib -F /Users/mario/Library/Developer/Xcode/DerivedData/GitMac-ajzvmgpdmfwzmdcrxkxdwaxrxbzy/Build/Products/Debug -F /Applications/Xcode.app/Contents/Developer/Platforms/MacOSX.platform/Developer/Library/Frameworks -c -j8 -enable-batch-mode -incremental -Xcc -ivfsstatcache -Xcc /Users/mario/Library/Developer/Xcode/DerivedData/SDKStatCaches.noindex/macosx26.2-25C57-3885c01c3e6b6a337905948deab2002e00fa09913b459cbbc988d1f6730289ae.sdkstatcache -output-file-map /Users/mario/Library/Developer/Xcode/DerivedData/GitMac-ajzvmgpdmfwzmdcrxkxdwaxrxbzy/Build/Intermediates.noindex/Splash.build/Debug/Splash.build/Objects-normal/arm64/Splash-OutputFileMap.json -use-frontend-parseable-output -save-temps -no-color-diagnostics -explicit-module-build -module-cache-path /Users/mario/Library/Developer/Xcode/DerivedData/GitMac-ajzvmgpdmfwzmdcrxkxdwaxrxbzy/Build/Intermediates.noindex/SwiftExplicitPrecompiledModules -clang-scanner-module-cache-path /Users/mario/Library/Developer/Xcode/DerivedData/ModuleCache.noindex -sdk-module-cache-path /Users/mario/Library/Developer/Xcode/DerivedData/ModuleCache.noindex -serialize-diagnostics -emit-dependencies -emit-module -emit-module-path /Users/mario/Library/Developer/Xcode/DerivedData/GitMac-ajzvmgpdmfwzmdcrxkxdwaxrxbzy/Build/Intermediates.noindex/Splash.build/Debug/Splash.build/Objects-normal/arm64/Splash.swiftmodule -validate-clang-modules-once -clang-build-session-file /Users/mario/Library/Developer/Xcode/DerivedData/ModuleCache.noindex/Session.modulevalidation -Xcc -I/Users/mario/Library/Developer/Xcode/DerivedData/GitMac-ajzvmgpdmfwzmdcrxkxdwaxrxbzy/Build/Intermediates.noindex/Splash.build/Debug/Splash.build/swift-overrides.hmap -emit-const-values -Xfrontend -const-gather-protocols-file -Xfrontend /Users/mario/Library/Developer/Xcode/DerivedData/GitMac-ajzvmgpdmfwzmdcrxkxdwaxrxbzy/Build/Intermediates.noindex/Splash.build/Debug/Splash.build/Objects-normal/arm64/Splash_const_extract_protocols.json -Xcc -I/Users/mario/Library/Developer/Xcode/DerivedData/GitMac-ajzvmgpdmfwzmdcrxkxdwaxrxbzy/Build/Products/Debug/include -Xcc -I/Users/mario/Library/Developer/Xcode/DerivedData/GitMac-ajzvmgpdmfwzmdcrxkxdwaxrxbzy/Build/Intermediates.noindex/Splash.build/Debug/Splash.build/DerivedSources-normal/arm64 -Xcc -I/Users/mario/Library/Developer/Xcode/DerivedData/GitMac-ajzvmgpdmfwzmdcrxkxdwaxrxbzy/Build/Intermediates.noindex/Splash.build/Debug/Splash.build/DerivedSources/arm64 -Xcc -I/Users/mario/Library/Developer/Xcode/DerivedData/GitMac-ajzvmgpdmfwzmdcrxkxdwaxrxbzy/Build/Intermediates.noindex/Splash.build/Debug/Splash.build/DerivedSources -Xcc -DSWIFT_PACKAGE -Xcc -DDEBUG\=1 -emit-objc-header -emit-objc-header-path /Users/mario/Library/Developer/Xcode/DerivedData/GitMac-ajzvmgpdmfwzmdcrxkxdwaxrxbzy/Build/Intermediates.noindex/Splash.build/Debug/Splash.build/Objects-normal/arm64/Splash-Swift.h -working-directory /Users/mario/Sites/localhost/GitMac/GitMac.xcodeproj -experimental-emit-module-separately -disable-cmo

SwiftDriverJobDiscovery normal arm64 Compiling ArraySection.swift, Changeset.swift (in target 'DifferenceKit' from project 'DifferenceKit')

SwiftCompile normal arm64 Compiling\ Sequence+Occurrences.swift,\ String+HTMLEntities.swift,\ String+IsNumber.swift,\ String+PrefixChecking.swift /Users/mario/Library/Developer/Xcode/DerivedData/GitMac-ajzvmgpdmfwzmdcrxkxdwaxrxbzy/SourcePackages/checkouts/Splash/Sources/Splash/Extensions/Sequence/Sequence+Occurrences.swift /Users/mario/Library/Developer/Xcode/DerivedData/GitMac-ajzvmgpdmfwzmdcrxkxdwaxrxbzy/SourcePackages/checkouts/Splash/Sources/Splash/Extensions/Strings/String+HTMLEntities.swift /Users/mario/Library/Developer/Xcode/DerivedData/GitMac-ajzvmgpdmfwzmdcrxkxdwaxrxbzy/SourcePackages/checkouts/Splash/Sources/Splash/Extensions/Strings/String+IsNumber.swift /Users/mario/Library/Developer/Xcode/DerivedData/GitMac-ajzvmgpdmfwzmdcrxkxdwaxrxbzy/SourcePackages/checkouts/Splash/Sources/Splash/Extensions/Strings/String+PrefixChecking.swift (in target 'Splash' from project 'Splash')

SwiftCompile normal arm64 /Users/mario/Library/Developer/Xcode/DerivedData/GitMac-ajzvmgpdmfwzmdcrxkxdwaxrxbzy/SourcePackages/checkouts/Splash/Sources/Splash/Extensions/Sequence/Sequence+Occurrences.swift (in target 'Splash' from project 'Splash')
    cd /Users/mario/Sites/localhost/GitMac/GitMac.xcodeproj
    

SwiftCompile normal arm64 /Users/mario/Library/Developer/Xcode/DerivedData/GitMac-ajzvmgpdmfwzmdcrxkxdwaxrxbzy/SourcePackages/checkouts/Splash/Sources/Splash/Extensions/Strings/String+HTMLEntities.swift (in target 'Splash' from project 'Splash')
    cd /Users/mario/Sites/localhost/GitMac/GitMac.xcodeproj
    

SwiftCompile normal arm64 /Users/mario/Library/Developer/Xcode/DerivedData/GitMac-ajzvmgpdmfwzmdcrxkxdwaxrxbzy/SourcePackages/checkouts/Splash/Sources/Splash/Extensions/Strings/String+IsNumber.swift (in target 'Splash' from project 'Splash')
    cd /Users/mario/Sites/localhost/GitMac/GitMac.xcodeproj
    

SwiftCompile normal arm64 /Users/mario/Library/Developer/Xcode/DerivedData/GitMac-ajzvmgpdmfwzmdcrxkxdwaxrxbzy/SourcePackages/checkouts/Splash/Sources/Splash/Extensions/Strings/String+PrefixChecking.swift (in target 'Splash' from project 'Splash')
    cd /Users/mario/Sites/localhost/GitMac/GitMac.xcodeproj
    

SwiftMergeGeneratedHeaders /Users/mario/Library/Developer/Xcode/DerivedData/GitMac-ajzvmgpdmfwzmdcrxkxdwaxrxbzy/Build/Intermediates.noindex/GeneratedModuleMaps/Splash-Swift.h /Users/mario/Library/Developer/Xcode/DerivedData/GitMac-ajzvmgpdmfwzmdcrxkxdwaxrxbzy/Build/Intermediates.noindex/Splash.build/Debug/Splash.build/Objects-normal/arm64/Splash-Swift.h (in target 'Splash' from project 'Splash')
    cd /Users/mario/Library/Developer/Xcode/DerivedData/GitMac-ajzvmgpdmfwzmdcrxkxdwaxrxbzy/SourcePackages/checkouts/Splash
    builtin-swiftHeaderTool -arch arm64 /Users/mario/Library/Developer/Xcode/DerivedData/GitMac-ajzvmgpdmfwzmdcrxkxdwaxrxbzy/Build/Intermediates.noindex/Splash.build/Debug/Splash.build/Objects-normal/arm64/Splash-Swift.h -o /Users/mario/Library/Developer/Xcode/DerivedData/GitMac-ajzvmgpdmfwzmdcrxkxdwaxrxbzy/Build/Intermediates.noindex/GeneratedModuleMaps/Splash-Swift.h

SwiftDriverJobDiscovery normal arm64 Emitting module for KeychainAccess (in target 'KeychainAccess' from project 'KeychainAccess')

Copy /Users/mario/Library/Developer/Xcode/DerivedData/GitMac-ajzvmgpdmfwzmdcrxkxdwaxrxbzy/Build/Products/Debug/Splash.swiftmodule/arm64-apple-macos.swiftmodule /Users/mario/Library/Developer/Xcode/DerivedData/GitMac-ajzvmgpdmfwzmdcrxkxdwaxrxbzy/Build/Intermediates.noindex/Splash.build/Debug/Splash.build/Objects-normal/arm64/Splash.swiftmodule (in target 'Splash' from project 'Splash')
    cd /Users/mario/Library/Developer/Xcode/DerivedData/GitMac-ajzvmgpdmfwzmdcrxkxdwaxrxbzy/SourcePackages/checkouts/Splash
    builtin-copy -exclude .DS_Store -exclude CVS -exclude .svn -exclude .git -exclude .hg -resolve-src-symlinks -rename /Users/mario/Library/Developer/Xcode/DerivedData/GitMac-ajzvmgpdmfwzmdcrxkxdwaxrxbzy/Build/Intermediates.noindex/Splash.build/Debug/Splash.build/Objects-normal/arm64/Splash.swiftmodule /Users/mario/Library/Developer/Xcode/DerivedData/GitMac-ajzvmgpdmfwzmdcrxkxdwaxrxbzy/Build/Products/Debug/Splash.swiftmodule/arm64-apple-macos.swiftmodule

Copy /Users/mario/Library/Developer/Xcode/DerivedData/GitMac-ajzvmgpdmfwzmdcrxkxdwaxrxbzy/Build/Products/Debug/Splash.swiftmodule/arm64-apple-macos.swiftdoc /Users/mario/Library/Developer/Xcode/DerivedData/GitMac-ajzvmgpdmfwzmdcrxkxdwaxrxbzy/Build/Intermediates.noindex/Splash.build/Debug/Splash.build/Objects-normal/arm64/Splash.swiftdoc (in target 'Splash' from project 'Splash')
    cd /Users/mario/Library/Developer/Xcode/DerivedData/GitMac-ajzvmgpdmfwzmdcrxkxdwaxrxbzy/SourcePackages/checkouts/Splash
    builtin-copy -exclude .DS_Store -exclude CVS -exclude .svn -exclude .git -exclude .hg -resolve-src-symlinks -rename /Users/mario/Library/Developer/Xcode/DerivedData/GitMac-ajzvmgpdmfwzmdcrxkxdwaxrxbzy/Build/Intermediates.noindex/Splash.build/Debug/Splash.build/Objects-normal/arm64/Splash.swiftdoc /Users/mario/Library/Developer/Xcode/DerivedData/GitMac-ajzvmgpdmfwzmdcrxkxdwaxrxbzy/Build/Products/Debug/Splash.swiftmodule/arm64-apple-macos.swiftdoc

Copy /Users/mario/Library/Developer/Xcode/DerivedData/GitMac-ajzvmgpdmfwzmdcrxkxdwaxrxbzy/Build/Products/Debug/Splash.swiftmodule/arm64-apple-macos.abi.json /Users/mario/Library/Developer/Xcode/DerivedData/GitMac-ajzvmgpdmfwzmdcrxkxdwaxrxbzy/Build/Intermediates.noindex/Splash.build/Debug/Splash.build/Objects-normal/arm64/Splash.abi.json (in target 'Splash' from project 'Splash')
    cd /Users/mario/Library/Developer/Xcode/DerivedData/GitMac-ajzvmgpdmfwzmdcrxkxdwaxrxbzy/SourcePackages/checkouts/Splash
    builtin-copy -exclude .DS_Store -exclude CVS -exclude .svn -exclude .git -exclude .hg -resolve-src-symlinks -rename /Users/mario/Library/Developer/Xcode/DerivedData/GitMac-ajzvmgpdmfwzmdcrxkxdwaxrxbzy/Build/Intermediates.noindex/Splash.build/Debug/Splash.build/Objects-normal/arm64/Splash.abi.json /Users/mario/Library/Developer/Xcode/DerivedData/GitMac-ajzvmgpdmfwzmdcrxkxdwaxrxbzy/Build/Products/Debug/Splash.swiftmodule/arm64-apple-macos.abi.json

Copy /Users/mario/Library/Developer/Xcode/DerivedData/GitMac-ajzvmgpdmfwzmdcrxkxdwaxrxbzy/Build/Products/Debug/Splash.swiftmodule/Project/arm64-apple-macos.swiftsourceinfo /Users/mario/Library/Developer/Xcode/DerivedData/GitMac-ajzvmgpdmfwzmdcrxkxdwaxrxbzy/Build/Intermediates.noindex/Splash.build/Debug/Splash.build/Objects-normal/arm64/Splash.swiftsourceinfo (in target 'Splash' from project 'Splash')
    cd /Users/mario/Library/Developer/Xcode/DerivedData/GitMac-ajzvmgpdmfwzmdcrxkxdwaxrxbzy/SourcePackages/checkouts/Splash
    builtin-copy -exclude .DS_Store -exclude CVS -exclude .svn -exclude .git -exclude .hg -resolve-src-symlinks -rename /Users/mario/Library/Developer/Xcode/DerivedData/GitMac-ajzvmgpdmfwzmdcrxkxdwaxrxbzy/Build/Intermediates.noindex/Splash.build/Debug/Splash.build/Objects-normal/arm64/Splash.swiftsourceinfo /Users/mario/Library/Developer/Xcode/DerivedData/GitMac-ajzvmgpdmfwzmdcrxkxdwaxrxbzy/Build/Products/Debug/Splash.swiftmodule/Project/arm64-apple-macos.swiftsourceinfo

SwiftDriver\ Compilation\ Requirements KeychainAccess normal arm64 com.apple.xcode.tools.swift.compiler (in target 'KeychainAccess' from project 'KeychainAccess')
    cd /Users/mario/Sites/localhost/GitMac/GitMac.xcodeproj
    builtin-Swift-Compilation-Requirements -- /Applications/Xcode.app/Contents/Developer/Toolchains/XcodeDefault.xctoolchain/usr/bin/swiftc -module-name KeychainAccess -Onone -enforce-exclusivity\=checked @/Users/mario/Library/Developer/Xcode/DerivedData/GitMac-ajzvmgpdmfwzmdcrxkxdwaxrxbzy/Build/Intermediates.noindex/KeychainAccess.build/Debug/KeychainAccess.build/Objects-normal/arm64/KeychainAccess.SwiftFileList -DSWIFT_PACKAGE -DDEBUG -DSWIFT_MODULE_RESOURCE_BUNDLE_UNAVAILABLE -DXcode -plugin-path /Applications/Xcode.app/Contents/Developer/Toolchains/XcodeDefault.xctoolchain/usr/lib/swift/host/plugins/testing -enable-experimental-feature DebugDescriptionMacro -sdk /Applications/Xcode.app/Contents/Developer/Platforms/MacOSX.platform/Developer/SDKs/MacOSX26.2.sdk -target arm64-apple-macos10.13 -g -module-cache-path /Users/mario/Library/Developer/Xcode/DerivedData/ModuleCache.noindex -Xfrontend -serialize-debugging-options -enable-testing -suppress-warnings -index-store-path /Users/mario/Library/Developer/Xcode/DerivedData/GitMac-ajzvmgpdmfwzmdcrxkxdwaxrxbzy/Index.noindex/DataStore -Xcc -D_LIBCPP_HARDENING_MODE\=_LIBCPP_HARDENING_MODE_DEBUG -swift-version 5 -I /Users/mario/Library/Developer/Xcode/DerivedData/GitMac-ajzvmgpdmfwzmdcrxkxdwaxrxbzy/Build/Products/Debug -Isystem /Applications/Xcode.app/Contents/Developer/Platforms/MacOSX.platform/Developer/usr/lib -F /Users/mario/Library/Developer/Xcode/DerivedData/GitMac-ajzvmgpdmfwzmdcrxkxdwaxrxbzy/Build/Products/Debug -F /Applications/Xcode.app/Contents/Developer/Platforms/MacOSX.platform/Developer/Library/Frameworks -parse-as-library -c -j8 -enable-batch-mode -incremental -Xcc -ivfsstatcache -Xcc /Users/mario/Library/Developer/Xcode/DerivedData/SDKStatCaches.noindex/macosx26.2-25C57-3885c01c3e6b6a337905948deab2002e00fa09913b459cbbc988d1f6730289ae.sdkstatcache -output-file-map /Users/mario/Library/Developer/Xcode/DerivedData/GitMac-ajzvmgpdmfwzmdcrxkxdwaxrxbzy/Build/Intermediates.noindex/KeychainAccess.build/Debug/KeychainAccess.build/Objects-normal/arm64/KeychainAccess-OutputFileMap.json -use-frontend-parseable-output -save-temps -no-color-diagnostics -explicit-module-build -module-cache-path /Users/mario/Library/Developer/Xcode/DerivedData/GitMac-ajzvmgpdmfwzmdcrxkxdwaxrxbzy/Build/Intermediates.noindex/SwiftExplicitPrecompiledModules -clang-scanner-module-cache-path /Users/mario/Library/Developer/Xcode/DerivedData/ModuleCache.noindex -sdk-module-cache-path /Users/mario/Library/Developer/Xcode/DerivedData/ModuleCache.noindex -serialize-diagnostics -emit-dependencies -emit-module -emit-module-path /Users/mario/Library/Developer/Xcode/DerivedData/GitMac-ajzvmgpdmfwzmdcrxkxdwaxrxbzy/Build/Intermediates.noindex/KeychainAccess.build/Debug/KeychainAccess.build/Objects-normal/arm64/KeychainAccess.swiftmodule -validate-clang-modules-once -clang-build-session-file /Users/mario/Library/Developer/Xcode/DerivedData/ModuleCache.noindex/Session.modulevalidation -Xcc -I/Users/mario/Library/Developer/Xcode/DerivedData/GitMac-ajzvmgpdmfwzmdcrxkxdwaxrxbzy/Build/Intermediates.noindex/KeychainAccess.build/Debug/KeychainAccess.build/swift-overrides.hmap -emit-const-values -Xfrontend -const-gather-protocols-file -Xfrontend /Users/mario/Library/Developer/Xcode/DerivedData/GitMac-ajzvmgpdmfwzmdcrxkxdwaxrxbzy/Build/Intermediates.noindex/KeychainAccess.build/Debug/KeychainAccess.build/Objects-normal/arm64/KeychainAccess_const_extract_protocols.json -Xcc -I/Users/mario/Library/Developer/Xcode/DerivedData/GitMac-ajzvmgpdmfwzmdcrxkxdwaxrxbzy/Build/Products/Debug/include -Xcc -I/Users/mario/Library/Developer/Xcode/DerivedData/GitMac-ajzvmgpdmfwzmdcrxkxdwaxrxbzy/Build/Intermediates.noindex/KeychainAccess.build/Debug/KeychainAccess.build/DerivedSources-normal/arm64 -Xcc -I/Users/mario/Library/Developer/Xcode/DerivedData/GitMac-ajzvmgpdmfwzmdcrxkxdwaxrxbzy/Build/Intermediates.noindex/KeychainAccess.build/Debug/KeychainAccess.build/DerivedSources/arm64 -Xcc -I/Users/mario/Library/Developer/Xcode/DerivedData/GitMac-ajzvmgpdmfwzmdcrxkxdwaxrxbzy/Build/Intermediates.noindex/KeychainAccess.build/Debug/KeychainAccess.build/DerivedSources -Xcc -DSWIFT_PACKAGE -Xcc -DDEBUG\=1 -emit-objc-header -emit-objc-header-path /Users/mario/Library/Developer/Xcode/DerivedData/GitMac-ajzvmgpdmfwzmdcrxkxdwaxrxbzy/Build/Intermediates.noindex/KeychainAccess.build/Debug/KeychainAccess.build/Objects-normal/arm64/KeychainAccess-Swift.h -working-directory /Users/mario/Sites/localhost/GitMac/GitMac.xcodeproj -experimental-emit-module-separately -disable-cmo

SwiftCompile normal arm64 Compiling\ String+Removing.swift,\ Substring+HasSuffix.swift,\ Grammar.swift /Users/mario/Library/Developer/Xcode/DerivedData/GitMac-ajzvmgpdmfwzmdcrxkxdwaxrxbzy/SourcePackages/checkouts/Splash/Sources/Splash/Extensions/Strings/String+Removing.swift /Users/mario/Library/Developer/Xcode/DerivedData/GitMac-ajzvmgpdmfwzmdcrxkxdwaxrxbzy/SourcePackages/checkouts/Splash/Sources/Splash/Extensions/Strings/Substring+HasSuffix.swift /Users/mario/Library/Developer/Xcode/DerivedData/GitMac-ajzvmgpdmfwzmdcrxkxdwaxrxbzy/SourcePackages/checkouts/Splash/Sources/Splash/Grammar/Grammar.swift (in target 'Splash' from project 'Splash')

SwiftCompile normal arm64 /Users/mario/Library/Developer/Xcode/DerivedData/GitMac-ajzvmgpdmfwzmdcrxkxdwaxrxbzy/SourcePackages/checkouts/Splash/Sources/Splash/Extensions/Strings/String+Removing.swift (in target 'Splash' from project 'Splash')
    cd /Users/mario/Sites/localhost/GitMac/GitMac.xcodeproj
    

SwiftCompile normal arm64 /Users/mario/Library/Developer/Xcode/DerivedData/GitMac-ajzvmgpdmfwzmdcrxkxdwaxrxbzy/SourcePackages/checkouts/Splash/Sources/Splash/Extensions/Strings/Substring+HasSuffix.swift (in target 'Splash' from project 'Splash')
    cd /Users/mario/Sites/localhost/GitMac/GitMac.xcodeproj
    

SwiftCompile normal arm64 /Users/mario/Library/Developer/Xcode/DerivedData/GitMac-ajzvmgpdmfwzmdcrxkxdwaxrxbzy/SourcePackages/checkouts/Splash/Sources/Splash/Grammar/Grammar.swift (in target 'Splash' from project 'Splash')
    cd /Users/mario/Sites/localhost/GitMac/GitMac.xcodeproj
    

SwiftMergeGeneratedHeaders /Users/mario/Library/Developer/Xcode/DerivedData/GitMac-ajzvmgpdmfwzmdcrxkxdwaxrxbzy/Build/Intermediates.noindex/GeneratedModuleMaps/KeychainAccess-Swift.h /Users/mario/Library/Developer/Xcode/DerivedData/GitMac-ajzvmgpdmfwzmdcrxkxdwaxrxbzy/Build/Intermediates.noindex/KeychainAccess.build/Debug/KeychainAccess.build/Objects-normal/arm64/KeychainAccess-Swift.h (in target 'KeychainAccess' from project 'KeychainAccess')
    cd /Users/mario/Library/Developer/Xcode/DerivedData/GitMac-ajzvmgpdmfwzmdcrxkxdwaxrxbzy/SourcePackages/checkouts/KeychainAccess
    builtin-swiftHeaderTool -arch arm64 /Users/mario/Library/Developer/Xcode/DerivedData/GitMac-ajzvmgpdmfwzmdcrxkxdwaxrxbzy/Build/Intermediates.noindex/KeychainAccess.build/Debug/KeychainAccess.build/Objects-normal/arm64/KeychainAccess-Swift.h -o /Users/mario/Library/Developer/Xcode/DerivedData/GitMac-ajzvmgpdmfwzmdcrxkxdwaxrxbzy/Build/Intermediates.noindex/GeneratedModuleMaps/KeychainAccess-Swift.h

Copy /Users/mario/Library/Developer/Xcode/DerivedData/GitMac-ajzvmgpdmfwzmdcrxkxdwaxrxbzy/Build/Products/Debug/KeychainAccess.swiftmodule/arm64-apple-macos.swiftmodule /Users/mario/Library/Developer/Xcode/DerivedData/GitMac-ajzvmgpdmfwzmdcrxkxdwaxrxbzy/Build/Intermediates.noindex/KeychainAccess.build/Debug/KeychainAccess.build/Objects-normal/arm64/KeychainAccess.swiftmodule (in target 'KeychainAccess' from project 'KeychainAccess')
    cd /Users/mario/Library/Developer/Xcode/DerivedData/GitMac-ajzvmgpdmfwzmdcrxkxdwaxrxbzy/SourcePackages/checkouts/KeychainAccess
    builtin-copy -exclude .DS_Store -exclude CVS -exclude .svn -exclude .git -exclude .hg -resolve-src-symlinks -rename /Users/mario/Library/Developer/Xcode/DerivedData/GitMac-ajzvmgpdmfwzmdcrxkxdwaxrxbzy/Build/Intermediates.noindex/KeychainAccess.build/Debug/KeychainAccess.build/Objects-normal/arm64/KeychainAccess.swiftmodule /Users/mario/Library/Developer/Xcode/DerivedData/GitMac-ajzvmgpdmfwzmdcrxkxdwaxrxbzy/Build/Products/Debug/KeychainAccess.swiftmodule/arm64-apple-macos.swiftmodule

SwiftDriverJobDiscovery normal arm64 Emitting module for DifferenceKit (in target 'DifferenceKit' from project 'DifferenceKit')

Copy /Users/mario/Library/Developer/Xcode/DerivedData/GitMac-ajzvmgpdmfwzmdcrxkxdwaxrxbzy/Build/Products/Debug/KeychainAccess.swiftmodule/arm64-apple-macos.swiftdoc /Users/mario/Library/Developer/Xcode/DerivedData/GitMac-ajzvmgpdmfwzmdcrxkxdwaxrxbzy/Build/Intermediates.noindex/KeychainAccess.build/Debug/KeychainAccess.build/Objects-normal/arm64/KeychainAccess.swiftdoc (in target 'KeychainAccess' from project 'KeychainAccess')
    cd /Users/mario/Library/Developer/Xcode/DerivedData/GitMac-ajzvmgpdmfwzmdcrxkxdwaxrxbzy/SourcePackages/checkouts/KeychainAccess
    builtin-copy -exclude .DS_Store -exclude CVS -exclude .svn -exclude .git -exclude .hg -resolve-src-symlinks -rename /Users/mario/Library/Developer/Xcode/DerivedData/GitMac-ajzvmgpdmfwzmdcrxkxdwaxrxbzy/Build/Intermediates.noindex/KeychainAccess.build/Debug/KeychainAccess.build/Objects-normal/arm64/KeychainAccess.swiftdoc /Users/mario/Library/Developer/Xcode/DerivedData/GitMac-ajzvmgpdmfwzmdcrxkxdwaxrxbzy/Build/Products/Debug/KeychainAccess.swiftmodule/arm64-apple-macos.swiftdoc

Copy /Users/mario/Library/Developer/Xcode/DerivedData/GitMac-ajzvmgpdmfwzmdcrxkxdwaxrxbzy/Build/Products/Debug/KeychainAccess.swiftmodule/arm64-apple-macos.abi.json /Users/mario/Library/Developer/Xcode/DerivedData/GitMac-ajzvmgpdmfwzmdcrxkxdwaxrxbzy/Build/Intermediates.noindex/KeychainAccess.build/Debug/KeychainAccess.build/Objects-normal/arm64/KeychainAccess.abi.json (in target 'KeychainAccess' from project 'KeychainAccess')
    cd /Users/mario/Library/Developer/Xcode/DerivedData/GitMac-ajzvmgpdmfwzmdcrxkxdwaxrxbzy/SourcePackages/checkouts/KeychainAccess
    builtin-copy -exclude .DS_Store -exclude CVS -exclude .svn -exclude .git -exclude .hg -resolve-src-symlinks -rename /Users/mario/Library/Developer/Xcode/DerivedData/GitMac-ajzvmgpdmfwzmdcrxkxdwaxrxbzy/Build/Intermediates.noindex/KeychainAccess.build/Debug/KeychainAccess.build/Objects-normal/arm64/KeychainAccess.abi.json /Users/mario/Library/Developer/Xcode/DerivedData/GitMac-ajzvmgpdmfwzmdcrxkxdwaxrxbzy/Build/Products/Debug/KeychainAccess.swiftmodule/arm64-apple-macos.abi.json

Copy /Users/mario/Library/Developer/Xcode/DerivedData/GitMac-ajzvmgpdmfwzmdcrxkxdwaxrxbzy/Build/Products/Debug/KeychainAccess.swiftmodule/Project/arm64-apple-macos.swiftsourceinfo /Users/mario/Library/Developer/Xcode/DerivedData/GitMac-ajzvmgpdmfwzmdcrxkxdwaxrxbzy/Build/Intermediates.noindex/KeychainAccess.build/Debug/KeychainAccess.build/Objects-normal/arm64/KeychainAccess.swiftsourceinfo (in target 'KeychainAccess' from project 'KeychainAccess')
    cd /Users/mario/Library/Developer/Xcode/DerivedData/GitMac-ajzvmgpdmfwzmdcrxkxdwaxrxbzy/SourcePackages/checkouts/KeychainAccess
    builtin-copy -exclude .DS_Store -exclude CVS -exclude .svn -exclude .git -exclude .hg -resolve-src-symlinks -rename /Users/mario/Library/Developer/Xcode/DerivedData/GitMac-ajzvmgpdmfwzmdcrxkxdwaxrxbzy/Build/Intermediates.noindex/KeychainAccess.build/Debug/KeychainAccess.build/Objects-normal/arm64/KeychainAccess.swiftsourceinfo /Users/mario/Library/Developer/Xcode/DerivedData/GitMac-ajzvmgpdmfwzmdcrxkxdwaxrxbzy/Build/Products/Debug/KeychainAccess.swiftmodule/Project/arm64-apple-macos.swiftsourceinfo

SwiftDriver\ Compilation\ Requirements DifferenceKit normal arm64 com.apple.xcode.tools.swift.compiler (in target 'DifferenceKit' from project 'DifferenceKit')
    cd /Users/mario/Sites/localhost/GitMac/GitMac.xcodeproj
    builtin-Swift-Compilation-Requirements -- /Applications/Xcode.app/Contents/Developer/Toolchains/XcodeDefault.xctoolchain/usr/bin/swiftc -module-name DifferenceKit -Onone -enforce-exclusivity\=checked @/Users/mario/Library/Developer/Xcode/DerivedData/GitMac-ajzvmgpdmfwzmdcrxkxdwaxrxbzy/Build/Intermediates.noindex/DifferenceKit.build/Debug/DifferenceKit.build/Objects-normal/arm64/DifferenceKit.SwiftFileList -DSWIFT_PACKAGE -DDEBUG -DSWIFT_MODULE_RESOURCE_BUNDLE_UNAVAILABLE -DXcode -plugin-path /Applications/Xcode.app/Contents/Developer/Toolchains/XcodeDefault.xctoolchain/usr/lib/swift/host/plugins/testing -enable-experimental-feature DebugDescriptionMacro -sdk /Applications/Xcode.app/Contents/Developer/Platforms/MacOSX.platform/Developer/SDKs/MacOSX26.2.sdk -target arm64-apple-macos10.13 -g -module-cache-path /Users/mario/Library/Developer/Xcode/DerivedData/ModuleCache.noindex -Xfrontend -serialize-debugging-options -enable-testing -suppress-warnings -index-store-path /Users/mario/Library/Developer/Xcode/DerivedData/GitMac-ajzvmgpdmfwzmdcrxkxdwaxrxbzy/Index.noindex/DataStore -Xcc -D_LIBCPP_HARDENING_MODE\=_LIBCPP_HARDENING_MODE_DEBUG -swift-version 5 -I /Users/mario/Library/Developer/Xcode/DerivedData/GitMac-ajzvmgpdmfwzmdcrxkxdwaxrxbzy/Build/Products/Debug -Isystem /Applications/Xcode.app/Contents/Developer/Platforms/MacOSX.platform/Developer/usr/lib -F /Users/mario/Library/Developer/Xcode/DerivedData/GitMac-ajzvmgpdmfwzmdcrxkxdwaxrxbzy/Build/Products/Debug -F /Applications/Xcode.app/Contents/Developer/Platforms/MacOSX.platform/Developer/Library/Frameworks -c -j8 -enable-batch-mode -incremental -Xcc -ivfsstatcache -Xcc /Users/mario/Library/Developer/Xcode/DerivedData/SDKStatCaches.noindex/macosx26.2-25C57-3885c01c3e6b6a337905948deab2002e00fa09913b459cbbc988d1f6730289ae.sdkstatcache -output-file-map /Users/mario/Library/Developer/Xcode/DerivedData/GitMac-ajzvmgpdmfwzmdcrxkxdwaxrxbzy/Build/Intermediates.noindex/DifferenceKit.build/Debug/DifferenceKit.build/Objects-normal/arm64/DifferenceKit-OutputFileMap.json -use-frontend-parseable-output -save-temps -no-color-diagnostics -explicit-module-build -module-cache-path /Users/mario/Library/Developer/Xcode/DerivedData/GitMac-ajzvmgpdmfwzmdcrxkxdwaxrxbzy/Build/Intermediates.noindex/SwiftExplicitPrecompiledModules -clang-scanner-module-cache-path /Users/mario/Library/Developer/Xcode/DerivedData/ModuleCache.noindex -sdk-module-cache-path /Users/mario/Library/Developer/Xcode/DerivedData/ModuleCache.noindex -serialize-diagnostics -emit-dependencies -emit-module -emit-module-path /Users/mario/Library/Developer/Xcode/DerivedData/GitMac-ajzvmgpdmfwzmdcrxkxdwaxrxbzy/Build/Intermediates.noindex/DifferenceKit.build/Debug/DifferenceKit.build/Objects-normal/arm64/DifferenceKit.swiftmodule -validate-clang-modules-once -clang-build-session-file /Users/mario/Library/Developer/Xcode/DerivedData/ModuleCache.noindex/Session.modulevalidation -Xcc -I/Users/mario/Library/Developer/Xcode/DerivedData/GitMac-ajzvmgpdmfwzmdcrxkxdwaxrxbzy/Build/Intermediates.noindex/DifferenceKit.build/Debug/DifferenceKit.build/swift-overrides.hmap -emit-const-values -Xfrontend -const-gather-protocols-file -Xfrontend /Users/mario/Library/Developer/Xcode/DerivedData/GitMac-ajzvmgpdmfwzmdcrxkxdwaxrxbzy/Build/Intermediates.noindex/DifferenceKit.build/Debug/DifferenceKit.build/Objects-normal/arm64/DifferenceKit_const_extract_protocols.json -Xcc -I/Users/mario/Library/Developer/Xcode/DerivedData/GitMac-ajzvmgpdmfwzmdcrxkxdwaxrxbzy/Build/Products/Debug/include -Xcc -I/Users/mario/Library/Developer/Xcode/DerivedData/GitMac-ajzvmgpdmfwzmdcrxkxdwaxrxbzy/Build/Intermediates.noindex/DifferenceKit.build/Debug/DifferenceKit.build/DerivedSources-normal/arm64 -Xcc -I/Users/mario/Library/Developer/Xcode/DerivedData/GitMac-ajzvmgpdmfwzmdcrxkxdwaxrxbzy/Build/Intermediates.noindex/DifferenceKit.build/Debug/DifferenceKit.build/DerivedSources/arm64 -Xcc -I/Users/mario/Library/Developer/Xcode/DerivedData/GitMac-ajzvmgpdmfwzmdcrxkxdwaxrxbzy/Build/Intermediates.noindex/DifferenceKit.build/Debug/DifferenceKit.build/DerivedSources -Xcc -DSWIFT_PACKAGE -Xcc -DDEBUG\=1 -emit-objc-header -emit-objc-header-path /Users/mario/Library/Developer/Xcode/DerivedData/GitMac-ajzvmgpdmfwzmdcrxkxdwaxrxbzy/Build/Intermediates.noindex/DifferenceKit.build/Debug/DifferenceKit.build/Objects-normal/arm64/DifferenceKit-Swift.h -working-directory /Users/mario/Sites/localhost/GitMac/GitMac.xcodeproj -experimental-emit-module-separately -disable-cmo

SwiftCompile normal arm64 Compiling\ MarkdownDecorator.swift,\ OutputBuilder.swift,\ OutputFormat.swift /Users/mario/Library/Developer/Xcode/DerivedData/GitMac-ajzvmgpdmfwzmdcrxkxdwaxrxbzy/SourcePackages/checkouts/Splash/Sources/Splash/Output/MarkdownDecorator.swift /Users/mario/Library/Developer/Xcode/DerivedData/GitMac-ajzvmgpdmfwzmdcrxkxdwaxrxbzy/SourcePackages/checkouts/Splash/Sources/Splash/Output/OutputBuilder.swift /Users/mario/Library/Developer/Xcode/DerivedData/GitMac-ajzvmgpdmfwzmdcrxkxdwaxrxbzy/SourcePackages/checkouts/Splash/Sources/Splash/Output/OutputFormat.swift (in target 'Splash' from project 'Splash')

SwiftCompile normal arm64 /Users/mario/Library/Developer/Xcode/DerivedData/GitMac-ajzvmgpdmfwzmdcrxkxdwaxrxbzy/SourcePackages/checkouts/Splash/Sources/Splash/Output/MarkdownDecorator.swift (in target 'Splash' from project 'Splash')
    cd /Users/mario/Sites/localhost/GitMac/GitMac.xcodeproj
    

SwiftCompile normal arm64 /Users/mario/Library/Developer/Xcode/DerivedData/GitMac-ajzvmgpdmfwzmdcrxkxdwaxrxbzy/SourcePackages/checkouts/Splash/Sources/Splash/Output/OutputBuilder.swift (in target 'Splash' from project 'Splash')
    cd /Users/mario/Sites/localhost/GitMac/GitMac.xcodeproj
    

SwiftCompile normal arm64 /Users/mario/Library/Developer/Xcode/DerivedData/GitMac-ajzvmgpdmfwzmdcrxkxdwaxrxbzy/SourcePackages/checkouts/Splash/Sources/Splash/Output/OutputFormat.swift (in target 'Splash' from project 'Splash')
    cd /Users/mario/Sites/localhost/GitMac/GitMac.xcodeproj
    

SwiftMergeGeneratedHeaders /Users/mario/Library/Developer/Xcode/DerivedData/GitMac-ajzvmgpdmfwzmdcrxkxdwaxrxbzy/Build/Intermediates.noindex/GeneratedModuleMaps/DifferenceKit-Swift.h /Users/mario/Library/Developer/Xcode/DerivedData/GitMac-ajzvmgpdmfwzmdcrxkxdwaxrxbzy/Build/Intermediates.noindex/DifferenceKit.build/Debug/DifferenceKit.build/Objects-normal/arm64/DifferenceKit-Swift.h (in target 'DifferenceKit' from project 'DifferenceKit')
    cd /Users/mario/Library/Developer/Xcode/DerivedData/GitMac-ajzvmgpdmfwzmdcrxkxdwaxrxbzy/SourcePackages/checkouts/DifferenceKit
    builtin-swiftHeaderTool -arch arm64 /Users/mario/Library/Developer/Xcode/DerivedData/GitMac-ajzvmgpdmfwzmdcrxkxdwaxrxbzy/Build/Intermediates.noindex/DifferenceKit.build/Debug/DifferenceKit.build/Objects-normal/arm64/DifferenceKit-Swift.h -o /Users/mario/Library/Developer/Xcode/DerivedData/GitMac-ajzvmgpdmfwzmdcrxkxdwaxrxbzy/Build/Intermediates.noindex/GeneratedModuleMaps/DifferenceKit-Swift.h

SwiftDriverJobDiscovery normal arm64 Compiling Font.swift, Theme+Defaults.swift, Theme.swift (in target 'Splash' from project 'Splash')

Copy /Users/mario/Library/Developer/Xcode/DerivedData/GitMac-ajzvmgpdmfwzmdcrxkxdwaxrxbzy/Build/Products/Debug/DifferenceKit.swiftmodule/arm64-apple-macos.swiftmodule /Users/mario/Library/Developer/Xcode/DerivedData/GitMac-ajzvmgpdmfwzmdcrxkxdwaxrxbzy/Build/Intermediates.noindex/DifferenceKit.build/Debug/DifferenceKit.build/Objects-normal/arm64/DifferenceKit.swiftmodule (in target 'DifferenceKit' from project 'DifferenceKit')
    cd /Users/mario/Library/Developer/Xcode/DerivedData/GitMac-ajzvmgpdmfwzmdcrxkxdwaxrxbzy/SourcePackages/checkouts/DifferenceKit
    builtin-copy -exclude .DS_Store -exclude CVS -exclude .svn -exclude .git -exclude .hg -resolve-src-symlinks -rename /Users/mario/Library/Developer/Xcode/DerivedData/GitMac-ajzvmgpdmfwzmdcrxkxdwaxrxbzy/Build/Intermediates.noindex/DifferenceKit.build/Debug/DifferenceKit.build/Objects-normal/arm64/DifferenceKit.swiftmodule /Users/mario/Library/Developer/Xcode/DerivedData/GitMac-ajzvmgpdmfwzmdcrxkxdwaxrxbzy/Build/Products/Debug/DifferenceKit.swiftmodule/arm64-apple-macos.swiftmodule

Copy /Users/mario/Library/Developer/Xcode/DerivedData/GitMac-ajzvmgpdmfwzmdcrxkxdwaxrxbzy/Build/Products/Debug/DifferenceKit.swiftmodule/arm64-apple-macos.swiftdoc /Users/mario/Library/Developer/Xcode/DerivedData/GitMac-ajzvmgpdmfwzmdcrxkxdwaxrxbzy/Build/Intermediates.noindex/DifferenceKit.build/Debug/DifferenceKit.build/Objects-normal/arm64/DifferenceKit.swiftdoc (in target 'DifferenceKit' from project 'DifferenceKit')
    cd /Users/mario/Library/Developer/Xcode/DerivedData/GitMac-ajzvmgpdmfwzmdcrxkxdwaxrxbzy/SourcePackages/checkouts/DifferenceKit
    builtin-copy -exclude .DS_Store -exclude CVS -exclude .svn -exclude .git -exclude .hg -resolve-src-symlinks -rename /Users/mario/Library/Developer/Xcode/DerivedData/GitMac-ajzvmgpdmfwzmdcrxkxdwaxrxbzy/Build/Intermediates.noindex/DifferenceKit.build/Debug/DifferenceKit.build/Objects-normal/arm64/DifferenceKit.swiftdoc /Users/mario/Library/Developer/Xcode/DerivedData/GitMac-ajzvmgpdmfwzmdcrxkxdwaxrxbzy/Build/Products/Debug/DifferenceKit.swiftmodule/arm64-apple-macos.swiftdoc

Copy /Users/mario/Library/Developer/Xcode/DerivedData/GitMac-ajzvmgpdmfwzmdcrxkxdwaxrxbzy/Build/Products/Debug/DifferenceKit.swiftmodule/arm64-apple-macos.abi.json /Users/mario/Library/Developer/Xcode/DerivedData/GitMac-ajzvmgpdmfwzmdcrxkxdwaxrxbzy/Build/Intermediates.noindex/DifferenceKit.build/Debug/DifferenceKit.build/Objects-normal/arm64/DifferenceKit.abi.json (in target 'DifferenceKit' from project 'DifferenceKit')
    cd /Users/mario/Library/Developer/Xcode/DerivedData/GitMac-ajzvmgpdmfwzmdcrxkxdwaxrxbzy/SourcePackages/checkouts/DifferenceKit
    builtin-copy -exclude .DS_Store -exclude CVS -exclude .svn -exclude .git -exclude .hg -resolve-src-symlinks -rename /Users/mario/Library/Developer/Xcode/DerivedData/GitMac-ajzvmgpdmfwzmdcrxkxdwaxrxbzy/Build/Intermediates.noindex/DifferenceKit.build/Debug/DifferenceKit.build/Objects-normal/arm64/DifferenceKit.abi.json /Users/mario/Library/Developer/Xcode/DerivedData/GitMac-ajzvmgpdmfwzmdcrxkxdwaxrxbzy/Build/Products/Debug/DifferenceKit.swiftmodule/arm64-apple-macos.abi.json

Copy /Users/mario/Library/Developer/Xcode/DerivedData/GitMac-ajzvmgpdmfwzmdcrxkxdwaxrxbzy/Build/Products/Debug/DifferenceKit.swiftmodule/Project/arm64-apple-macos.swiftsourceinfo /Users/mario/Library/Developer/Xcode/DerivedData/GitMac-ajzvmgpdmfwzmdcrxkxdwaxrxbzy/Build/Intermediates.noindex/DifferenceKit.build/Debug/DifferenceKit.build/Objects-normal/arm64/DifferenceKit.swiftsourceinfo (in target 'DifferenceKit' from project 'DifferenceKit')
    cd /Users/mario/Library/Developer/Xcode/DerivedData/GitMac-ajzvmgpdmfwzmdcrxkxdwaxrxbzy/SourcePackages/checkouts/DifferenceKit
    builtin-copy -exclude .DS_Store -exclude CVS -exclude .svn -exclude .git -exclude .hg -resolve-src-symlinks -rename /Users/mario/Library/Developer/Xcode/DerivedData/GitMac-ajzvmgpdmfwzmdcrxkxdwaxrxbzy/Build/Intermediates.noindex/DifferenceKit.build/Debug/DifferenceKit.build/Objects-normal/arm64/DifferenceKit.swiftsourceinfo /Users/mario/Library/Developer/Xcode/DerivedData/GitMac-ajzvmgpdmfwzmdcrxkxdwaxrxbzy/Build/Products/Debug/DifferenceKit.swiftmodule/Project/arm64-apple-macos.swiftsourceinfo

SwiftCompile normal arm64 Compiling\ CharacterSet+Contains.swift,\ Equatable+AnyOf.swift,\ Int+IsOdd.swift,\ Sequence+AnyOf.swift /Users/mario/Library/Developer/Xcode/DerivedData/GitMac-ajzvmgpdmfwzmdcrxkxdwaxrxbzy/SourcePackages/checkouts/Splash/Sources/Splash/Extensions/CharacterSet/CharacterSet+Contains.swift /Users/mario/Library/Developer/Xcode/DerivedData/GitMac-ajzvmgpdmfwzmdcrxkxdwaxrxbzy/SourcePackages/checkouts/Splash/Sources/Splash/Extensions/Equatable/Equatable+AnyOf.swift /Users/mario/Library/Developer/Xcode/DerivedData/GitMac-ajzvmgpdmfwzmdcrxkxdwaxrxbzy/SourcePackages/checkouts/Splash/Sources/Splash/Extensions/Int/Int+IsOdd.swift /Users/mario/Library/Developer/Xcode/DerivedData/GitMac-ajzvmgpdmfwzmdcrxkxdwaxrxbzy/SourcePackages/checkouts/Splash/Sources/Splash/Extensions/Sequence/Sequence+AnyOf.swift (in target 'Splash' from project 'Splash')

SwiftCompile normal arm64 /Users/mario/Library/Developer/Xcode/DerivedData/GitMac-ajzvmgpdmfwzmdcrxkxdwaxrxbzy/SourcePackages/checkouts/Splash/Sources/Splash/Extensions/CharacterSet/CharacterSet+Contains.swift (in target 'Splash' from project 'Splash')
    cd /Users/mario/Sites/localhost/GitMac/GitMac.xcodeproj
    

SwiftCompile normal arm64 /Users/mario/Library/Developer/Xcode/DerivedData/GitMac-ajzvmgpdmfwzmdcrxkxdwaxrxbzy/SourcePackages/checkouts/Splash/Sources/Splash/Extensions/Equatable/Equatable+AnyOf.swift (in target 'Splash' from project 'Splash')
    cd /Users/mario/Sites/localhost/GitMac/GitMac.xcodeproj
    

SwiftCompile normal arm64 /Users/mario/Library/Developer/Xcode/DerivedData/GitMac-ajzvmgpdmfwzmdcrxkxdwaxrxbzy/SourcePackages/checkouts/Splash/Sources/Splash/Extensions/Int/Int+IsOdd.swift (in target 'Splash' from project 'Splash')
    cd /Users/mario/Sites/localhost/GitMac/GitMac.xcodeproj
    

SwiftCompile normal arm64 /Users/mario/Library/Developer/Xcode/DerivedData/GitMac-ajzvmgpdmfwzmdcrxkxdwaxrxbzy/SourcePackages/checkouts/Splash/Sources/Splash/Extensions/Sequence/Sequence+AnyOf.swift (in target 'Splash' from project 'Splash')
    cd /Users/mario/Sites/localhost/GitMac/GitMac.xcodeproj
    

SwiftDriverJobDiscovery normal arm64 Compiling String+Removing.swift, Substring+HasSuffix.swift, Grammar.swift (in target 'Splash' from project 'Splash')

SwiftCompile normal arm64 Compiling\ SyntaxHighlighter.swift,\ SyntaxRule.swift,\ Color.swift /Users/mario/Library/Developer/Xcode/DerivedData/GitMac-ajzvmgpdmfwzmdcrxkxdwaxrxbzy/SourcePackages/checkouts/Splash/Sources/Splash/Syntax/SyntaxHighlighter.swift /Users/mario/Library/Developer/Xcode/DerivedData/GitMac-ajzvmgpdmfwzmdcrxkxdwaxrxbzy/SourcePackages/checkouts/Splash/Sources/Splash/Syntax/SyntaxRule.swift /Users/mario/Library/Developer/Xcode/DerivedData/GitMac-ajzvmgpdmfwzmdcrxkxdwaxrxbzy/SourcePackages/checkouts/Splash/Sources/Splash/Theming/Color.swift (in target 'Splash' from project 'Splash')

SwiftCompile normal arm64 /Users/mario/Library/Developer/Xcode/DerivedData/GitMac-ajzvmgpdmfwzmdcrxkxdwaxrxbzy/SourcePackages/checkouts/Splash/Sources/Splash/Syntax/SyntaxHighlighter.swift (in target 'Splash' from project 'Splash')
    cd /Users/mario/Sites/localhost/GitMac/GitMac.xcodeproj
    

SwiftCompile normal arm64 /Users/mario/Library/Developer/Xcode/DerivedData/GitMac-ajzvmgpdmfwzmdcrxkxdwaxrxbzy/SourcePackages/checkouts/Splash/Sources/Splash/Syntax/SyntaxRule.swift (in target 'Splash' from project 'Splash')
    cd /Users/mario/Sites/localhost/GitMac/GitMac.xcodeproj
    

SwiftCompile normal arm64 /Users/mario/Library/Developer/Xcode/DerivedData/GitMac-ajzvmgpdmfwzmdcrxkxdwaxrxbzy/SourcePackages/checkouts/Splash/Sources/Splash/Theming/Color.swift (in target 'Splash' from project 'Splash')
    cd /Users/mario/Sites/localhost/GitMac/GitMac.xcodeproj
    

SwiftDriverJobDiscovery normal arm64 Compiling Algorithm.swift, AnyDifferentiable.swift (in target 'DifferenceKit' from project 'DifferenceKit')

SwiftCompile normal arm64 Compiling\ ContentEquatable.swift,\ ContentIdentifiable.swift /Users/mario/Library/Developer/Xcode/DerivedData/GitMac-ajzvmgpdmfwzmdcrxkxdwaxrxbzy/SourcePackages/checkouts/DifferenceKit/Sources/ContentEquatable.swift /Users/mario/Library/Developer/Xcode/DerivedData/GitMac-ajzvmgpdmfwzmdcrxkxdwaxrxbzy/SourcePackages/checkouts/DifferenceKit/Sources/ContentIdentifiable.swift (in target 'DifferenceKit' from project 'DifferenceKit')

SwiftCompile normal arm64 /Users/mario/Library/Developer/Xcode/DerivedData/GitMac-ajzvmgpdmfwzmdcrxkxdwaxrxbzy/SourcePackages/checkouts/DifferenceKit/Sources/ContentEquatable.swift (in target 'DifferenceKit' from project 'DifferenceKit')
    cd /Users/mario/Sites/localhost/GitMac/GitMac.xcodeproj
    

SwiftCompile normal arm64 /Users/mario/Library/Developer/Xcode/DerivedData/GitMac-ajzvmgpdmfwzmdcrxkxdwaxrxbzy/SourcePackages/checkouts/DifferenceKit/Sources/ContentIdentifiable.swift (in target 'DifferenceKit' from project 'DifferenceKit')
    cd /Users/mario/Sites/localhost/GitMac/GitMac.xcodeproj
    

SwiftDriverJobDiscovery normal arm64 Compiling Sequence+Occurrences.swift, String+HTMLEntities.swift, String+IsNumber.swift, String+PrefixChecking.swift (in target 'Splash' from project 'Splash')

SwiftCompile normal arm64 Compiling\ StagedChangeset.swift /Users/mario/Library/Developer/Xcode/DerivedData/GitMac-ajzvmgpdmfwzmdcrxkxdwaxrxbzy/SourcePackages/checkouts/DifferenceKit/Sources/StagedChangeset.swift (in target 'DifferenceKit' from project 'DifferenceKit')

SwiftCompile normal arm64 /Users/mario/Library/Developer/Xcode/DerivedData/GitMac-ajzvmgpdmfwzmdcrxkxdwaxrxbzy/SourcePackages/checkouts/DifferenceKit/Sources/StagedChangeset.swift (in target 'DifferenceKit' from project 'DifferenceKit')
    cd /Users/mario/Sites/localhost/GitMac/GitMac.xcodeproj
    

SwiftCompile normal arm64 Compiling\ Differentiable.swift,\ DifferentiableSection.swift /Users/mario/Library/Developer/Xcode/DerivedData/GitMac-ajzvmgpdmfwzmdcrxkxdwaxrxbzy/SourcePackages/checkouts/DifferenceKit/Sources/Differentiable.swift /Users/mario/Library/Developer/Xcode/DerivedData/GitMac-ajzvmgpdmfwzmdcrxkxdwaxrxbzy/SourcePackages/checkouts/DifferenceKit/Sources/DifferentiableSection.swift (in target 'DifferenceKit' from project 'DifferenceKit')

SwiftCompile normal arm64 /Users/mario/Library/Developer/Xcode/DerivedData/GitMac-ajzvmgpdmfwzmdcrxkxdwaxrxbzy/SourcePackages/checkouts/DifferenceKit/Sources/Differentiable.swift (in target 'DifferenceKit' from project 'DifferenceKit')
    cd /Users/mario/Sites/localhost/GitMac/GitMac.xcodeproj
    

SwiftCompile normal arm64 /Users/mario/Library/Developer/Xcode/DerivedData/GitMac-ajzvmgpdmfwzmdcrxkxdwaxrxbzy/SourcePackages/checkouts/DifferenceKit/Sources/DifferentiableSection.swift (in target 'DifferenceKit' from project 'DifferenceKit')
    cd /Users/mario/Sites/localhost/GitMac/GitMac.xcodeproj
    

SwiftDriverJobDiscovery normal arm64 Compiling MarkdownDecorator.swift, OutputBuilder.swift, OutputFormat.swift (in target 'Splash' from project 'Splash')

SwiftDriverJobDiscovery normal arm64 Compiling CharacterSet+Contains.swift, Equatable+AnyOf.swift, Int+IsOdd.swift, Sequence+AnyOf.swift (in target 'Splash' from project 'Splash')

ProcessProductPackaging /Users/mario/Sites/localhost/GitMac/GitMac/GitMac.entitlements /Users/mario/Library/Developer/Xcode/DerivedData/GitMac-ajzvmgpdmfwzmdcrxkxdwaxrxbzy/Build/Intermediates.noindex/GitMac.build/Debug/GitMac.build/GitMac.app.xcent (in target 'GitMac' from project 'GitMac')
    cd /Users/mario/Sites/localhost/GitMac
    
    Entitlements:
    
    {
    "com.apple.security.files.user-selected.read-write" = 1;
    "com.apple.security.get-task-allow" = 1;
    "com.apple.security.network.client" = 1;
}
    
    builtin-productPackagingUtility /Users/mario/Sites/localhost/GitMac/GitMac/GitMac.entitlements -entitlements -format xml -o /Users/mario/Library/Developer/Xcode/DerivedData/GitMac-ajzvmgpdmfwzmdcrxkxdwaxrxbzy/Build/Intermediates.noindex/GitMac.build/Debug/GitMac.build/GitMac.app.xcent

ProcessProductPackagingDER /Users/mario/Library/Developer/Xcode/DerivedData/GitMac-ajzvmgpdmfwzmdcrxkxdwaxrxbzy/Build/Intermediates.noindex/GitMac.build/Debug/GitMac.build/GitMac.app.xcent /Users/mario/Library/Developer/Xcode/DerivedData/GitMac-ajzvmgpdmfwzmdcrxkxdwaxrxbzy/Build/Intermediates.noindex/GitMac.build/Debug/GitMac.build/GitMac.app.xcent.der (in target 'GitMac' from project 'GitMac')
    cd /Users/mario/Sites/localhost/GitMac
    /usr/bin/derq query -f xml -i /Users/mario/Library/Developer/Xcode/DerivedData/GitMac-ajzvmgpdmfwzmdcrxkxdwaxrxbzy/Build/Intermediates.noindex/GitMac.build/Debug/GitMac.build/GitMac.app.xcent -o /Users/mario/Library/Developer/Xcode/DerivedData/GitMac-ajzvmgpdmfwzmdcrxkxdwaxrxbzy/Build/Intermediates.noindex/GitMac.build/Debug/GitMac.build/GitMac.app.xcent.der --raw

SwiftDriverJobDiscovery normal arm64 Compiling Differentiable.swift, DifferentiableSection.swift (in target 'DifferenceKit' from project 'DifferenceKit')

MkDir /Users/mario/Library/Developer/Xcode/DerivedData/GitMac-ajzvmgpdmfwzmdcrxkxdwaxrxbzy/Build/Intermediates.noindex/GitMac.build/Debug/GitMac.build/assetcatalog_output/thinned (in target 'GitMac' from project 'GitMac')
    cd /Users/mario/Sites/localhost/GitMac
    /bin/mkdir -p /Users/mario/Library/Developer/Xcode/DerivedData/GitMac-ajzvmgpdmfwzmdcrxkxdwaxrxbzy/Build/Intermediates.noindex/GitMac.build/Debug/GitMac.build/assetcatalog_output/thinned

MkDir /Users/mario/Library/Developer/Xcode/DerivedData/GitMac-ajzvmgpdmfwzmdcrxkxdwaxrxbzy/Build/Intermediates.noindex/GitMac.build/Debug/GitMac.build/assetcatalog_output/unthinned (in target 'GitMac' from project 'GitMac')
    cd /Users/mario/Sites/localhost/GitMac
    /bin/mkdir -p /Users/mario/Library/Developer/Xcode/DerivedData/GitMac-ajzvmgpdmfwzmdcrxkxdwaxrxbzy/Build/Intermediates.noindex/GitMac.build/Debug/GitMac.build/assetcatalog_output/unthinned

GenerateAssetSymbols /Users/mario/Sites/localhost/GitMac/GitMac/Assets.xcassets (in target 'GitMac' from project 'GitMac')
    cd /Users/mario/Sites/localhost/GitMac
    /Applications/Xcode.app/Contents/Developer/usr/bin/actool /Users/mario/Sites/localhost/GitMac/GitMac/Assets.xcassets --compile /Users/mario/Library/Developer/Xcode/DerivedData/GitMac-ajzvmgpdmfwzmdcrxkxdwaxrxbzy/Build/Products/Debug/GitMac.app/Contents/Resources --output-format human-readable-text --notices --warnings --export-dependency-info /Users/mario/Library/Developer/Xcode/DerivedData/GitMac-ajzvmgpdmfwzmdcrxkxdwaxrxbzy/Build/Intermediates.noindex/GitMac.build/Debug/GitMac.build/assetcatalog_dependencies --output-partial-info-plist /Users/mario/Library/Developer/Xcode/DerivedData/GitMac-ajzvmgpdmfwzmdcrxkxdwaxrxbzy/Build/Intermediates.noindex/GitMac.build/Debug/GitMac.build/assetcatalog_generated_info.plist --app-icon AppIcon --accent-color AccentColor --enable-on-demand-resources NO --development-region en --target-device mac --minimum-deployment-target 14.0 --platform macosx --bundle-identifier com.gitmac.app --generate-swift-asset-symbols /Users/mario/Library/Developer/Xcode/DerivedData/GitMac-ajzvmgpdmfwzmdcrxkxdwaxrxbzy/Build/Intermediates.noindex/GitMac.build/Debug/GitMac.build/DerivedSources/GeneratedAssetSymbols.swift --generate-objc-asset-symbols /Users/mario/Library/Developer/Xcode/DerivedData/GitMac-ajzvmgpdmfwzmdcrxkxdwaxrxbzy/Build/Intermediates.noindex/GitMac.build/Debug/GitMac.build/DerivedSources/GeneratedAssetSymbols.h --generate-asset-symbol-index /Users/mario/Library/Developer/Xcode/DerivedData/GitMac-ajzvmgpdmfwzmdcrxkxdwaxrxbzy/Build/Intermediates.noindex/GitMac.build/Debug/GitMac.build/DerivedSources/GeneratedAssetSymbols-Index.plist
/* com.apple.actool.compilation-results */
/Users/mario/Library/Developer/Xcode/DerivedData/GitMac-ajzvmgpdmfwzmdcrxkxdwaxrxbzy/Build/Intermediates.noindex/GitMac.build/Debug/GitMac.build/DerivedSources/GeneratedAssetSymbols-Index.plist
/Users/mario/Library/Developer/Xcode/DerivedData/GitMac-ajzvmgpdmfwzmdcrxkxdwaxrxbzy/Build/Intermediates.noindex/GitMac.build/Debug/GitMac.build/DerivedSources/GeneratedAssetSymbols.h
/Users/mario/Library/Developer/Xcode/DerivedData/GitMac-ajzvmgpdmfwzmdcrxkxdwaxrxbzy/Build/Intermediates.noindex/GitMac.build/Debug/GitMac.build/DerivedSources/GeneratedAssetSymbols.swift


CompileAssetCatalogVariant thinned /Users/mario/Library/Developer/Xcode/DerivedData/GitMac-ajzvmgpdmfwzmdcrxkxdwaxrxbzy/Build/Products/Debug/GitMac.app/Contents/Resources /Users/mario/Sites/localhost/GitMac/GitMac/Assets.xcassets (in target 'GitMac' from project 'GitMac')
    cd /Users/mario/Sites/localhost/GitMac
    /Applications/Xcode.app/Contents/Developer/usr/bin/actool /Users/mario/Sites/localhost/GitMac/GitMac/Assets.xcassets --compile /Users/mario/Library/Developer/Xcode/DerivedData/GitMac-ajzvmgpdmfwzmdcrxkxdwaxrxbzy/Build/Intermediates.noindex/GitMac.build/Debug/GitMac.build/assetcatalog_output/thinned --output-format human-readable-text --notices --warnings --export-dependency-info /Users/mario/Library/Developer/Xcode/DerivedData/GitMac-ajzvmgpdmfwzmdcrxkxdwaxrxbzy/Build/Intermediates.noindex/GitMac.build/Debug/GitMac.build/assetcatalog_dependencies_thinned --output-partial-info-plist /Users/mario/Library/Developer/Xcode/DerivedData/GitMac-ajzvmgpdmfwzmdcrxkxdwaxrxbzy/Build/Intermediates.noindex/GitMac.build/Debug/GitMac.build/assetcatalog_generated_info.plist_thinned --app-icon AppIcon --accent-color AccentColor --enable-on-demand-resources NO --development-region en --target-device mac --minimum-deployment-target 14.0 --platform macosx
/* com.apple.actool.compilation-results */
/Users/mario/Library/Developer/Xcode/DerivedData/GitMac-ajzvmgpdmfwzmdcrxkxdwaxrxbzy/Build/Intermediates.noindex/GitMac.build/Debug/GitMac.build/assetcatalog_generated_info.plist_thinned
/Users/mario/Library/Developer/Xcode/DerivedData/GitMac-ajzvmgpdmfwzmdcrxkxdwaxrxbzy/Build/Intermediates.noindex/GitMac.build/Debug/GitMac.build/assetcatalog_output/thinned/AppIcon.icns
/Users/mario/Library/Developer/Xcode/DerivedData/GitMac-ajzvmgpdmfwzmdcrxkxdwaxrxbzy/Build/Intermediates.noindex/GitMac.build/Debug/GitMac.build/assetcatalog_output/thinned/Assets.car


SwiftDriverJobDiscovery normal arm64 Compiling Segment.swift, TokenType.swift, Tokenizer.swift (in target 'Splash' from project 'Splash')

SwiftDriverJobDiscovery normal arm64 Compiling ContentEquatable.swift, ContentIdentifiable.swift (in target 'DifferenceKit' from project 'DifferenceKit')

SwiftDriverJobDiscovery normal arm64 Compiling SyntaxHighlighter.swift, SyntaxRule.swift, Color.swift (in target 'Splash' from project 'Splash')

SwiftDriverJobDiscovery normal arm64 Compiling StagedChangeset.swift (in target 'DifferenceKit' from project 'DifferenceKit')

SwiftDriver\ Compilation DifferenceKit normal arm64 com.apple.xcode.tools.swift.compiler (in target 'DifferenceKit' from project 'DifferenceKit')
    cd /Users/mario/Sites/localhost/GitMac/GitMac.xcodeproj
    builtin-Swift-Compilation -- /Applications/Xcode.app/Contents/Developer/Toolchains/XcodeDefault.xctoolchain/usr/bin/swiftc -module-name DifferenceKit -Onone -enforce-exclusivity\=checked @/Users/mario/Library/Developer/Xcode/DerivedData/GitMac-ajzvmgpdmfwzmdcrxkxdwaxrxbzy/Build/Intermediates.noindex/DifferenceKit.build/Debug/DifferenceKit.build/Objects-normal/arm64/DifferenceKit.SwiftFileList -DSWIFT_PACKAGE -DDEBUG -DSWIFT_MODULE_RESOURCE_BUNDLE_UNAVAILABLE -DXcode -plugin-path /Applications/Xcode.app/Contents/Developer/Toolchains/XcodeDefault.xctoolchain/usr/lib/swift/host/plugins/testing -enable-experimental-feature DebugDescriptionMacro -sdk /Applications/Xcode.app/Contents/Developer/Platforms/MacOSX.platform/Developer/SDKs/MacOSX26.2.sdk -target arm64-apple-macos10.13 -g -module-cache-path /Users/mario/Library/Developer/Xcode/DerivedData/ModuleCache.noindex -Xfrontend -serialize-debugging-options -enable-testing -suppress-warnings -index-store-path /Users/mario/Library/Developer/Xcode/DerivedData/GitMac-ajzvmgpdmfwzmdcrxkxdwaxrxbzy/Index.noindex/DataStore -Xcc -D_LIBCPP_HARDENING_MODE\=_LIBCPP_HARDENING_MODE_DEBUG -swift-version 5 -I /Users/mario/Library/Developer/Xcode/DerivedData/GitMac-ajzvmgpdmfwzmdcrxkxdwaxrxbzy/Build/Products/Debug -Isystem /Applications/Xcode.app/Contents/Developer/Platforms/MacOSX.platform/Developer/usr/lib -F /Users/mario/Library/Developer/Xcode/DerivedData/GitMac-ajzvmgpdmfwzmdcrxkxdwaxrxbzy/Build/Products/Debug -F /Applications/Xcode.app/Contents/Developer/Platforms/MacOSX.platform/Developer/Library/Frameworks -c -j8 -enable-batch-mode -incremental -Xcc -ivfsstatcache -Xcc /Users/mario/Library/Developer/Xcode/DerivedData/SDKStatCaches.noindex/macosx26.2-25C57-3885c01c3e6b6a337905948deab2002e00fa09913b459cbbc988d1f6730289ae.sdkstatcache -output-file-map /Users/mario/Library/Developer/Xcode/DerivedData/GitMac-ajzvmgpdmfwzmdcrxkxdwaxrxbzy/Build/Intermediates.noindex/DifferenceKit.build/Debug/DifferenceKit.build/Objects-normal/arm64/DifferenceKit-OutputFileMap.json -use-frontend-parseable-output -save-temps -no-color-diagnostics -explicit-module-build -module-cache-path /Users/mario/Library/Developer/Xcode/DerivedData/GitMac-ajzvmgpdmfwzmdcrxkxdwaxrxbzy/Build/Intermediates.noindex/SwiftExplicitPrecompiledModules -clang-scanner-module-cache-path /Users/mario/Library/Developer/Xcode/DerivedData/ModuleCache.noindex -sdk-module-cache-path /Users/mario/Library/Developer/Xcode/DerivedData/ModuleCache.noindex -serialize-diagnostics -emit-dependencies -emit-module -emit-module-path /Users/mario/Library/Developer/Xcode/DerivedData/GitMac-ajzvmgpdmfwzmdcrxkxdwaxrxbzy/Build/Intermediates.noindex/DifferenceKit.build/Debug/DifferenceKit.build/Objects-normal/arm64/DifferenceKit.swiftmodule -validate-clang-modules-once -clang-build-session-file /Users/mario/Library/Developer/Xcode/DerivedData/ModuleCache.noindex/Session.modulevalidation -Xcc -I/Users/mario/Library/Developer/Xcode/DerivedData/GitMac-ajzvmgpdmfwzmdcrxkxdwaxrxbzy/Build/Intermediates.noindex/DifferenceKit.build/Debug/DifferenceKit.build/swift-overrides.hmap -emit-const-values -Xfrontend -const-gather-protocols-file -Xfrontend /Users/mario/Library/Developer/Xcode/DerivedData/GitMac-ajzvmgpdmfwzmdcrxkxdwaxrxbzy/Build/Intermediates.noindex/DifferenceKit.build/Debug/DifferenceKit.build/Objects-normal/arm64/DifferenceKit_const_extract_protocols.json -Xcc -I/Users/mario/Library/Developer/Xcode/DerivedData/GitMac-ajzvmgpdmfwzmdcrxkxdwaxrxbzy/Build/Products/Debug/include -Xcc -I/Users/mario/Library/Developer/Xcode/DerivedData/GitMac-ajzvmgpdmfwzmdcrxkxdwaxrxbzy/Build/Intermediates.noindex/DifferenceKit.build/Debug/DifferenceKit.build/DerivedSources-normal/arm64 -Xcc -I/Users/mario/Library/Developer/Xcode/DerivedData/GitMac-ajzvmgpdmfwzmdcrxkxdwaxrxbzy/Build/Intermediates.noindex/DifferenceKit.build/Debug/DifferenceKit.build/DerivedSources/arm64 -Xcc -I/Users/mario/Library/Developer/Xcode/DerivedData/GitMac-ajzvmgpdmfwzmdcrxkxdwaxrxbzy/Build/Intermediates.noindex/DifferenceKit.build/Debug/DifferenceKit.build/DerivedSources -Xcc -DSWIFT_PACKAGE -Xcc -DDEBUG\=1 -emit-objc-header -emit-objc-header-path /Users/mario/Library/Developer/Xcode/DerivedData/GitMac-ajzvmgpdmfwzmdcrxkxdwaxrxbzy/Build/Intermediates.noindex/DifferenceKit.build/Debug/DifferenceKit.build/Objects-normal/arm64/DifferenceKit-Swift.h -working-directory /Users/mario/Sites/localhost/GitMac/GitMac.xcodeproj -experimental-emit-module-separately -disable-cmo

Ld /Users/mario/Library/Developer/Xcode/DerivedData/GitMac-ajzvmgpdmfwzmdcrxkxdwaxrxbzy/Build/Products/Debug/DifferenceKit.o normal (in target 'DifferenceKit' from project 'DifferenceKit')
    cd /Users/mario/Library/Developer/Xcode/DerivedData/GitMac-ajzvmgpdmfwzmdcrxkxdwaxrxbzy/SourcePackages/checkouts/DifferenceKit
    /Applications/Xcode.app/Contents/Developer/Toolchains/XcodeDefault.xctoolchain/usr/bin/clang -Xlinker -reproducible -target arm64-apple-macos10.13 -r -isysroot /Applications/Xcode.app/Contents/Developer/Platforms/MacOSX.platform/Developer/SDKs/MacOSX26.2.sdk -O0 -w -L/Users/mario/Library/Developer/Xcode/DerivedData/GitMac-ajzvmgpdmfwzmdcrxkxdwaxrxbzy/Build/Intermediates.noindex/EagerLinkingTBDs/Debug -L/Users/mario/Library/Developer/Xcode/DerivedData/GitMac-ajzvmgpdmfwzmdcrxkxdwaxrxbzy/Build/Products/Debug -L/Applications/Xcode.app/Contents/Developer/Platforms/MacOSX.platform/Developer/usr/lib -F/Users/mario/Library/Developer/Xcode/DerivedData/GitMac-ajzvmgpdmfwzmdcrxkxdwaxrxbzy/Build/Intermediates.noindex/EagerLinkingTBDs/Debug -F/Users/mario/Library/Developer/Xcode/DerivedData/GitMac-ajzvmgpdmfwzmdcrxkxdwaxrxbzy/Build/Products/Debug -iframework /Applications/Xcode.app/Contents/Developer/Platforms/MacOSX.platform/Developer/Library/Frameworks -filelist /Users/mario/Library/Developer/Xcode/DerivedData/GitMac-ajzvmgpdmfwzmdcrxkxdwaxrxbzy/Build/Intermediates.noindex/DifferenceKit.build/Debug/DifferenceKit.build/Objects-normal/arm64/DifferenceKit.LinkFileList -nostdlib -Xlinker -object_path_lto -Xlinker /Users/mario/Library/Developer/Xcode/DerivedData/GitMac-ajzvmgpdmfwzmdcrxkxdwaxrxbzy/Build/Intermediates.noindex/DifferenceKit.build/Debug/DifferenceKit.build/Objects-normal/arm64/DifferenceKit_lto.o -rdynamic -Xlinker -no_deduplicate -Xlinker -dependency_info -Xlinker /Users/mario/Library/Developer/Xcode/DerivedData/GitMac-ajzvmgpdmfwzmdcrxkxdwaxrxbzy/Build/Intermediates.noindex/DifferenceKit.build/Debug/DifferenceKit.build/Objects-normal/arm64/DifferenceKit_dependency_info.dat -fobjc-link-runtime -L/Applications/Xcode.app/Contents/Developer/Toolchains/XcodeDefault.xctoolchain/usr/lib/swift/macosx -L/usr/lib/swift -Xlinker -add_ast_path -Xlinker /Users/mario/Library/Developer/Xcode/DerivedData/GitMac-ajzvmgpdmfwzmdcrxkxdwaxrxbzy/Build/Intermediates.noindex/DifferenceKit.build/Debug/DifferenceKit.build/Objects-normal/arm64/DifferenceKit.swiftmodule @/Users/mario/Library/Developer/Xcode/DerivedData/GitMac-ajzvmgpdmfwzmdcrxkxdwaxrxbzy/Build/Intermediates.noindex/DifferenceKit.build/Debug/DifferenceKit.build/Objects-normal/arm64/DifferenceKit-linker-args.resp -o /Users/mario/Library/Developer/Xcode/DerivedData/GitMac-ajzvmgpdmfwzmdcrxkxdwaxrxbzy/Build/Products/Debug/DifferenceKit.o

ExtractAppIntentsMetadata (in target 'DifferenceKit' from project 'DifferenceKit')
    cd /Users/mario/Library/Developer/Xcode/DerivedData/GitMac-ajzvmgpdmfwzmdcrxkxdwaxrxbzy/SourcePackages/checkouts/DifferenceKit
    /Applications/Xcode.app/Contents/Developer/Toolchains/XcodeDefault.xctoolchain/usr/bin/appintentsmetadataprocessor --toolchain-dir /var/run/com.apple.security.cryptexd/mnt/com.apple.MobileAsset.MetalToolchain-v17.3.48.0.8L3plv/Metal.xctoolchain --module-name DifferenceKit --sdk-root /Applications/Xcode.app/Contents/Developer/Platforms/MacOSX.platform/Developer/SDKs/MacOSX26.2.sdk --xcode-version 17C52 --platform-family macOS --deployment-target 10.13 --bundle-identifier differencekit.DifferenceKit --output /Users/mario/Library/Developer/Xcode/DerivedData/GitMac-ajzvmgpdmfwzmdcrxkxdwaxrxbzy/Build/Products/Debug/DifferenceKit.appintents --target-triple arm64-apple-macos10.13 --binary-file /Users/mario/Library/Developer/Xcode/DerivedData/GitMac-ajzvmgpdmfwzmdcrxkxdwaxrxbzy/Build/Products/Debug/DifferenceKit.o --dependency-file /Users/mario/Library/Developer/Xcode/DerivedData/GitMac-ajzvmgpdmfwzmdcrxkxdwaxrxbzy/Build/Intermediates.noindex/DifferenceKit.build/Debug/DifferenceKit.build/Objects-normal/arm64/DifferenceKit_dependency_info.dat --stringsdata-file /Users/mario/Library/Developer/Xcode/DerivedData/GitMac-ajzvmgpdmfwzmdcrxkxdwaxrxbzy/Build/Intermediates.noindex/DifferenceKit.build/Debug/DifferenceKit.build/Objects-normal/arm64/ExtractedAppShortcutsMetadata.stringsdata --source-file-list /Users/mario/Library/Developer/Xcode/DerivedData/GitMac-ajzvmgpdmfwzmdcrxkxdwaxrxbzy/Build/Intermediates.noindex/DifferenceKit.build/Debug/DifferenceKit.build/Objects-normal/arm64/DifferenceKit.SwiftFileList --metadata-file-list /Users/mario/Library/Developer/Xcode/DerivedData/GitMac-ajzvmgpdmfwzmdcrxkxdwaxrxbzy/Build/Intermediates.noindex/DifferenceKit.build/Debug/DifferenceKit.build/DifferenceKit.DependencyMetadataFileList --static-metadata-file-list /Users/mario/Library/Developer/Xcode/DerivedData/GitMac-ajzvmgpdmfwzmdcrxkxdwaxrxbzy/Build/Intermediates.noindex/DifferenceKit.build/Debug/DifferenceKit.build/DifferenceKit.DependencyStaticMetadataFileList --swift-const-vals-list /Users/mario/Library/Developer/Xcode/DerivedData/GitMac-ajzvmgpdmfwzmdcrxkxdwaxrxbzy/Build/Intermediates.noindex/DifferenceKit.build/Debug/DifferenceKit.build/Objects-normal/arm64/DifferenceKit.SwiftConstValuesFileList --force --compile-time-extraction --deployment-aware-processing --validate-assistant-intents --no-app-shortcuts-localization
2026-01-02 19:54:39.922 appintentsmetadataprocessor[288:11784885] Starting appintentsmetadataprocessor export
2026-01-02 19:54:40.196 appintentsmetadataprocessor[288:11784885] Extracted no relevant App Intents symbols, skipping writing output

SwiftDriverJobDiscovery normal arm64 Compiling Keychain.swift (in target 'KeychainAccess' from project 'KeychainAccess')

SwiftDriverJobDiscovery normal arm64 Compiling SwiftGrammar.swift, AttributedStringOutputFormat.swift, HTMLOutputFormat.swift (in target 'Splash' from project 'Splash')

SwiftDriver\ Compilation KeychainAccess normal arm64 com.apple.xcode.tools.swift.compiler (in target 'KeychainAccess' from project 'KeychainAccess')
    cd /Users/mario/Sites/localhost/GitMac/GitMac.xcodeproj
    builtin-Swift-Compilation -- /Applications/Xcode.app/Contents/Developer/Toolchains/XcodeDefault.xctoolchain/usr/bin/swiftc -module-name KeychainAccess -Onone -enforce-exclusivity\=checked @/Users/mario/Library/Developer/Xcode/DerivedData/GitMac-ajzvmgpdmfwzmdcrxkxdwaxrxbzy/Build/Intermediates.noindex/KeychainAccess.build/Debug/KeychainAccess.build/Objects-normal/arm64/KeychainAccess.SwiftFileList -DSWIFT_PACKAGE -DDEBUG -DSWIFT_MODULE_RESOURCE_BUNDLE_UNAVAILABLE -DXcode -plugin-path /Applications/Xcode.app/Contents/Developer/Toolchains/XcodeDefault.xctoolchain/usr/lib/swift/host/plugins/testing -enable-experimental-feature DebugDescriptionMacro -sdk /Applications/Xcode.app/Contents/Developer/Platforms/MacOSX.platform/Developer/SDKs/MacOSX26.2.sdk -target arm64-apple-macos10.13 -g -module-cache-path /Users/mario/Library/Developer/Xcode/DerivedData/ModuleCache.noindex -Xfrontend -serialize-debugging-options -enable-testing -suppress-warnings -index-store-path /Users/mario/Library/Developer/Xcode/DerivedData/GitMac-ajzvmgpdmfwzmdcrxkxdwaxrxbzy/Index.noindex/DataStore -Xcc -D_LIBCPP_HARDENING_MODE\=_LIBCPP_HARDENING_MODE_DEBUG -swift-version 5 -I /Users/mario/Library/Developer/Xcode/DerivedData/GitMac-ajzvmgpdmfwzmdcrxkxdwaxrxbzy/Build/Products/Debug -Isystem /Applications/Xcode.app/Contents/Developer/Platforms/MacOSX.platform/Developer/usr/lib -F /Users/mario/Library/Developer/Xcode/DerivedData/GitMac-ajzvmgpdmfwzmdcrxkxdwaxrxbzy/Build/Products/Debug -F /Applications/Xcode.app/Contents/Developer/Platforms/MacOSX.platform/Developer/Library/Frameworks -parse-as-library -c -j8 -enable-batch-mode -incremental -Xcc -ivfsstatcache -Xcc /Users/mario/Library/Developer/Xcode/DerivedData/SDKStatCaches.noindex/macosx26.2-25C57-3885c01c3e6b6a337905948deab2002e00fa09913b459cbbc988d1f6730289ae.sdkstatcache -output-file-map /Users/mario/Library/Developer/Xcode/DerivedData/GitMac-ajzvmgpdmfwzmdcrxkxdwaxrxbzy/Build/Intermediates.noindex/KeychainAccess.build/Debug/KeychainAccess.build/Objects-normal/arm64/KeychainAccess-OutputFileMap.json -use-frontend-parseable-output -save-temps -no-color-diagnostics -explicit-module-build -module-cache-path /Users/mario/Library/Developer/Xcode/DerivedData/GitMac-ajzvmgpdmfwzmdcrxkxdwaxrxbzy/Build/Intermediates.noindex/SwiftExplicitPrecompiledModules -clang-scanner-module-cache-path /Users/mario/Library/Developer/Xcode/DerivedData/ModuleCache.noindex -sdk-module-cache-path /Users/mario/Library/Developer/Xcode/DerivedData/ModuleCache.noindex -serialize-diagnostics -emit-dependencies -emit-module -emit-module-path /Users/mario/Library/Developer/Xcode/DerivedData/GitMac-ajzvmgpdmfwzmdcrxkxdwaxrxbzy/Build/Intermediates.noindex/KeychainAccess.build/Debug/KeychainAccess.build/Objects-normal/arm64/KeychainAccess.swiftmodule -validate-clang-modules-once -clang-build-session-file /Users/mario/Library/Developer/Xcode/DerivedData/ModuleCache.noindex/Session.modulevalidation -Xcc -I/Users/mario/Library/Developer/Xcode/DerivedData/GitMac-ajzvmgpdmfwzmdcrxkxdwaxrxbzy/Build/Intermediates.noindex/KeychainAccess.build/Debug/KeychainAccess.build/swift-overrides.hmap -emit-const-values -Xfrontend -const-gather-protocols-file -Xfrontend /Users/mario/Library/Developer/Xcode/DerivedData/GitMac-ajzvmgpdmfwzmdcrxkxdwaxrxbzy/Build/Intermediates.noindex/KeychainAccess.build/Debug/KeychainAccess.build/Objects-normal/arm64/KeychainAccess_const_extract_protocols.json -Xcc -I/Users/mario/Library/Developer/Xcode/DerivedData/GitMac-ajzvmgpdmfwzmdcrxkxdwaxrxbzy/Build/Products/Debug/include -Xcc -I/Users/mario/Library/Developer/Xcode/DerivedData/GitMac-ajzvmgpdmfwzmdcrxkxdwaxrxbzy/Build/Intermediates.noindex/KeychainAccess.build/Debug/KeychainAccess.build/DerivedSources-normal/arm64 -Xcc -I/Users/mario/Library/Developer/Xcode/DerivedData/GitMac-ajzvmgpdmfwzmdcrxkxdwaxrxbzy/Build/Intermediates.noindex/KeychainAccess.build/Debug/KeychainAccess.build/DerivedSources/arm64 -Xcc -I/Users/mario/Library/Developer/Xcode/DerivedData/GitMac-ajzvmgpdmfwzmdcrxkxdwaxrxbzy/Build/Intermediates.noindex/KeychainAccess.build/Debug/KeychainAccess.build/DerivedSources -Xcc -DSWIFT_PACKAGE -Xcc -DDEBUG\=1 -emit-objc-header -emit-objc-header-path /Users/mario/Library/Developer/Xcode/DerivedData/GitMac-ajzvmgpdmfwzmdcrxkxdwaxrxbzy/Build/Intermediates.noindex/KeychainAccess.build/Debug/KeychainAccess.build/Objects-normal/arm64/KeychainAccess-Swift.h -working-directory /Users/mario/Sites/localhost/GitMac/GitMac.xcodeproj -experimental-emit-module-separately -disable-cmo

Ld /Users/mario/Library/Developer/Xcode/DerivedData/GitMac-ajzvmgpdmfwzmdcrxkxdwaxrxbzy/Build/Products/Debug/KeychainAccess.o normal (in target 'KeychainAccess' from project 'KeychainAccess')
    cd /Users/mario/Library/Developer/Xcode/DerivedData/GitMac-ajzvmgpdmfwzmdcrxkxdwaxrxbzy/SourcePackages/checkouts/KeychainAccess
    /Applications/Xcode.app/Contents/Developer/Toolchains/XcodeDefault.xctoolchain/usr/bin/clang -Xlinker -reproducible -target arm64-apple-macos10.13 -r -isysroot /Applications/Xcode.app/Contents/Developer/Platforms/MacOSX.platform/Developer/SDKs/MacOSX26.2.sdk -O0 -w -L/Users/mario/Library/Developer/Xcode/DerivedData/GitMac-ajzvmgpdmfwzmdcrxkxdwaxrxbzy/Build/Intermediates.noindex/EagerLinkingTBDs/Debug -L/Users/mario/Library/Developer/Xcode/DerivedData/GitMac-ajzvmgpdmfwzmdcrxkxdwaxrxbzy/Build/Products/Debug -L/Applications/Xcode.app/Contents/Developer/Platforms/MacOSX.platform/Developer/usr/lib -F/Users/mario/Library/Developer/Xcode/DerivedData/GitMac-ajzvmgpdmfwzmdcrxkxdwaxrxbzy/Build/Intermediates.noindex/EagerLinkingTBDs/Debug -F/Users/mario/Library/Developer/Xcode/DerivedData/GitMac-ajzvmgpdmfwzmdcrxkxdwaxrxbzy/Build/Products/Debug -iframework /Applications/Xcode.app/Contents/Developer/Platforms/MacOSX.platform/Developer/Library/Frameworks -filelist /Users/mario/Library/Developer/Xcode/DerivedData/GitMac-ajzvmgpdmfwzmdcrxkxdwaxrxbzy/Build/Intermediates.noindex/KeychainAccess.build/Debug/KeychainAccess.build/Objects-normal/arm64/KeychainAccess.LinkFileList -nostdlib -Xlinker -object_path_lto -Xlinker /Users/mario/Library/Developer/Xcode/DerivedData/GitMac-ajzvmgpdmfwzmdcrxkxdwaxrxbzy/Build/Intermediates.noindex/KeychainAccess.build/Debug/KeychainAccess.build/Objects-normal/arm64/KeychainAccess_lto.o -rdynamic -Xlinker -no_deduplicate -Xlinker -dependency_info -Xlinker /Users/mario/Library/Developer/Xcode/DerivedData/GitMac-ajzvmgpdmfwzmdcrxkxdwaxrxbzy/Build/Intermediates.noindex/KeychainAccess.build/Debug/KeychainAccess.build/Objects-normal/arm64/KeychainAccess_dependency_info.dat -fobjc-link-runtime -L/Applications/Xcode.app/Contents/Developer/Toolchains/XcodeDefault.xctoolchain/usr/lib/swift/macosx -L/usr/lib/swift -Xlinker -add_ast_path -Xlinker /Users/mario/Library/Developer/Xcode/DerivedData/GitMac-ajzvmgpdmfwzmdcrxkxdwaxrxbzy/Build/Intermediates.noindex/KeychainAccess.build/Debug/KeychainAccess.build/Objects-normal/arm64/KeychainAccess.swiftmodule @/Users/mario/Library/Developer/Xcode/DerivedData/GitMac-ajzvmgpdmfwzmdcrxkxdwaxrxbzy/Build/Intermediates.noindex/KeychainAccess.build/Debug/KeychainAccess.build/Objects-normal/arm64/KeychainAccess-linker-args.resp -o /Users/mario/Library/Developer/Xcode/DerivedData/GitMac-ajzvmgpdmfwzmdcrxkxdwaxrxbzy/Build/Products/Debug/KeychainAccess.o

SwiftDriver\ Compilation Splash normal arm64 com.apple.xcode.tools.swift.compiler (in target 'Splash' from project 'Splash')
    cd /Users/mario/Sites/localhost/GitMac/GitMac.xcodeproj
    builtin-Swift-Compilation -- /Applications/Xcode.app/Contents/Developer/Toolchains/XcodeDefault.xctoolchain/usr/bin/swiftc -module-name Splash -Onone -enforce-exclusivity\=checked @/Users/mario/Library/Developer/Xcode/DerivedData/GitMac-ajzvmgpdmfwzmdcrxkxdwaxrxbzy/Build/Intermediates.noindex/Splash.build/Debug/Splash.build/Objects-normal/arm64/Splash.SwiftFileList -DSWIFT_PACKAGE -DDEBUG -DSWIFT_MODULE_RESOURCE_BUNDLE_UNAVAILABLE -DXcode -plugin-path /Applications/Xcode.app/Contents/Developer/Toolchains/XcodeDefault.xctoolchain/usr/lib/swift/host/plugins/testing -enable-experimental-feature DebugDescriptionMacro -sdk /Applications/Xcode.app/Contents/Developer/Platforms/MacOSX.platform/Developer/SDKs/MacOSX26.2.sdk -target arm64-apple-macos10.13 -g -module-cache-path /Users/mario/Library/Developer/Xcode/DerivedData/ModuleCache.noindex -Xfrontend -serialize-debugging-options -enable-testing -suppress-warnings -index-store-path /Users/mario/Library/Developer/Xcode/DerivedData/GitMac-ajzvmgpdmfwzmdcrxkxdwaxrxbzy/Index.noindex/DataStore -Xcc -D_LIBCPP_HARDENING_MODE\=_LIBCPP_HARDENING_MODE_DEBUG -swift-version 5 -I /Users/mario/Library/Developer/Xcode/DerivedData/GitMac-ajzvmgpdmfwzmdcrxkxdwaxrxbzy/Build/Products/Debug -Isystem /Applications/Xcode.app/Contents/Developer/Platforms/MacOSX.platform/Developer/usr/lib -F /Users/mario/Library/Developer/Xcode/DerivedData/GitMac-ajzvmgpdmfwzmdcrxkxdwaxrxbzy/Build/Products/Debug -F /Applications/Xcode.app/Contents/Developer/Platforms/MacOSX.platform/Developer/Library/Frameworks -c -j8 -enable-batch-mode -incremental -Xcc -ivfsstatcache -Xcc /Users/mario/Library/Developer/Xcode/DerivedData/SDKStatCaches.noindex/macosx26.2-25C57-3885c01c3e6b6a337905948deab2002e00fa09913b459cbbc988d1f6730289ae.sdkstatcache -output-file-map /Users/mario/Library/Developer/Xcode/DerivedData/GitMac-ajzvmgpdmfwzmdcrxkxdwaxrxbzy/Build/Intermediates.noindex/Splash.build/Debug/Splash.build/Objects-normal/arm64/Splash-OutputFileMap.json -use-frontend-parseable-output -save-temps -no-color-diagnostics -explicit-module-build -module-cache-path /Users/mario/Library/Developer/Xcode/DerivedData/GitMac-ajzvmgpdmfwzmdcrxkxdwaxrxbzy/Build/Intermediates.noindex/SwiftExplicitPrecompiledModules -clang-scanner-module-cache-path /Users/mario/Library/Developer/Xcode/DerivedData/ModuleCache.noindex -sdk-module-cache-path /Users/mario/Library/Developer/Xcode/DerivedData/ModuleCache.noindex -serialize-diagnostics -emit-dependencies -emit-module -emit-module-path /Users/mario/Library/Developer/Xcode/DerivedData/GitMac-ajzvmgpdmfwzmdcrxkxdwaxrxbzy/Build/Intermediates.noindex/Splash.build/Debug/Splash.build/Objects-normal/arm64/Splash.swiftmodule -validate-clang-modules-once -clang-build-session-file /Users/mario/Library/Developer/Xcode/DerivedData/ModuleCache.noindex/Session.modulevalidation -Xcc -I/Users/mario/Library/Developer/Xcode/DerivedData/GitMac-ajzvmgpdmfwzmdcrxkxdwaxrxbzy/Build/Intermediates.noindex/Splash.build/Debug/Splash.build/swift-overrides.hmap -emit-const-values -Xfrontend -const-gather-protocols-file -Xfrontend /Users/mario/Library/Developer/Xcode/DerivedData/GitMac-ajzvmgpdmfwzmdcrxkxdwaxrxbzy/Build/Intermediates.noindex/Splash.build/Debug/Splash.build/Objects-normal/arm64/Splash_const_extract_protocols.json -Xcc -I/Users/mario/Library/Developer/Xcode/DerivedData/GitMac-ajzvmgpdmfwzmdcrxkxdwaxrxbzy/Build/Products/Debug/include -Xcc -I/Users/mario/Library/Developer/Xcode/DerivedData/GitMac-ajzvmgpdmfwzmdcrxkxdwaxrxbzy/Build/Intermediates.noindex/Splash.build/Debug/Splash.build/DerivedSources-normal/arm64 -Xcc -I/Users/mario/Library/Developer/Xcode/DerivedData/GitMac-ajzvmgpdmfwzmdcrxkxdwaxrxbzy/Build/Intermediates.noindex/Splash.build/Debug/Splash.build/DerivedSources/arm64 -Xcc -I/Users/mario/Library/Developer/Xcode/DerivedData/GitMac-ajzvmgpdmfwzmdcrxkxdwaxrxbzy/Build/Intermediates.noindex/Splash.build/Debug/Splash.build/DerivedSources -Xcc -DSWIFT_PACKAGE -Xcc -DDEBUG\=1 -emit-objc-header -emit-objc-header-path /Users/mario/Library/Developer/Xcode/DerivedData/GitMac-ajzvmgpdmfwzmdcrxkxdwaxrxbzy/Build/Intermediates.noindex/Splash.build/Debug/Splash.build/Objects-normal/arm64/Splash-Swift.h -working-directory /Users/mario/Sites/localhost/GitMac/GitMac.xcodeproj -experimental-emit-module-separately -disable-cmo

Ld /Users/mario/Library/Developer/Xcode/DerivedData/GitMac-ajzvmgpdmfwzmdcrxkxdwaxrxbzy/Build/Products/Debug/Splash.o normal (in target 'Splash' from project 'Splash')
    cd /Users/mario/Library/Developer/Xcode/DerivedData/GitMac-ajzvmgpdmfwzmdcrxkxdwaxrxbzy/SourcePackages/checkouts/Splash
    /Applications/Xcode.app/Contents/Developer/Toolchains/XcodeDefault.xctoolchain/usr/bin/clang -Xlinker -reproducible -target arm64-apple-macos10.13 -r -isysroot /Applications/Xcode.app/Contents/Developer/Platforms/MacOSX.platform/Developer/SDKs/MacOSX26.2.sdk -O0 -w -L/Users/mario/Library/Developer/Xcode/DerivedData/GitMac-ajzvmgpdmfwzmdcrxkxdwaxrxbzy/Build/Intermediates.noindex/EagerLinkingTBDs/Debug -L/Users/mario/Library/Developer/Xcode/DerivedData/GitMac-ajzvmgpdmfwzmdcrxkxdwaxrxbzy/Build/Products/Debug -L/Applications/Xcode.app/Contents/Developer/Platforms/MacOSX.platform/Developer/usr/lib -F/Users/mario/Library/Developer/Xcode/DerivedData/GitMac-ajzvmgpdmfwzmdcrxkxdwaxrxbzy/Build/Intermediates.noindex/EagerLinkingTBDs/Debug -F/Users/mario/Library/Developer/Xcode/DerivedData/GitMac-ajzvmgpdmfwzmdcrxkxdwaxrxbzy/Build/Products/Debug -iframework /Applications/Xcode.app/Contents/Developer/Platforms/MacOSX.platform/Developer/Library/Frameworks -filelist /Users/mario/Library/Developer/Xcode/DerivedData/GitMac-ajzvmgpdmfwzmdcrxkxdwaxrxbzy/Build/Intermediates.noindex/Splash.build/Debug/Splash.build/Objects-normal/arm64/Splash.LinkFileList -nostdlib -Xlinker -object_path_lto -Xlinker /Users/mario/Library/Developer/Xcode/DerivedData/GitMac-ajzvmgpdmfwzmdcrxkxdwaxrxbzy/Build/Intermediates.noindex/Splash.build/Debug/Splash.build/Objects-normal/arm64/Splash_lto.o -rdynamic -Xlinker -no_deduplicate -Xlinker -dependency_info -Xlinker /Users/mario/Library/Developer/Xcode/DerivedData/GitMac-ajzvmgpdmfwzmdcrxkxdwaxrxbzy/Build/Intermediates.noindex/Splash.build/Debug/Splash.build/Objects-normal/arm64/Splash_dependency_info.dat -fobjc-link-runtime -L/Applications/Xcode.app/Contents/Developer/Toolchains/XcodeDefault.xctoolchain/usr/lib/swift/macosx -L/usr/lib/swift -Xlinker -add_ast_path -Xlinker /Users/mario/Library/Developer/Xcode/DerivedData/GitMac-ajzvmgpdmfwzmdcrxkxdwaxrxbzy/Build/Intermediates.noindex/Splash.build/Debug/Splash.build/Objects-normal/arm64/Splash.swiftmodule @/Users/mario/Library/Developer/Xcode/DerivedData/GitMac-ajzvmgpdmfwzmdcrxkxdwaxrxbzy/Build/Intermediates.noindex/Splash.build/Debug/Splash.build/Objects-normal/arm64/Splash-linker-args.resp -o /Users/mario/Library/Developer/Xcode/DerivedData/GitMac-ajzvmgpdmfwzmdcrxkxdwaxrxbzy/Build/Products/Debug/Splash.o

RegisterExecutionPolicyException /Users/mario/Library/Developer/Xcode/DerivedData/GitMac-ajzvmgpdmfwzmdcrxkxdwaxrxbzy/Build/Products/Debug/DifferenceKit.o (in target 'DifferenceKit' from project 'DifferenceKit')
    cd /Users/mario/Library/Developer/Xcode/DerivedData/GitMac-ajzvmgpdmfwzmdcrxkxdwaxrxbzy/SourcePackages/checkouts/DifferenceKit
    builtin-RegisterExecutionPolicyException /Users/mario/Library/Developer/Xcode/DerivedData/GitMac-ajzvmgpdmfwzmdcrxkxdwaxrxbzy/Build/Products/Debug/DifferenceKit.o

ExtractAppIntentsMetadata (in target 'KeychainAccess' from project 'KeychainAccess')
    cd /Users/mario/Library/Developer/Xcode/DerivedData/GitMac-ajzvmgpdmfwzmdcrxkxdwaxrxbzy/SourcePackages/checkouts/KeychainAccess
    /Applications/Xcode.app/Contents/Developer/Toolchains/XcodeDefault.xctoolchain/usr/bin/appintentsmetadataprocessor --toolchain-dir /var/run/com.apple.security.cryptexd/mnt/com.apple.MobileAsset.MetalToolchain-v17.3.48.0.8L3plv/Metal.xctoolchain --module-name KeychainAccess --sdk-root /Applications/Xcode.app/Contents/Developer/Platforms/MacOSX.platform/Developer/SDKs/MacOSX26.2.sdk --xcode-version 17C52 --platform-family macOS --deployment-target 10.13 --bundle-identifier keychainaccess.KeychainAccess --output /Users/mario/Library/Developer/Xcode/DerivedData/GitMac-ajzvmgpdmfwzmdcrxkxdwaxrxbzy/Build/Products/Debug/KeychainAccess.appintents --target-triple arm64-apple-macos10.13 --binary-file /Users/mario/Library/Developer/Xcode/DerivedData/GitMac-ajzvmgpdmfwzmdcrxkxdwaxrxbzy/Build/Products/Debug/KeychainAccess.o --dependency-file /Users/mario/Library/Developer/Xcode/DerivedData/GitMac-ajzvmgpdmfwzmdcrxkxdwaxrxbzy/Build/Intermediates.noindex/KeychainAccess.build/Debug/KeychainAccess.build/Objects-normal/arm64/KeychainAccess_dependency_info.dat --stringsdata-file /Users/mario/Library/Developer/Xcode/DerivedData/GitMac-ajzvmgpdmfwzmdcrxkxdwaxrxbzy/Build/Intermediates.noindex/KeychainAccess.build/Debug/KeychainAccess.build/Objects-normal/arm64/ExtractedAppShortcutsMetadata.stringsdata --source-file-list /Users/mario/Library/Developer/Xcode/DerivedData/GitMac-ajzvmgpdmfwzmdcrxkxdwaxrxbzy/Build/Intermediates.noindex/KeychainAccess.build/Debug/KeychainAccess.build/Objects-normal/arm64/KeychainAccess.SwiftFileList --metadata-file-list /Users/mario/Library/Developer/Xcode/DerivedData/GitMac-ajzvmgpdmfwzmdcrxkxdwaxrxbzy/Build/Intermediates.noindex/KeychainAccess.build/Debug/KeychainAccess.build/KeychainAccess.DependencyMetadataFileList --static-metadata-file-list /Users/mario/Library/Developer/Xcode/DerivedData/GitMac-ajzvmgpdmfwzmdcrxkxdwaxrxbzy/Build/Intermediates.noindex/KeychainAccess.build/Debug/KeychainAccess.build/KeychainAccess.DependencyStaticMetadataFileList --swift-const-vals-list /Users/mario/Library/Developer/Xcode/DerivedData/GitMac-ajzvmgpdmfwzmdcrxkxdwaxrxbzy/Build/Intermediates.noindex/KeychainAccess.build/Debug/KeychainAccess.build/Objects-normal/arm64/KeychainAccess.SwiftConstValuesFileList --force --compile-time-extraction --deployment-aware-processing --validate-assistant-intents --no-app-shortcuts-localization
2026-01-02 19:54:40.291 appintentsmetadataprocessor[294:11784920] Starting appintentsmetadataprocessor export
2026-01-02 19:54:40.571 appintentsmetadataprocessor[294:11784920] Extracted no relevant App Intents symbols, skipping writing output

ExtractAppIntentsMetadata (in target 'Splash' from project 'Splash')
    cd /Users/mario/Library/Developer/Xcode/DerivedData/GitMac-ajzvmgpdmfwzmdcrxkxdwaxrxbzy/SourcePackages/checkouts/Splash
    /Applications/Xcode.app/Contents/Developer/Toolchains/XcodeDefault.xctoolchain/usr/bin/appintentsmetadataprocessor --toolchain-dir /var/run/com.apple.security.cryptexd/mnt/com.apple.MobileAsset.MetalToolchain-v17.3.48.0.8L3plv/Metal.xctoolchain --module-name Splash --sdk-root /Applications/Xcode.app/Contents/Developer/Platforms/MacOSX.platform/Developer/SDKs/MacOSX26.2.sdk --xcode-version 17C52 --platform-family macOS --deployment-target 10.13 --bundle-identifier splash.Splash --output /Users/mario/Library/Developer/Xcode/DerivedData/GitMac-ajzvmgpdmfwzmdcrxkxdwaxrxbzy/Build/Products/Debug/Splash.appintents --target-triple arm64-apple-macos10.13 --binary-file /Users/mario/Library/Developer/Xcode/DerivedData/GitMac-ajzvmgpdmfwzmdcrxkxdwaxrxbzy/Build/Products/Debug/Splash.o --dependency-file /Users/mario/Library/Developer/Xcode/DerivedData/GitMac-ajzvmgpdmfwzmdcrxkxdwaxrxbzy/Build/Intermediates.noindex/Splash.build/Debug/Splash.build/Objects-normal/arm64/Splash_dependency_info.dat --stringsdata-file /Users/mario/Library/Developer/Xcode/DerivedData/GitMac-ajzvmgpdmfwzmdcrxkxdwaxrxbzy/Build/Intermediates.noindex/Splash.build/Debug/Splash.build/Objects-normal/arm64/ExtractedAppShortcutsMetadata.stringsdata --source-file-list /Users/mario/Library/Developer/Xcode/DerivedData/GitMac-ajzvmgpdmfwzmdcrxkxdwaxrxbzy/Build/Intermediates.noindex/Splash.build/Debug/Splash.build/Objects-normal/arm64/Splash.SwiftFileList --metadata-file-list /Users/mario/Library/Developer/Xcode/DerivedData/GitMac-ajzvmgpdmfwzmdcrxkxdwaxrxbzy/Build/Intermediates.noindex/Splash.build/Debug/Splash.build/Splash.DependencyMetadataFileList --static-metadata-file-list /Users/mario/Library/Developer/Xcode/DerivedData/GitMac-ajzvmgpdmfwzmdcrxkxdwaxrxbzy/Build/Intermediates.noindex/Splash.build/Debug/Splash.build/Splash.DependencyStaticMetadataFileList --swift-const-vals-list /Users/mario/Library/Developer/Xcode/DerivedData/GitMac-ajzvmgpdmfwzmdcrxkxdwaxrxbzy/Build/Intermediates.noindex/Splash.build/Debug/Splash.build/Objects-normal/arm64/Splash.SwiftConstValuesFileList --force --compile-time-extraction --deployment-aware-processing --validate-assistant-intents --no-app-shortcuts-localization
2026-01-02 19:54:40.321 appintentsmetadataprocessor[295:11784921] Starting appintentsmetadataprocessor export
2026-01-02 19:54:40.561 appintentsmetadataprocessor[295:11784921] Extracted no relevant App Intents symbols, skipping writing output

RegisterExecutionPolicyException /Users/mario/Library/Developer/Xcode/DerivedData/GitMac-ajzvmgpdmfwzmdcrxkxdwaxrxbzy/Build/Products/Debug/Splash.o (in target 'Splash' from project 'Splash')
    cd /Users/mario/Library/Developer/Xcode/DerivedData/GitMac-ajzvmgpdmfwzmdcrxkxdwaxrxbzy/SourcePackages/checkouts/Splash
    builtin-RegisterExecutionPolicyException /Users/mario/Library/Developer/Xcode/DerivedData/GitMac-ajzvmgpdmfwzmdcrxkxdwaxrxbzy/Build/Products/Debug/Splash.o

RegisterExecutionPolicyException /Users/mario/Library/Developer/Xcode/DerivedData/GitMac-ajzvmgpdmfwzmdcrxkxdwaxrxbzy/Build/Products/Debug/KeychainAccess.o (in target 'KeychainAccess' from project 'KeychainAccess')
    cd /Users/mario/Library/Developer/Xcode/DerivedData/GitMac-ajzvmgpdmfwzmdcrxkxdwaxrxbzy/SourcePackages/checkouts/KeychainAccess
    builtin-RegisterExecutionPolicyException /Users/mario/Library/Developer/Xcode/DerivedData/GitMac-ajzvmgpdmfwzmdcrxkxdwaxrxbzy/Build/Products/Debug/KeychainAccess.o

CpResource /Users/mario/Library/Developer/Xcode/DerivedData/GitMac-ajzvmgpdmfwzmdcrxkxdwaxrxbzy/Build/Products/Debug/GitMac.app/Contents/Resources/WARNING_FIXES.md /Users/mario/Sites/localhost/GitMac/GitMac/WARNING_FIXES.md (in target 'GitMac' from project 'GitMac')
    cd /Users/mario/Sites/localhost/GitMac
    builtin-copy -exclude .DS_Store -exclude CVS -exclude .svn -exclude .git -exclude .hg -resolve-src-symlinks /Users/mario/Sites/localhost/GitMac/GitMac/WARNING_FIXES.md /Users/mario/Library/Developer/Xcode/DerivedData/GitMac-ajzvmgpdmfwzmdcrxkxdwaxrxbzy/Build/Products/Debug/GitMac.app/Contents/Resources

CpResource /Users/mario/Library/Developer/Xcode/DerivedData/GitMac-ajzvmgpdmfwzmdcrxkxdwaxrxbzy/Build/Products/Debug/GitMac.app/Contents/Resources/REVIEW_GUIDE.md /Users/mario/Sites/localhost/GitMac/GitMac/REVIEW_GUIDE.md (in target 'GitMac' from project 'GitMac')
    cd /Users/mario/Sites/localhost/GitMac
    builtin-copy -exclude .DS_Store -exclude CVS -exclude .svn -exclude .git -exclude .hg -resolve-src-symlinks /Users/mario/Sites/localhost/GitMac/GitMac/REVIEW_GUIDE.md /Users/mario/Library/Developer/Xcode/DerivedData/GitMac-ajzvmgpdmfwzmdcrxkxdwaxrxbzy/Build/Products/Debug/GitMac.app/Contents/Resources

CpResource /Users/mario/Library/Developer/Xcode/DerivedData/GitMac-ajzvmgpdmfwzmdcrxkxdwaxrxbzy/Build/Products/Debug/GitMac.app/Contents/Resources/REMOTE_STATUS_INTEGRATION.md /Users/mario/Sites/localhost/GitMac/GitMac/REMOTE_STATUS_INTEGRATION.md (in target 'GitMac' from project 'GitMac')
    cd /Users/mario/Sites/localhost/GitMac
    builtin-copy -exclude .DS_Store -exclude CVS -exclude .svn -exclude .git -exclude .hg -resolve-src-symlinks /Users/mario/Sites/localhost/GitMac/GitMac/REMOTE_STATUS_INTEGRATION.md /Users/mario/Library/Developer/Xcode/DerivedData/GitMac-ajzvmgpdmfwzmdcrxkxdwaxrxbzy/Build/Products/Debug/GitMac.app/Contents/Resources

CpResource /Users/mario/Library/Developer/Xcode/DerivedData/GitMac-ajzvmgpdmfwzmdcrxkxdwaxrxbzy/Build/Products/Debug/GitMac.app/Contents/Resources/QUICK_START.md /Users/mario/Sites/localhost/GitMac/GitMac/QUICK_START.md (in target 'GitMac' from project 'GitMac')
    cd /Users/mario/Sites/localhost/GitMac
    builtin-copy -exclude .DS_Store -exclude CVS -exclude .svn -exclude .git -exclude .hg -resolve-src-symlinks /Users/mario/Sites/localhost/GitMac/GitMac/QUICK_START.md /Users/mario/Library/Developer/Xcode/DerivedData/GitMac-ajzvmgpdmfwzmdcrxkxdwaxrxbzy/Build/Products/Debug/GitMac.app/Contents/Resources

CpResource /Users/mario/Library/Developer/Xcode/DerivedData/GitMac-ajzvmgpdmfwzmdcrxkxdwaxrxbzy/Build/Products/Debug/GitMac.app/Contents/Resources/INTEGRATION_GUIDE.md /Users/mario/Sites/localhost/GitMac/GitMac/INTEGRATION_GUIDE.md (in target 'GitMac' from project 'GitMac')
    cd /Users/mario/Sites/localhost/GitMac
    builtin-copy -exclude .DS_Store -exclude CVS -exclude .svn -exclude .git -exclude .hg -resolve-src-symlinks /Users/mario/Sites/localhost/GitMac/GitMac/INTEGRATION_GUIDE.md /Users/mario/Library/Developer/Xcode/DerivedData/GitMac-ajzvmgpdmfwzmdcrxkxdwaxrxbzy/Build/Products/Debug/GitMac.app/Contents/Resources

CpResource /Users/mario/Library/Developer/Xcode/DerivedData/GitMac-ajzvmgpdmfwzmdcrxkxdwaxrxbzy/Build/Products/Debug/GitMac.app/Contents/Resources/INTEGRATION_CHECKLIST.md /Users/mario/Sites/localhost/GitMac/GitMac/INTEGRATION_CHECKLIST.md (in target 'GitMac' from project 'GitMac')
    cd /Users/mario/Sites/localhost/GitMac
    builtin-copy -exclude .DS_Store -exclude CVS -exclude .svn -exclude .git -exclude .hg -resolve-src-symlinks /Users/mario/Sites/localhost/GitMac/GitMac/INTEGRATION_CHECKLIST.md /Users/mario/Library/Developer/Xcode/DerivedData/GitMac-ajzvmgpdmfwzmdcrxkxdwaxrxbzy/Build/Products/Debug/GitMac.app/Contents/Resources

Ld /Users/mario/Library/Developer/Xcode/DerivedData/GitMac-ajzvmgpdmfwzmdcrxkxdwaxrxbzy/Build/Products/Debug/GitMac.app/Contents/MacOS/__preview.dylib normal (in target 'GitMac' from project 'GitMac')
    cd /Users/mario/Sites/localhost/GitMac
    /Applications/Xcode.app/Contents/Developer/Toolchains/XcodeDefault.xctoolchain/usr/bin/clang -Xlinker -reproducible -target arm64-apple-macos14.0 -dynamiclib -isysroot /Applications/Xcode.app/Contents/Developer/Platforms/MacOSX.platform/Developer/SDKs/MacOSX26.2.sdk -O0 -L/Users/mario/Library/Developer/Xcode/DerivedData/GitMac-ajzvmgpdmfwzmdcrxkxdwaxrxbzy/Build/Products/Debug -L/Users/mario/Sites/localhost/GitMac/Frameworks/GhosttyKit.xcframework/macos-arm64_x86_64 -L/Users/mario/Sites/localhost/GitMac/GitMac/Features/BottomPanel/Views -L/Users/mario/Sites/localhost/GitMac/GitMac/Features/BottomPanel/ViewModels -L/Users/mario/Sites/localhost/GitMac/GitMac/Core/Services/AI -L/Users/mario/Sites/localhost/GitMac/GitMac/Features/Analytics -L/Users/mario/Sites/localhost/GitMac/GitMac/Core/Services -L/Users/mario/Sites/localhost/GitMac/GitMac/Features/CodeReview -F/Users/mario/Library/Developer/Xcode/DerivedData/GitMac-ajzvmgpdmfwzmdcrxkxdwaxrxbzy/Build/Products/Debug/PackageFrameworks -F/Users/mario/Library/Developer/Xcode/DerivedData/GitMac-ajzvmgpdmfwzmdcrxkxdwaxrxbzy/Build/Products/Debug/PackageFrameworks -F/Users/mario/Library/Developer/Xcode/DerivedData/GitMac-ajzvmgpdmfwzmdcrxkxdwaxrxbzy/Build/Products/Debug/PackageFrameworks -F/Users/mario/Library/Developer/Xcode/DerivedData/GitMac-ajzvmgpdmfwzmdcrxkxdwaxrxbzy/Build/Products/Debug -F/Users/mario/Sites/localhost/GitMac/Frameworks -install_name @rpath/GitMac.debug.dylib -dead_strip -rdynamic -Xlinker -no_deduplicate -Xlinker -dependency_info -Xlinker /Users/mario/Library/Developer/Xcode/DerivedData/GitMac-ajzvmgpdmfwzmdcrxkxdwaxrxbzy/Build/Intermediates.noindex/GitMac.build/Debug/GitMac.build/Objects-normal/arm64/GitMac_dependency_info.dat -Xlinker -no_adhoc_codesign -o /Users/mario/Library/Developer/Xcode/DerivedData/GitMac-ajzvmgpdmfwzmdcrxkxdwaxrxbzy/Build/Products/Debug/GitMac.app/Contents/MacOS/__preview.dylib

CpResource /Users/mario/Library/Developer/Xcode/DerivedData/GitMac-ajzvmgpdmfwzmdcrxkxdwaxrxbzy/Build/Products/Debug/GitMac.app/Contents/Resources/IMPLEMENTATION_ROADMAP.md /Users/mario/Sites/localhost/GitMac/GitMac/IMPLEMENTATION_ROADMAP.md (in target 'GitMac' from project 'GitMac')
    cd /Users/mario/Sites/localhost/GitMac
    builtin-copy -exclude .DS_Store -exclude CVS -exclude .svn -exclude .git -exclude .hg -resolve-src-symlinks /Users/mario/Sites/localhost/GitMac/GitMac/IMPLEMENTATION_ROADMAP.md /Users/mario/Library/Developer/Xcode/DerivedData/GitMac-ajzvmgpdmfwzmdcrxkxdwaxrxbzy/Build/Products/Debug/GitMac.app/Contents/Resources

CpResource /Users/mario/Library/Developer/Xcode/DerivedData/GitMac-ajzvmgpdmfwzmdcrxkxdwaxrxbzy/Build/Products/Debug/GitMac.app/Contents/Resources/FIX_BUILD_NOW.md /Users/mario/Sites/localhost/GitMac/GitMac/FIX_BUILD_NOW.md (in target 'GitMac' from project 'GitMac')
    cd /Users/mario/Sites/localhost/GitMac
    builtin-copy -exclude .DS_Store -exclude CVS -exclude .svn -exclude .git -exclude .hg -resolve-src-symlinks /Users/mario/Sites/localhost/GitMac/GitMac/FIX_BUILD_NOW.md /Users/mario/Library/Developer/Xcode/DerivedData/GitMac-ajzvmgpdmfwzmdcrxkxdwaxrxbzy/Build/Products/Debug/GitMac.app/Contents/Resources

CpResource /Users/mario/Library/Developer/Xcode/DerivedData/GitMac-ajzvmgpdmfwzmdcrxkxdwaxrxbzy/Build/Products/Debug/GitMac.app/Contents/Resources/FASE3_PROGRESS.md /Users/mario/Sites/localhost/GitMac/GitMac/FASE3_PROGRESS.md (in target 'GitMac' from project 'GitMac')
    cd /Users/mario/Sites/localhost/GitMac
    builtin-copy -exclude .DS_Store -exclude CVS -exclude .svn -exclude .git -exclude .hg -resolve-src-symlinks /Users/mario/Sites/localhost/GitMac/GitMac/FASE3_PROGRESS.md /Users/mario/Library/Developer/Xcode/DerivedData/GitMac-ajzvmgpdmfwzmdcrxkxdwaxrxbzy/Build/Products/Debug/GitMac.app/Contents/Resources

CpResource /Users/mario/Library/Developer/Xcode/DerivedData/GitMac-ajzvmgpdmfwzmdcrxkxdwaxrxbzy/Build/Products/Debug/GitMac.app/Contents/Resources/BUILD_FIX.md /Users/mario/Sites/localhost/GitMac/GitMac/BUILD_FIX.md (in target 'GitMac' from project 'GitMac')
    cd /Users/mario/Sites/localhost/GitMac
    builtin-copy -exclude .DS_Store -exclude CVS -exclude .svn -exclude .git -exclude .hg -resolve-src-symlinks /Users/mario/Sites/localhost/GitMac/GitMac/BUILD_FIX.md /Users/mario/Library/Developer/Xcode/DerivedData/GitMac-ajzvmgpdmfwzmdcrxkxdwaxrxbzy/Build/Products/Debug/GitMac.app/Contents/Resources

LinkAssetCatalog /Users/mario/Sites/localhost/GitMac/GitMac/Assets.xcassets (in target 'GitMac' from project 'GitMac')
    cd /Users/mario/Sites/localhost/GitMac
    builtin-linkAssetCatalog --thinned /Users/mario/Library/Developer/Xcode/DerivedData/GitMac-ajzvmgpdmfwzmdcrxkxdwaxrxbzy/Build/Intermediates.noindex/GitMac.build/Debug/GitMac.build/assetcatalog_output/thinned --thinned-dependencies /Users/mario/Library/Developer/Xcode/DerivedData/GitMac-ajzvmgpdmfwzmdcrxkxdwaxrxbzy/Build/Intermediates.noindex/GitMac.build/Debug/GitMac.build/assetcatalog_dependencies_thinned --thinned-info-plist-content /Users/mario/Library/Developer/Xcode/DerivedData/GitMac-ajzvmgpdmfwzmdcrxkxdwaxrxbzy/Build/Intermediates.noindex/GitMac.build/Debug/GitMac.build/assetcatalog_generated_info.plist_thinned --unthinned /Users/mario/Library/Developer/Xcode/DerivedData/GitMac-ajzvmgpdmfwzmdcrxkxdwaxrxbzy/Build/Intermediates.noindex/GitMac.build/Debug/GitMac.build/assetcatalog_output/unthinned --unthinned-dependencies /Users/mario/Library/Developer/Xcode/DerivedData/GitMac-ajzvmgpdmfwzmdcrxkxdwaxrxbzy/Build/Intermediates.noindex/GitMac.build/Debug/GitMac.build/assetcatalog_dependencies_unthinned --unthinned-info-plist-content /Users/mario/Library/Developer/Xcode/DerivedData/GitMac-ajzvmgpdmfwzmdcrxkxdwaxrxbzy/Build/Intermediates.noindex/GitMac.build/Debug/GitMac.build/assetcatalog_generated_info.plist_unthinned --output /Users/mario/Library/Developer/Xcode/DerivedData/GitMac-ajzvmgpdmfwzmdcrxkxdwaxrxbzy/Build/Products/Debug/GitMac.app/Contents/Resources --plist-output /Users/mario/Library/Developer/Xcode/DerivedData/GitMac-ajzvmgpdmfwzmdcrxkxdwaxrxbzy/Build/Intermediates.noindex/GitMac.build/Debug/GitMac.build/assetcatalog_generated_info.plist
note: Emplaced /Users/mario/Library/Developer/Xcode/DerivedData/GitMac-ajzvmgpdmfwzmdcrxkxdwaxrxbzy/Build/Products/Debug/GitMac.app/Contents/Resources/AppIcon.icns (in target 'GitMac' from project 'GitMac')
note: Emplaced /Users/mario/Library/Developer/Xcode/DerivedData/GitMac-ajzvmgpdmfwzmdcrxkxdwaxrxbzy/Build/Products/Debug/GitMac.app/Contents/Resources/Assets.car (in target 'GitMac' from project 'GitMac')

ProcessInfoPlistFile /Users/mario/Library/Developer/Xcode/DerivedData/GitMac-ajzvmgpdmfwzmdcrxkxdwaxrxbzy/Build/Products/Debug/GitMac.app/Contents/Info.plist /Users/mario/Sites/localhost/GitMac/GitMac/Info.plist (in target 'GitMac' from project 'GitMac')
    cd /Users/mario/Sites/localhost/GitMac
    builtin-infoPlistUtility /Users/mario/Sites/localhost/GitMac/GitMac/Info.plist -producttype com.apple.product-type.application -genpkginfo /Users/mario/Library/Developer/Xcode/DerivedData/GitMac-ajzvmgpdmfwzmdcrxkxdwaxrxbzy/Build/Products/Debug/GitMac.app/Contents/PkgInfo -expandbuildsettings -platform macosx -additionalcontentfile /Users/mario/Library/Developer/Xcode/DerivedData/GitMac-ajzvmgpdmfwzmdcrxkxdwaxrxbzy/Build/Intermediates.noindex/GitMac.build/Debug/GitMac.build/assetcatalog_generated_info.plist -o /Users/mario/Library/Developer/Xcode/DerivedData/GitMac-ajzvmgpdmfwzmdcrxkxdwaxrxbzy/Build/Products/Debug/GitMac.app/Contents/Info.plist

SwiftDriver GitMac normal arm64 com.apple.xcode.tools.swift.compiler (in target 'GitMac' from project 'GitMac')
    cd /Users/mario/Sites/localhost/GitMac
    builtin-SwiftDriver -- /Applications/Xcode.app/Contents/Developer/Toolchains/XcodeDefault.xctoolchain/usr/bin/swiftc -module-name GitMac -Onone -enforce-exclusivity\=checked @/Users/mario/Library/Developer/Xcode/DerivedData/GitMac-ajzvmgpdmfwzmdcrxkxdwaxrxbzy/Build/Intermediates.noindex/GitMac.build/Debug/GitMac.build/Objects-normal/arm64/GitMac.SwiftFileList -DDEBUG -DGHOSTTY_AVAILABLE -enable-experimental-feature DebugDescriptionMacro -sdk /Applications/Xcode.app/Contents/Developer/Platforms/MacOSX.platform/Developer/SDKs/MacOSX26.2.sdk -target arm64-apple-macos14.0 -g -module-cache-path /Users/mario/Library/Developer/Xcode/DerivedData/ModuleCache.noindex -Xfrontend -serialize-debugging-options -enable-testing -index-store-path /Users/mario/Library/Developer/Xcode/DerivedData/GitMac-ajzvmgpdmfwzmdcrxkxdwaxrxbzy/Index.noindex/DataStore -Xcc -D_LIBCPP_HARDENING_MODE\=_LIBCPP_HARDENING_MODE_DEBUG -swift-version 6 -I /Users/mario/Library/Developer/Xcode/DerivedData/GitMac-ajzvmgpdmfwzmdcrxkxdwaxrxbzy/Build/Products/Debug -F /Users/mario/Library/Developer/Xcode/DerivedData/GitMac-ajzvmgpdmfwzmdcrxkxdwaxrxbzy/Build/Products/Debug/PackageFrameworks -F /Users/mario/Library/Developer/Xcode/DerivedData/GitMac-ajzvmgpdmfwzmdcrxkxdwaxrxbzy/Build/Products/Debug/PackageFrameworks -F /Users/mario/Library/Developer/Xcode/DerivedData/GitMac-ajzvmgpdmfwzmdcrxkxdwaxrxbzy/Build/Products/Debug/PackageFrameworks -F /Users/mario/Library/Developer/Xcode/DerivedData/GitMac-ajzvmgpdmfwzmdcrxkxdwaxrxbzy/Build/Products/Debug -F /Users/mario/Sites/localhost/GitMac/Frameworks -emit-localized-strings -emit-localized-strings-path /Users/mario/Library/Developer/Xcode/DerivedData/GitMac-ajzvmgpdmfwzmdcrxkxdwaxrxbzy/Build/Intermediates.noindex/GitMac.build/Debug/GitMac.build/Objects-normal/arm64 -c -j8 -enable-batch-mode -incremental -Xcc -ivfsstatcache -Xcc /Users/mario/Library/Developer/Xcode/DerivedData/SDKStatCaches.noindex/macosx26.2-25C57-3885c01c3e6b6a337905948deab2002e00fa09913b459cbbc988d1f6730289ae.sdkstatcache -output-file-map /Users/mario/Library/Developer/Xcode/DerivedData/GitMac-ajzvmgpdmfwzmdcrxkxdwaxrxbzy/Build/Intermediates.noindex/GitMac.build/Debug/GitMac.build/Objects-normal/arm64/GitMac-OutputFileMap.json -use-frontend-parseable-output -save-temps -no-color-diagnostics -explicit-module-build -module-cache-path /Users/mario/Library/Developer/Xcode/DerivedData/GitMac-ajzvmgpdmfwzmdcrxkxdwaxrxbzy/Build/Intermediates.noindex/SwiftExplicitPrecompiledModules -clang-scanner-module-cache-path /Users/mario/Library/Developer/Xcode/DerivedData/ModuleCache.noindex -sdk-module-cache-path /Users/mario/Library/Developer/Xcode/DerivedData/ModuleCache.noindex -serialize-diagnostics -emit-dependencies -emit-module -emit-module-path /Users/mario/Library/Developer/Xcode/DerivedData/GitMac-ajzvmgpdmfwzmdcrxkxdwaxrxbzy/Build/Intermediates.noindex/GitMac.build/Debug/GitMac.build/Objects-normal/arm64/GitMac.swiftmodule -validate-clang-modules-once -clang-build-session-file /Users/mario/Library/Developer/Xcode/DerivedData/ModuleCache.noindex/Session.modulevalidation -Xcc -I/Users/mario/Library/Developer/Xcode/DerivedData/GitMac-ajzvmgpdmfwzmdcrxkxdwaxrxbzy/Build/Intermediates.noindex/GitMac.build/Debug/GitMac.build/swift-overrides.hmap -emit-const-values -Xfrontend -const-gather-protocols-file -Xfrontend /Users/mario/Library/Developer/Xcode/DerivedData/GitMac-ajzvmgpdmfwzmdcrxkxdwaxrxbzy/Build/Intermediates.noindex/GitMac.build/Debug/GitMac.build/Objects-normal/arm64/GitMac_const_extract_protocols.json -Xcc -iquote -Xcc /Users/mario/Library/Developer/Xcode/DerivedData/GitMac-ajzvmgpdmfwzmdcrxkxdwaxrxbzy/Build/Intermediates.noindex/GitMac.build/Debug/GitMac.build/GitMac-generated-files.hmap -Xcc -I/Users/mario/Library/Developer/Xcode/DerivedData/GitMac-ajzvmgpdmfwzmdcrxkxdwaxrxbzy/Build/Intermediates.noindex/GitMac.build/Debug/GitMac.build/GitMac-own-target-headers.hmap -Xcc -I/Users/mario/Library/Developer/Xcode/DerivedData/GitMac-ajzvmgpdmfwzmdcrxkxdwaxrxbzy/Build/Intermediates.noindex/GitMac.build/Debug/GitMac.build/GitMac-all-non-framework-target-headers.hmap -Xcc -ivfsoverlay -Xcc /Users/mario/Library/Developer/Xcode/DerivedData/GitMac-ajzvmgpdmfwzmdcrxkxdwaxrxbzy/Build/Intermediates.noindex/GitMac.build/Debug/GitMac-ac94e38d53dc433a402cb85bc9264911-VFS/all-product-headers.yaml -Xcc -iquote -Xcc /Users/mario/Library/Developer/Xcode/DerivedData/GitMac-ajzvmgpdmfwzmdcrxkxdwaxrxbzy/Build/Intermediates.noindex/GitMac.build/Debug/GitMac.build/GitMac-project-headers.hmap -Xcc -I/Users/mario/Library/Developer/Xcode/DerivedData/GitMac-ajzvmgpdmfwzmdcrxkxdwaxrxbzy/Build/Products/Debug/include -Xcc -I/Users/mario/Sites/localhost/GitMac/Frameworks/GhosttyKit.xcframework/macos-arm64_x86_64/Headers -Xcc -I/Users/mario/Library/Developer/Xcode/DerivedData/GitMac-ajzvmgpdmfwzmdcrxkxdwaxrxbzy/Build/Intermediates.noindex/GitMac.build/Debug/GitMac.build/DerivedSources-normal/arm64 -Xcc -I/Users/mario/Library/Developer/Xcode/DerivedData/GitMac-ajzvmgpdmfwzmdcrxkxdwaxrxbzy/Build/Intermediates.noindex/GitMac.build/Debug/GitMac.build/DerivedSources/arm64 -Xcc -I/Users/mario/Library/Developer/Xcode/DerivedData/GitMac-ajzvmgpdmfwzmdcrxkxdwaxrxbzy/Build/Intermediates.noindex/GitMac.build/Debug/GitMac.build/DerivedSources -Xcc -DDEBUG\=1 -emit-objc-header -emit-objc-header-path /Users/mario/Library/Developer/Xcode/DerivedData/GitMac-ajzvmgpdmfwzmdcrxkxdwaxrxbzy/Build/Intermediates.noindex/GitMac.build/Debug/GitMac.build/Objects-normal/arm64/GitMac-Swift.h -import-objc-header /Users/mario/Sites/localhost/GitMac/GitMac/GitMac-Bridging-Header.h -working-directory /Users/mario/Sites/localhost/GitMac -experimental-emit-module-separately -disable-cmo

SwiftExplicitDependencyGeneratePcm arm64 /Users/mario/Library/Developer/Xcode/DerivedData/GitMac-ajzvmgpdmfwzmdcrxkxdwaxrxbzy/Build/Intermediates.noindex/SwiftExplicitPrecompiledModules/GhosttyKit-E42I08R0MSQCZVQU4JYBK0L55.pcm
<module-includes>:1:9: note: in file included from <module-includes>:1:
1 | #import "ghostty.h"
  |         `- note: in file included from <module-includes>:1:
2 | 

/Users/mario/Sites/localhost/GitMac/Frameworks/GhosttyKit.xcframework/macos-arm64_x86_64/Headers/ghostty.h:1131:1: warning: umbrella header for module 'GhosttyKit' does not include header '/ghostty/vt/key.h'
1129 | 
1130 | #endif /* GHOSTTY_H */
1131 | 
     | `- warning: umbrella header for module 'GhosttyKit' does not include header '/ghostty/vt/key.h'

<module-includes>:1:9: note: in file included from <module-includes>:1:
1 | #import "ghostty.h"
  |         `- note: in file included from <module-includes>:1:
2 | 

/Users/mario/Sites/localhost/GitMac/Frameworks/GhosttyKit.xcframework/macos-arm64_x86_64/Headers/ghostty.h:1131:1: warning: umbrella header for module 'GhosttyKit' does not include header '/ghostty/vt/result.h'
1129 | 
1130 | #endif /* GHOSTTY_H */
1131 | 
     | `- warning: umbrella header for module 'GhosttyKit' does not include header '/ghostty/vt/result.h'

<module-includes>:1:9: note: in file included from <module-includes>:1:
1 | #import "ghostty.h"
  |         `- note: in file included from <module-includes>:1:
2 | 

/Users/mario/Sites/localhost/GitMac/Frameworks/GhosttyKit.xcframework/macos-arm64_x86_64/Headers/ghostty.h:1131:1: warning: umbrella header for module 'GhosttyKit' does not include header '/ghostty/vt/color.h'
1129 | 
1130 | #endif /* GHOSTTY_H */
1131 | 
     | `- warning: umbrella header for module 'GhosttyKit' does not include header '/ghostty/vt/color.h'

<module-includes>:1:9: note: in file included from <module-includes>:1:
1 | #import "ghostty.h"
  |         `- note: in file included from <module-includes>:1:
2 | 

/Users/mario/Sites/localhost/GitMac/Frameworks/GhosttyKit.xcframework/macos-arm64_x86_64/Headers/ghostty.h:1131:1: warning: umbrella header for module 'GhosttyKit' does not include header '/ghostty/vt/key/event.h'
1129 | 
1130 | #endif /* GHOSTTY_H */
1131 | 
     | `- warning: umbrella header for module 'GhosttyKit' does not include header '/ghostty/vt/key/event.h'

<module-includes>:1:9: note: in file included from <module-includes>:1:
1 | #import "ghostty.h"
  |         `- note: in file included from <module-includes>:1:
2 | 

/Users/mario/Sites/localhost/GitMac/Frameworks/GhosttyKit.xcframework/macos-arm64_x86_64/Headers/ghostty.h:1131:1: warning: umbrella header for module 'GhosttyKit' does not include header '/ghostty/vt/key/encoder.h'
1129 | 
1130 | #endif /* GHOSTTY_H */
1131 | 
     | `- warning: umbrella header for module 'GhosttyKit' does not include header '/ghostty/vt/key/encoder.h'

<module-includes>:1:9: note: in file included from <module-includes>:1:
1 | #import "ghostty.h"
  |         `- note: in file included from <module-includes>:1:
2 | 

/Users/mario/Sites/localhost/GitMac/Frameworks/GhosttyKit.xcframework/macos-arm64_x86_64/Headers/ghostty.h:1131:1: warning: umbrella header for module 'GhosttyKit' does not include header '/ghostty/vt/wasm.h'
1129 | 
1130 | #endif /* GHOSTTY_H */
1131 | 
     | `- warning: umbrella header for module 'GhosttyKit' does not include header '/ghostty/vt/wasm.h'

<module-includes>:1:9: note: in file included from <module-includes>:1:
1 | #import "ghostty.h"
  |         `- note: in file included from <module-includes>:1:
2 | 

/Users/mario/Sites/localhost/GitMac/Frameworks/GhosttyKit.xcframework/macos-arm64_x86_64/Headers/ghostty.h:1131:1: warning: umbrella header for module 'GhosttyKit' does not include header '/ghostty/vt/osc.h'
1129 | 
1130 | #endif /* GHOSTTY_H */
1131 | 
     | `- warning: umbrella header for module 'GhosttyKit' does not include header '/ghostty/vt/osc.h'

<module-includes>:1:9: note: in file included from <module-includes>:1:
1 | #import "ghostty.h"
  |         `- note: in file included from <module-includes>:1:
2 | 

/Users/mario/Sites/localhost/GitMac/Frameworks/GhosttyKit.xcframework/macos-arm64_x86_64/Headers/ghostty.h:1131:1: warning: umbrella header for module 'GhosttyKit' does not include header '/ghostty/vt/allocator.h'
1129 | 
1130 | #endif /* GHOSTTY_H */
1131 | 
     | `- warning: umbrella header for module 'GhosttyKit' does not include header '/ghostty/vt/allocator.h'

<module-includes>:1:9: note: in file included from <module-includes>:1:
1 | #import "ghostty.h"
  |         `- note: in file included from <module-includes>:1:
2 | 

/Users/mario/Sites/localhost/GitMac/Frameworks/GhosttyKit.xcframework/macos-arm64_x86_64/Headers/ghostty.h:1131:1: warning: umbrella header for module 'GhosttyKit' does not include header '/ghostty/vt/paste.h'
1129 | 
1130 | #endif /* GHOSTTY_H */
1131 | 
     | `- warning: umbrella header for module 'GhosttyKit' does not include header '/ghostty/vt/paste.h'

<module-includes>:1:9: note: in file included from <module-includes>:1:
1 | #import "ghostty.h"
  |         `- note: in file included from <module-includes>:1:
2 | 

/Users/mario/Sites/localhost/GitMac/Frameworks/GhosttyKit.xcframework/macos-arm64_x86_64/Headers/ghostty.h:1131:1: warning: umbrella header for module 'GhosttyKit' does not include header '/ghostty/vt/sgr.h'
1129 | 
1130 | #endif /* GHOSTTY_H */
1131 | 
     | `- warning: umbrella header for module 'GhosttyKit' does not include header '/ghostty/vt/sgr.h'

<module-includes>:1:9: note: in file included from <module-includes>:1:
1 | #import "ghostty.h"
  |         `- note: in file included from <module-includes>:1:
2 | 

11 warnings generated.
/Users/mario/Sites/localhost/GitMac/Frameworks/GhosttyKit.xcframework/macos-arm64_x86_64/Headers/ghostty.h:1131:1: warning: umbrella header for module 'GhosttyKit' does not include header '/ghostty/vt.h'
1129 | 
1130 | #endif /* GHOSTTY_H */
1131 | 
     | `- warning: umbrella header for module 'GhosttyKit' does not include header '/ghostty/vt.h'

SwiftGeneratePch normal arm64 Compiling\ bridging\ header (in target 'GitMac' from project 'GitMac')

SwiftDriverJobDiscovery normal arm64 Compiling bridging header (in target 'GitMac' from project 'GitMac')

SwiftCompile normal arm64 Compiling\ TaigaTasksView.swift,\ TaigaIssuesView.swift,\ TaigaEpicsView.swift,\ TaigaContentView.swift,\ ConnectionRibbonsView.swift,\ RepositoryTabsView.swift,\ AITerminalInputView.swift,\ EnhancedTerminalPanel.swift,\ RepositoryActivityPanel.swift,\ ContributionGraphView.swift,\ RepositoryActivityViewModel.swift,\ AIServiceExtensions.swift,\ PromptTemplateManager.swift,\ AnalyticsDashboard.swift,\ AnalyticsViewModel.swift,\ CloudSyncService.swift,\ PresenceService.swift,\ CodeReviewService.swift,\ TerminalBlocksView.swift,\ TerminalSessionSharingService.swift,\ TerminalWorkflowsView.swift,\ SecretRedactionService.swift,\ GeneratedAssetSymbols.swift /Users/mario/Sites/localhost/GitMac/GitMac/Features/Taiga/Views/TaigaTasksView.swift /Users/mario/Sites/localhost/GitMac/GitMac/Features/Taiga/Views/TaigaIssuesView.swift /Users/mario/Sites/localhost/GitMac/GitMac/Features/Taiga/Views/TaigaEpicsView.swift /Users/mario/Sites/localhost/GitMac/GitMac/Features/Taiga/TaigaContentView.swift /Users/mario/Sites/localhost/GitMac/GitMac/Features/Diff/ConnectionRibbonsView.swift /Users/mario/Sites/localhost/GitMac/GitMac/UI/Components/Navigation/RepositoryTabsView.swift /Users/mario/Sites/localhost/GitMac/GitMac/UI/Components/Terminal/AITerminalInputView.swift /Users/mario/Sites/localhost/GitMac/GitMac/Features/Terminal/Views/EnhancedTerminalPanel.swift /Users/mario/Sites/localhost/GitMac/GitMac/Features/BottomPanel/Views/RepositoryActivityPanel.swift /Users/mario/Sites/localhost/GitMac/GitMac/Features/BottomPanel/Views/ContributionGraphView.swift /Users/mario/Sites/localhost/GitMac/GitMac/Features/BottomPanel/ViewModels/RepositoryActivityViewModel.swift /Users/mario/Sites/localhost/GitMac/GitMac/Core/Services/AI/AIServiceExtensions.swift /Users/mario/Sites/localhost/GitMac/GitMac/Core/Services/AI/PromptTemplateManager.swift /Users/mario/Sites/localhost/GitMac/GitMac/Features/Analytics/AnalyticsDashboard.swift /Users/mario/Sites/localhost/GitMac/GitMac/Features/Analytics/AnalyticsViewModel.swift /Users/mario/Sites/localhost/GitMac/GitMac/Core/Services/CloudSyncService.swift /Users/mario/Sites/localhost/GitMac/GitMac/Core/Services/PresenceService.swift /Users/mario/Sites/localhost/GitMac/GitMac/Features/CodeReview/CodeReviewService.swift /Users/mario/Sites/localhost/GitMac/GitMac/Features/Terminal/Enhanced/TerminalBlocksView.swift /Users/mario/Sites/localhost/GitMac/GitMac/Features/Terminal/Enhanced/TerminalSessionSharingService.swift /Users/mario/Sites/localhost/GitMac/GitMac/Features/Terminal/Enhanced/TerminalWorkflowsView.swift /Users/mario/Sites/localhost/GitMac/GitMac/Features/Terminal/Enhanced/SecretRedactionService.swift /Users/mario/Library/Developer/Xcode/DerivedData/GitMac-ajzvmgpdmfwzmdcrxkxdwaxrxbzy/Build/Intermediates.noindex/GitMac.build/Debug/GitMac.build/DerivedSources/GeneratedAssetSymbols.swift (in target 'GitMac' from project 'GitMac')

SwiftCompile normal arm64 /Users/mario/Sites/localhost/GitMac/GitMac/Features/Taiga/Views/TaigaTasksView.swift (in target 'GitMac' from project 'GitMac')
    cd /Users/mario/Sites/localhost/GitMac
    

SwiftCompile normal arm64 /Users/mario/Sites/localhost/GitMac/GitMac/Features/Taiga/Views/TaigaIssuesView.swift (in target 'GitMac' from project 'GitMac')
    cd /Users/mario/Sites/localhost/GitMac
    

SwiftCompile normal arm64 /Users/mario/Sites/localhost/GitMac/GitMac/Features/Taiga/Views/TaigaEpicsView.swift (in target 'GitMac' from project 'GitMac')
    cd /Users/mario/Sites/localhost/GitMac
    

SwiftCompile normal arm64 /Users/mario/Sites/localhost/GitMac/GitMac/Features/Taiga/TaigaContentView.swift (in target 'GitMac' from project 'GitMac')
    cd /Users/mario/Sites/localhost/GitMac
    

SwiftCompile normal arm64 /Users/mario/Sites/localhost/GitMac/GitMac/Features/Diff/ConnectionRibbonsView.swift (in target 'GitMac' from project 'GitMac')
    cd /Users/mario/Sites/localhost/GitMac
    

SwiftCompile normal arm64 /Users/mario/Sites/localhost/GitMac/GitMac/UI/Components/Navigation/RepositoryTabsView.swift (in target 'GitMac' from project 'GitMac')
    cd /Users/mario/Sites/localhost/GitMac
    

SwiftCompile normal arm64 /Users/mario/Sites/localhost/GitMac/GitMac/UI/Components/Terminal/AITerminalInputView.swift (in target 'GitMac' from project 'GitMac')
    cd /Users/mario/Sites/localhost/GitMac
    

SwiftCompile normal arm64 /Users/mario/Sites/localhost/GitMac/GitMac/Features/Terminal/Views/EnhancedTerminalPanel.swift (in target 'GitMac' from project 'GitMac')
    cd /Users/mario/Sites/localhost/GitMac
    

SwiftCompile normal arm64 /Users/mario/Sites/localhost/GitMac/GitMac/Features/BottomPanel/Views/RepositoryActivityPanel.swift (in target 'GitMac' from project 'GitMac')
    cd /Users/mario/Sites/localhost/GitMac
    

SwiftCompile normal arm64 /Users/mario/Sites/localhost/GitMac/GitMac/Features/BottomPanel/Views/ContributionGraphView.swift (in target 'GitMac' from project 'GitMac')
    cd /Users/mario/Sites/localhost/GitMac
    

SwiftCompile normal arm64 /Users/mario/Sites/localhost/GitMac/GitMac/Features/BottomPanel/ViewModels/RepositoryActivityViewModel.swift (in target 'GitMac' from project 'GitMac')
    cd /Users/mario/Sites/localhost/GitMac
    

SwiftCompile normal arm64 /Users/mario/Sites/localhost/GitMac/GitMac/Core/Services/AI/AIServiceExtensions.swift (in target 'GitMac' from project 'GitMac')
    cd /Users/mario/Sites/localhost/GitMac
    

SwiftCompile normal arm64 /Users/mario/Sites/localhost/GitMac/GitMac/Core/Services/AI/PromptTemplateManager.swift (in target 'GitMac' from project 'GitMac')
    cd /Users/mario/Sites/localhost/GitMac
    

SwiftCompile normal arm64 /Users/mario/Sites/localhost/GitMac/GitMac/Features/Analytics/AnalyticsDashboard.swift (in target 'GitMac' from project 'GitMac')
    cd /Users/mario/Sites/localhost/GitMac
    

SwiftCompile normal arm64 /Users/mario/Sites/localhost/GitMac/GitMac/Features/Analytics/AnalyticsViewModel.swift (in target 'GitMac' from project 'GitMac')
    cd /Users/mario/Sites/localhost/GitMac
    

SwiftCompile normal arm64 /Users/mario/Sites/localhost/GitMac/GitMac/Core/Services/CloudSyncService.swift (in target 'GitMac' from project 'GitMac')
    cd /Users/mario/Sites/localhost/GitMac
    

SwiftCompile normal arm64 /Users/mario/Sites/localhost/GitMac/GitMac/Core/Services/PresenceService.swift (in target 'GitMac' from project 'GitMac')
    cd /Users/mario/Sites/localhost/GitMac
    

SwiftCompile normal arm64 /Users/mario/Sites/localhost/GitMac/GitMac/Features/CodeReview/CodeReviewService.swift (in target 'GitMac' from project 'GitMac')
    cd /Users/mario/Sites/localhost/GitMac
    

SwiftCompile normal arm64 /Users/mario/Sites/localhost/GitMac/GitMac/Features/Terminal/Enhanced/TerminalBlocksView.swift (in target 'GitMac' from project 'GitMac')
    cd /Users/mario/Sites/localhost/GitMac
    

SwiftCompile normal arm64 /Users/mario/Sites/localhost/GitMac/GitMac/Features/Terminal/Enhanced/TerminalSessionSharingService.swift (in target 'GitMac' from project 'GitMac')
    cd /Users/mario/Sites/localhost/GitMac
    

SwiftCompile normal arm64 /Users/mario/Sites/localhost/GitMac/GitMac/Features/Terminal/Enhanced/TerminalWorkflowsView.swift (in target 'GitMac' from project 'GitMac')
    cd /Users/mario/Sites/localhost/GitMac
    

SwiftCompile normal arm64 /Users/mario/Sites/localhost/GitMac/GitMac/Features/Terminal/Enhanced/SecretRedactionService.swift (in target 'GitMac' from project 'GitMac')
    cd /Users/mario/Sites/localhost/GitMac
    

SwiftCompile normal arm64 /Users/mario/Library/Developer/Xcode/DerivedData/GitMac-ajzvmgpdmfwzmdcrxkxdwaxrxbzy/Build/Intermediates.noindex/GitMac.build/Debug/GitMac.build/DerivedSources/GeneratedAssetSymbols.swift (in target 'GitMac' from project 'GitMac')
    cd /Users/mario/Sites/localhost/GitMac
    

SwiftEmitModule normal arm64 Emitting\ module\ for\ GitMac (in target 'GitMac' from project 'GitMac')

EmitSwiftModule normal arm64 (in target 'GitMac' from project 'GitMac')
    cd /Users/mario/Sites/localhost/GitMac
    

SwiftCompile normal arm64 Compiling\ Stash.swift,\ Remote.swift,\ Branch.swift,\ Commit.swift,\ SyntaxHighlighter.swift,\ Repository.swift,\ Worktree.swift,\ GitEngine.swift,\ RepositoryContext.swift,\ PatchManipulator.swift,\ Tag.swift,\ ContentView.swift,\ SettingsView.swift,\ SubscriptionView.swift,\ StagingAreaView.swift,\ CommitGraphView.swift,\ NotificationManager.swift,\ TaigaTicketsPanel.swift,\ CherryPickView.swift,\ TerminalView.swift,\ DiffView.swift,\ SearchView.swift,\ LightweightDiffView.swift,\ InteractiveRebaseView.swift /Users/mario/Sites/localhost/GitMac/GitMac/Core/Git/Stash.swift /Users/mario/Sites/localhost/GitMac/GitMac/Core/Git/Remote.swift /Users/mario/Sites/localhost/GitMac/GitMac/Core/Git/Branch.swift /Users/mario/Sites/localhost/GitMac/GitMac/Core/Git/Commit.swift /Users/mario/Sites/localhost/GitMac/GitMac/SyntaxHighlighter.swift /Users/mario/Sites/localhost/GitMac/GitMac/Core/Git/Repository.swift /Users/mario/Sites/localhost/GitMac/GitMac/Core/Git/Worktree.swift /Users/mario/Sites/localhost/GitMac/GitMac/Core/Git/GitEngine.swift /Users/mario/Sites/localhost/GitMac/GitMac/Core/Git/RepositoryContext.swift /Users/mario/Sites/localhost/GitMac/GitMac/Core/Git/PatchManipulator.swift /Users/mario/Sites/localhost/GitMac/GitMac/Core/Git/Tag.swift /Users/mario/Sites/localhost/GitMac/GitMac/App/ContentView.swift /Users/mario/Sites/localhost/GitMac/GitMac/Features/Settings/SettingsView.swift /Users/mario/Sites/localhost/GitMac/GitMac/Features/Settings/SubscriptionView.swift /Users/mario/Sites/localhost/GitMac/GitMac/Features/Staging/StagingAreaView.swift /Users/mario/Sites/localhost/GitMac/GitMac/Features/CommitGraph/CommitGraphView.swift /Users/mario/Sites/localhost/GitMac/GitMac/NotificationManager.swift /Users/mario/Sites/localhost/GitMac/GitMac/Features/Taiga/TaigaTicketsPanel.swift /Users/mario/Sites/localhost/GitMac/GitMac/Features/CherryPick/CherryPickView.swift /Users/mario/Sites/localhost/GitMac/GitMac/Features/Terminal/TerminalView.swift /Users/mario/Sites/localhost/GitMac/GitMac/Features/Diff/DiffView.swift /Users/mario/Sites/localhost/GitMac/GitMac/SearchView.swift /Users/mario/Sites/localhost/GitMac/GitMac/Features/Diff/LightweightDiffView.swift /Users/mario/Sites/localhost/GitMac/GitMac/InteractiveRebaseView.swift (in target 'GitMac' from project 'GitMac')
SwiftCompile normal arm64 /Users/mario/Sites/localhost/GitMac/GitMac/Core/Git/Stash.swift (in target 'GitMac' from project 'GitMac')
    cd /Users/mario/Sites/localhost/GitMac
    

SwiftCompile normal arm64 /Users/mario/Sites/localhost/GitMac/GitMac/Core/Git/Remote.swift (in target 'GitMac' from project 'GitMac')
    cd /Users/mario/Sites/localhost/GitMac
    

SwiftCompile normal arm64 /Users/mario/Sites/localhost/GitMac/GitMac/Core/Git/Branch.swift (in target 'GitMac' from project 'GitMac')
    cd /Users/mario/Sites/localhost/GitMac
    

SwiftCompile normal arm64 /Users/mario/Sites/localhost/GitMac/GitMac/Core/Git/Commit.swift (in target 'GitMac' from project 'GitMac')
    cd /Users/mario/Sites/localhost/GitMac
    

SwiftCompile normal arm64 /Users/mario/Sites/localhost/GitMac/GitMac/SyntaxHighlighter.swift (in target 'GitMac' from project 'GitMac')
    cd /Users/mario/Sites/localhost/GitMac
    

SwiftCompile normal arm64 /Users/mario/Sites/localhost/GitMac/GitMac/Core/Git/Repository.swift (in target 'GitMac' from project 'GitMac')
    cd /Users/mario/Sites/localhost/GitMac
    

SwiftCompile normal arm64 /Users/mario/Sites/localhost/GitMac/GitMac/Core/Git/Worktree.swift (in target 'GitMac' from project 'GitMac')
    cd /Users/mario/Sites/localhost/GitMac
    

SwiftCompile normal arm64 /Users/mario/Sites/localhost/GitMac/GitMac/Core/Git/GitEngine.swift (in target 'GitMac' from project 'GitMac')
    cd /Users/mario/Sites/localhost/GitMac
    

SwiftCompile normal arm64 /Users/mario/Sites/localhost/GitMac/GitMac/Core/Git/RepositoryContext.swift (in target 'GitMac' from project 'GitMac')
    cd /Users/mario/Sites/localhost/GitMac
    

SwiftCompile normal arm64 /Users/mario/Sites/localhost/GitMac/GitMac/Core/Git/PatchManipulator.swift (in target 'GitMac' from project 'GitMac')
    cd /Users/mario/Sites/localhost/GitMac
    

SwiftCompile normal arm64 /Users/mario/Sites/localhost/GitMac/GitMac/Core/Git/Tag.swift (in target 'GitMac' from project 'GitMac')
    cd /Users/mario/Sites/localhost/GitMac
    

SwiftCompile normal arm64 /Users/mario/Sites/localhost/GitMac/GitMac/App/ContentView.swift (in target 'GitMac' from project 'GitMac')
    cd /Users/mario/Sites/localhost/GitMac
    
/Users/mario/Sites/localhost/GitMac/GitMac/App/ContentView.swift:290:25: error: the compiler is unable to type-check this expression in reasonable time; try breaking up the expression into distinct sub-expressions
    var body: some View {
                        ^

SwiftCompile normal arm64 /Users/mario/Sites/localhost/GitMac/GitMac/Features/Settings/SettingsView.swift (in target 'GitMac' from project 'GitMac')
    cd /Users/mario/Sites/localhost/GitMac
    

SwiftCompile normal arm64 /Users/mario/Sites/localhost/GitMac/GitMac/Features/Settings/SubscriptionView.swift (in target 'GitMac' from project 'GitMac')
    cd /Users/mario/Sites/localhost/GitMac
    

SwiftCompile normal arm64 /Users/mario/Sites/localhost/GitMac/GitMac/Features/Staging/StagingAreaView.swift (in target 'GitMac' from project 'GitMac')
    cd /Users/mario/Sites/localhost/GitMac
    

SwiftCompile normal arm64 /Users/mario/Sites/localhost/GitMac/GitMac/Features/CommitGraph/CommitGraphView.swift (in target 'GitMac' from project 'GitMac')
    cd /Users/mario/Sites/localhost/GitMac
    

SwiftCompile normal arm64 /Users/mario/Sites/localhost/GitMac/GitMac/NotificationManager.swift (in target 'GitMac' from project 'GitMac')
    cd /Users/mario/Sites/localhost/GitMac
    

SwiftCompile normal arm64 /Users/mario/Sites/localhost/GitMac/GitMac/Features/Taiga/TaigaTicketsPanel.swift (in target 'GitMac' from project 'GitMac')
    cd /Users/mario/Sites/localhost/GitMac
    

SwiftCompile normal arm64 /Users/mario/Sites/localhost/GitMac/GitMac/Features/CherryPick/CherryPickView.swift (in target 'GitMac' from project 'GitMac')
    cd /Users/mario/Sites/localhost/GitMac
    

SwiftCompile normal arm64 /Users/mario/Sites/localhost/GitMac/GitMac/Features/Terminal/TerminalView.swift (in target 'GitMac' from project 'GitMac')
    cd /Users/mario/Sites/localhost/GitMac
    

SwiftCompile normal arm64 /Users/mario/Sites/localhost/GitMac/GitMac/Features/Diff/DiffView.swift (in target 'GitMac' from project 'GitMac')
    cd /Users/mario/Sites/localhost/GitMac
    

SwiftCompile normal arm64 /Users/mario/Sites/localhost/GitMac/GitMac/SearchView.swift (in target 'GitMac' from project 'GitMac')
    cd /Users/mario/Sites/localhost/GitMac
    

SwiftCompile normal arm64 /Users/mario/Sites/localhost/GitMac/GitMac/Features/Diff/LightweightDiffView.swift (in target 'GitMac' from project 'GitMac')
    cd /Users/mario/Sites/localhost/GitMac
    

SwiftCompile normal arm64 /Users/mario/Sites/localhost/GitMac/GitMac/InteractiveRebaseView.swift (in target 'GitMac' from project 'GitMac')
    cd /Users/mario/Sites/localhost/GitMac
    

Failed frontend command:
/Applications/Xcode.app/Contents/Developer/Toolchains/XcodeDefault.xctoolchain/usr/bin/swift-frontend -frontend -c -filelist /Users/mario/Library/Developer/Xcode/DerivedData/GitMac-ajzvmgpdmfwzmdcrxkxdwaxrxbzy/Build/Intermediates.noindex/GitMac.build/Debug/GitMac.build/Objects-normal/arm64/sources-1 -primary-file /Users/mario/Sites/localhost/GitMac/GitMac/Core/Git/Stash.swift -primary-file /Users/mario/Sites/localhost/GitMac/GitMac/Core/Git/Remote.swift -primary-file /Users/mario/Sites/localhost/GitMac/GitMac/Core/Git/Branch.swift -primary-file /Users/mario/Sites/localhost/GitMac/GitMac/Core/Git/Commit.swift -primary-file /Users/mario/Sites/localhost/GitMac/GitMac/SyntaxHighlighter.swift -primary-file /Users/mario/Sites/localhost/GitMac/GitMac/Core/Git/Repository.swift -primary-file /Users/mario/Sites/localhost/GitMac/GitMac/Core/Git/Worktree.swift -primary-file /Users/mario/Sites/localhost/GitMac/GitMac/Core/Git/GitEngine.swift -primary-file /Users/mario/Sites/localhost/GitMac/GitMac/Core/Git/RepositoryContext.swift -primary-file /Users/mario/Sites/localhost/GitMac/GitMac/Core/Git/PatchManipulator.swift -primary-file /Users/mario/Sites/localhost/GitMac/GitMac/Core/Git/Tag.swift -primary-file /Users/mario/Sites/localhost/GitMac/GitMac/App/ContentView.swift -primary-file /Users/mario/Sites/localhost/GitMac/GitMac/Features/Settings/SettingsView.swift -primary-file /Users/mario/Sites/localhost/GitMac/GitMac/Features/Settings/SubscriptionView.swift -primary-file /Users/mario/Sites/localhost/GitMac/GitMac/Features/Staging/StagingAreaView.swift -primary-file /Users/mario/Sites/localhost/GitMac/GitMac/Features/CommitGraph/CommitGraphView.swift -primary-file /Users/mario/Sites/localhost/GitMac/GitMac/NotificationManager.swift -primary-file /Users/mario/Sites/localhost/GitMac/GitMac/Features/Taiga/TaigaTicketsPanel.swift -primary-file /Users/mario/Sites/localhost/GitMac/GitMac/Features/CherryPick/CherryPickView.swift -primary-file /Users/mario/Sites/localhost/GitMac/GitMac/Features/Terminal/TerminalView.swift -primary-file /Users/mario/Sites/localhost/GitMac/GitMac/Features/Diff/DiffView.swift -primary-file /Users/mario/Sites/localhost/GitMac/GitMac/SearchView.swift -primary-file /Users/mario/Sites/localhost/GitMac/GitMac/Features/Diff/LightweightDiffView.swift -primary-file /Users/mario/Sites/localhost/GitMac/GitMac/InteractiveRebaseView.swift -supplementary-output-file-map /Users/mario/Library/Developer/Xcode/DerivedData/GitMac-ajzvmgpdmfwzmdcrxkxdwaxrxbzy/Build/Intermediates.noindex/GitMac.build/Debug/GitMac.build/Objects-normal/arm64/supplementaryOutputs-11 -emit-localized-strings -emit-localized-strings-path /Users/mario/Library/Developer/Xcode/DerivedData/GitMac-ajzvmgpdmfwzmdcrxkxdwaxrxbzy/Build/Intermediates.noindex/GitMac.build/Debug/GitMac.build/Objects-normal/arm64 -target arm64-apple-macos14.0 -module-can-import-version AppKit 2685.30.107 2685.30.107 -module-can-import-version DeveloperToolsSupport 23.0.4 23.0.4 -module-can-import-version SwiftUI 7.2.5.1 7.2.5 -disable-cross-import-overlay-search -swift-module-cross-import StoreKit /Applications/Xcode.app/Contents/Developer/Platforms/MacOSX.platform/Developer/SDKs/MacOSX.sdk/System/Library/Frameworks/StoreKit.framework/Modules/StoreKit.swiftcrossimport/SwiftUI.swiftoverlay -swift-module-cross-import StoreKit /Applications/Xcode.app/Contents/Developer/Platforms/MacOSX.platform/Developer/SDKs/MacOSX26.2.sdk/System/Library/Frameworks/StoreKit.framework/Modules/StoreKit.swiftcrossimport/SwiftUI.swiftoverlay -swift-module-cross-import SwiftData /Applications/Xcode.app/Contents/Developer/Platforms/MacOSX.platform/Developer/SDKs/MacOSX26.2.sdk/System/Library/Frameworks/SwiftData.framework/Modules/SwiftData.swiftcrossimport/CoreData.swiftoverlay -swift-module-cross-import SwiftData /Applications/Xcode.app/Contents/Developer/Platforms/MacOSX.platform/Developer/SDKs/MacOSX26.2.sdk/System/Library/Frameworks/SwiftData.framework/Modules/SwiftData.swiftcrossimport/SwiftUI.swiftoverlay -swift-module-cross-import WebKit /Applications/Xcode.app/Contents/Developer/Platforms/MacOSX.platform/Developer/SDKs/MacOSX.sdk/System/Cryptexes/OS/System/Library/Frameworks/WebKit.framework/Modules/WebKit.swiftcrossimport/SwiftUI.swiftoverlay -swift-module-cross-import WebKit /Applications/Xcode.app/Contents/Developer/Platforms/MacOSX.platform/Developer/SDKs/MacOSX26.2.sdk/System/Library/Frameworks/WebKit.framework/Modules/WebKit.swiftcrossimport/SwiftUI.swiftoverlay -load-resolved-plugin /Applications/Xcode.app/Contents/Developer/Platforms/MacOSX.platform/Developer/usr/lib/swift/host/plugins/libFoundationMacros.dylib\#/Applications/Xcode.app/Contents/Developer/Platforms/MacOSX.platform/Developer/usr/bin/swift-plugin-server\#FoundationMacros -load-resolved-plugin /Applications/Xcode.app/Contents/Developer/Platforms/MacOSX.platform/Developer/usr/lib/swift/host/plugins/libObservationMacros.dylib\#/Applications/Xcode.app/Contents/Developer/Platforms/MacOSX.platform/Developer/usr/bin/swift-plugin-server\#ObservationMacros -load-resolved-plugin /Applications/Xcode.app/Contents/Developer/Platforms/MacOSX.platform/Developer/usr/lib/swift/host/plugins/libPreviewsMacros.dylib\#/Applications/Xcode.app/Contents/Developer/Platforms/MacOSX.platform/Developer/usr/bin/swift-plugin-server\#PreviewsMacros -load-resolved-plugin /Applications/Xcode.app/Contents/Developer/Platforms/MacOSX.platform/Developer/usr/lib/swift/host/plugins/libSwiftDataMacros.dylib\#/Applications/Xcode.app/Contents/Developer/Platforms/MacOSX.platform/Developer/usr/bin/swift-plugin-server\#SwiftDataMacros -load-resolved-plugin /Applications/Xcode.app/Contents/Developer/Platforms/MacOSX.platform/Developer/usr/lib/swift/host/plugins/libSwiftMacros.dylib\#/Applications/Xcode.app/Contents/Developer/Platforms/MacOSX.platform/Developer/usr/bin/swift-plugin-server\#SwiftMacros -load-resolved-plugin /Applications/Xcode.app/Contents/Developer/Platforms/MacOSX.platform/Developer/usr/lib/swift/host/plugins/libSwiftUIMacros.dylib\#/Applications/Xcode.app/Contents/Developer/Platforms/MacOSX.platform/Developer/usr/bin/swift-plugin-server\#SwiftUIMacros -disable-implicit-swift-modules -Xcc -fno-implicit-modules -Xcc -fno-implicit-module-maps -explicit-swift-module-map-file /Users/mario/Library/Developer/Xcode/DerivedData/GitMac-ajzvmgpdmfwzmdcrxkxdwaxrxbzy/Build/Intermediates.noindex/GitMac.build/Debug/GitMac.build/Objects-normal/arm64/GitMac-dependencies-1.json -Xllvm -aarch64-use-tbi -enable-objc-interop -stack-check -sdk /Applications/Xcode.app/Contents/Developer/Platforms/MacOSX.platform/Developer/SDKs/MacOSX26.2.sdk -I /Users/mario/Library/Developer/Xcode/DerivedData/GitMac-ajzvmgpdmfwzmdcrxkxdwaxrxbzy/Build/Products/Debug -F /Users/mario/Library/Developer/Xcode/DerivedData/GitMac-ajzvmgpdmfwzmdcrxkxdwaxrxbzy/Build/Products/Debug/PackageFrameworks -F /Users/mario/Library/Developer/Xcode/DerivedData/GitMac-ajzvmgpdmfwzmdcrxkxdwaxrxbzy/Build/Products/Debug/PackageFrameworks -F /Users/mario/Library/Developer/Xcode/DerivedData/GitMac-ajzvmgpdmfwzmdcrxkxdwaxrxbzy/Build/Products/Debug/PackageFrameworks -F /Users/mario/Library/Developer/Xcode/DerivedData/GitMac-ajzvmgpdmfwzmdcrxkxdwaxrxbzy/Build/Products/Debug -F /Users/mario/Sites/localhost/GitMac/Frameworks -no-color-diagnostics -Xcc -fno-color-diagnostics -enable-testing -g -debug-info-format\=dwarf -dwarf-version\=4 -module-cache-path /Users/mario/Library/Developer/Xcode/DerivedData/GitMac-ajzvmgpdmfwzmdcrxkxdwaxrxbzy/Build/Intermediates.noindex/SwiftExplicitPrecompiledModules -swift-version 6 -enforce-exclusivity\=checked -Onone -D DEBUG -D GHOSTTY_AVAILABLE -serialize-debugging-options -const-gather-protocols-file /Users/mario/Library/Developer/Xcode/DerivedData/GitMac-ajzvmgpdmfwzmdcrxkxdwaxrxbzy/Build/Intermediates.noindex/GitMac.build/Debug/GitMac.build/Objects-normal/arm64/GitMac_const_extract_protocols.json -enable-experimental-feature DebugDescriptionMacro -empty-abi-descriptor -validate-clang-modules-once -clang-build-session-file /Users/mario/Library/Developer/Xcode/DerivedData/ModuleCache.noindex/Session.modulevalidation -Xcc -working-directory -Xcc /Users/mario/Sites/localhost/GitMac -enable-anonymous-context-mangled-names -file-compilation-dir /Users/mario/Sites/localhost/GitMac -Xcc -D_LIBCPP_HARDENING_MODE\=_LIBCPP_HARDENING_MODE_DEBUG -Xcc -ivfsstatcache -Xcc /Users/mario/Library/Developer/Xcode/DerivedData/SDKStatCaches.noindex/macosx26.2-25C57-3885c01c3e6b6a337905948deab2002e00fa09913b459cbbc988d1f6730289ae.sdkstatcache -Xcc -I/Users/mario/Library/Developer/Xcode/DerivedData/GitMac-ajzvmgpdmfwzmdcrxkxdwaxrxbzy/Build/Intermediates.noindex/GitMac.build/Debug/GitMac.build/swift-overrides.hmap -Xcc -iquote -Xcc /Users/mario/Library/Developer/Xcode/DerivedData/GitMac-ajzvmgpdmfwzmdcrxkxdwaxrxbzy/Build/Intermediates.noindex/GitMac.build/Debug/GitMac.build/GitMac-generated-files.hmap -Xcc -I/Users/mario/Library/Developer/Xcode/DerivedData/GitMac-ajzvmgpdmfwzmdcrxkxdwaxrxbzy/Build/Intermediates.noindex/GitMac.build/Debug/GitMac.build/GitMac-own-target-headers.hmap -Xcc -I/Users/mario/Library/Developer/Xcode/DerivedData/GitMac-ajzvmgpdmfwzmdcrxkxdwaxrxbzy/Build/Intermediates.noindex/GitMac.build/Debug/GitMac.build/GitMac-all-non-framework-target-headers.hmap -Xcc -ivfsoverlay -Xcc /Users/mario/Library/Developer/Xcode/DerivedData/GitMac-ajzvmgpdmfwzmdcrxkxdwaxrxbzy/Build/Intermediates.noindex/GitMac.build/Debug/GitMac-ac94e38d53dc433a402cb85bc9264911-VFS/all-product-headers.yaml -Xcc -iquote -Xcc /Users/mario/Library/Developer/Xcode/DerivedData/GitMac-ajzvmgpdmfwzmdcrxkxdwaxrxbzy/Build/Intermediates.noindex/GitMac.build/Debug/GitMac.build/GitMac-project-headers.hmap -Xcc -I/Users/mario/Library/Developer/Xcode/DerivedData/GitMac-ajzvmgpdmfwzmdcrxkxdwaxrxbzy/Build/Products/Debug/include -Xcc -I/Users/mario/Sites/localhost/GitMac/Frameworks/GhosttyKit.xcframework/macos-arm64_x86_64/Headers -Xcc -I/Users/mario/Library/Developer/Xcode/DerivedData/GitMac-ajzvmgpdmfwzmdcrxkxdwaxrxbzy/Build/Intermediates.noindex/GitMac.build/Debug/GitMac.build/DerivedSources-normal/arm64 -Xcc -I/Users/mario/Library/Developer/Xcode/DerivedData/GitMac-ajzvmgpdmfwzmdcrxkxdwaxrxbzy/Build/Intermediates.noindex/GitMac.build/Debug/GitMac.build/DerivedSources/arm64 -Xcc -I/Users/mario/Library/Developer/Xcode/DerivedData/GitMac-ajzvmgpdmfwzmdcrxkxdwaxrxbzy/Build/Intermediates.noindex/GitMac.build/Debug/GitMac.build/DerivedSources -Xcc -DDEBUG\=1 -import-objc-header /Users/mario/Library/Developer/Xcode/DerivedData/GitMac-ajzvmgpdmfwzmdcrxkxdwaxrxbzy/Build/Intermediates.noindex/GitMac.build/Debug/GitMac.build/Objects-normal/arm64/GitMac-primary-Bridging-header.pch -no-auto-bridging-header-chaining -module-name GitMac -frontend-parseable-output -disable-clang-spi -target-sdk-version 26.2 -target-sdk-name macosx26.2 -clang-target arm64-apple-macos26.2 -in-process-plugin-server-path /Applications/Xcode.app/Contents/Developer/Toolchains/XcodeDefault.xctoolchain/usr/lib/swift/host/libSwiftInProcPluginServer.dylib -o /Users/mario/Library/Developer/Xcode/DerivedData/GitMac-ajzvmgpdmfwzmdcrxkxdwaxrxbzy/Build/Intermediates.noindex/GitMac.build/Debug/GitMac.build/Objects-normal/arm64/Stash.o -o /Users/mario/Library/Developer/Xcode/DerivedData/GitMac-ajzvmgpdmfwzmdcrxkxdwaxrxbzy/Build/Intermediates.noindex/GitMac.build/Debug/GitMac.build/Objects-normal/arm64/Remote.o -o /Users/mario/Library/Developer/Xcode/DerivedData/GitMac-ajzvmgpdmfwzmdcrxkxdwaxrxbzy/Build/Intermediates.noindex/GitMac.build/Debug/GitMac.build/Objects-normal/arm64/Branch.o -o /Users/mario/Library/Developer/Xcode/DerivedData/GitMac-ajzvmgpdmfwzmdcrxkxdwaxrxbzy/Build/Intermediates.noindex/GitMac.build/Debug/GitMac.build/Objects-normal/arm64/Commit.o -o /Users/mario/Library/Developer/Xcode/DerivedData/GitMac-ajzvmgpdmfwzmdcrxkxdwaxrxbzy/Build/Intermediates.noindex/GitMac.build/Debug/GitMac.build/Objects-normal/arm64/SyntaxHighlighter.o -o /Users/mario/Library/Developer/Xcode/DerivedData/GitMac-ajzvmgpdmfwzmdcrxkxdwaxrxbzy/Build/Intermediates.noindex/GitMac.build/Debug/GitMac.build/Objects-normal/arm64/Repository.o -o /Users/mario/Library/Developer/Xcode/DerivedData/GitMac-ajzvmgpdmfwzmdcrxkxdwaxrxbzy/Build/Intermediates.noindex/GitMac.build/Debug/GitMac.build/Objects-normal/arm64/Worktree.o -o /Users/mario/Library/Developer/Xcode/DerivedData/GitMac-ajzvmgpdmfwzmdcrxkxdwaxrxbzy/Build/Intermediates.noindex/GitMac.build/Debug/GitMac.build/Objects-normal/arm64/GitEngine.o -o /Users/mario/Library/Developer/Xcode/DerivedData/GitMac-ajzvmgpdmfwzmdcrxkxdwaxrxbzy/Build/Intermediates.noindex/GitMac.build/Debug/GitMac.build/Objects-normal/arm64/RepositoryContext.o -o /Users/mario/Library/Developer/Xcode/DerivedData/GitMac-ajzvmgpdmfwzmdcrxkxdwaxrxbzy/Build/Intermediates.noindex/GitMac.build/Debug/GitMac.build/Objects-normal/arm64/PatchManipulator.o -o /Users/mario/Library/Developer/Xcode/DerivedData/GitMac-ajzvmgpdmfwzmdcrxkxdwaxrxbzy/Build/Intermediates.noindex/GitMac.build/Debug/GitMac.build/Objects-normal/arm64/Tag.o -o /Users/mario/Library/Developer/Xcode/DerivedData/GitMac-ajzvmgpdmfwzmdcrxkxdwaxrxbzy/Build/Intermediates.noindex/GitMac.build/Debug/GitMac.build/Objects-normal/arm64/ContentView.o -o /Users/mario/Library/Developer/Xcode/DerivedData/GitMac-ajzvmgpdmfwzmdcrxkxdwaxrxbzy/Build/Intermediates.noindex/GitMac.build/Debug/GitMac.build/Objects-normal/arm64/SettingsView.o -o /Users/mario/Library/Developer/Xcode/DerivedData/GitMac-ajzvmgpdmfwzmdcrxkxdwaxrxbzy/Build/Intermediates.noindex/GitMac.build/Debug/GitMac.build/Objects-normal/arm64/SubscriptionView.o -o /Users/mario/Library/Developer/Xcode/DerivedData/GitMac-ajzvmgpdmfwzmdcrxkxdwaxrxbzy/Build/Intermediates.noindex/GitMac.build/Debug/GitMac.build/Objects-normal/arm64/StagingAreaView.o -o /Users/mario/Library/Developer/Xcode/DerivedData/GitMac-ajzvmgpdmfwzmdcrxkxdwaxrxbzy/Build/Intermediates.noindex/GitMac.build/Debug/GitMac.build/Objects-normal/arm64/CommitGraphView.o -o /Users/mario/Library/Developer/Xcode/DerivedData/GitMac-ajzvmgpdmfwzmdcrxkxdwaxrxbzy/Build/Intermediates.noindex/GitMac.build/Debug/GitMac.build/Objects-normal/arm64/NotificationManager.o -o /Users/mario/Library/Developer/Xcode/DerivedData/GitMac-ajzvmgpdmfwzmdcrxkxdwaxrxbzy/Build/Intermediates.noindex/GitMac.build/Debug/GitMac.build/Objects-normal/arm64/TaigaTicketsPanel.o -o /Users/mario/Library/Developer/Xcode/DerivedData/GitMac-ajzvmgpdmfwzmdcrxkxdwaxrxbzy/Build/Intermediates.noindex/GitMac.build/Debug/GitMac.build/Objects-normal/arm64/CherryPickView.o -o /Users/mario/Library/Developer/Xcode/DerivedData/GitMac-ajzvmgpdmfwzmdcrxkxdwaxrxbzy/Build/Intermediates.noindex/GitMac.build/Debug/GitMac.build/Objects-normal/arm64/TerminalView.o -o /Users/mario/Library/Developer/Xcode/DerivedData/GitMac-ajzvmgpdmfwzmdcrxkxdwaxrxbzy/Build/Intermediates.noindex/GitMac.build/Debug/GitMac.build/Objects-normal/arm64/DiffView.o -o /Users/mario/Library/Developer/Xcode/DerivedData/GitMac-ajzvmgpdmfwzmdcrxkxdwaxrxbzy/Build/Intermediates.noindex/GitMac.build/Debug/GitMac.build/Objects-normal/arm64/SearchView.o -o /Users/mario/Library/Developer/Xcode/DerivedData/GitMac-ajzvmgpdmfwzmdcrxkxdwaxrxbzy/Build/Intermediates.noindex/GitMac.build/Debug/GitMac.build/Objects-normal/arm64/LightweightDiffView.o -o /Users/mario/Library/Developer/Xcode/DerivedData/GitMac-ajzvmgpdmfwzmdcrxkxdwaxrxbzy/Build/Intermediates.noindex/GitMac.build/Debug/GitMac.build/Objects-normal/arm64/InteractiveRebaseView.o -index-unit-output-path /GitMac.build/Debug/GitMac.build/Objects-normal/arm64/Stash.o -index-unit-output-path /GitMac.build/Debug/GitMac.build/Objects-normal/arm64/Remote.o -index-unit-output-path /GitMac.build/Debug/GitMac.build/Objects-normal/arm64/Branch.o -index-unit-output-path /GitMac.build/Debug/GitMac.build/Objects-normal/arm64/Commit.o -index-unit-output-path /GitMac.build/Debug/GitMac.build/Objects-normal/arm64/SyntaxHighlighter.o -index-unit-output-path /GitMac.build/Debug/GitMac.build/Objects-normal/arm64/Repository.o -index-unit-output-path /GitMac.build/Debug/GitMac.build/Objects-normal/arm64/Worktree.o -index-unit-output-path /GitMac.build/Debug/GitMac.build/Objects-normal/arm64/GitEngine.o -index-unit-output-path /GitMac.build/Debug/GitMac.build/Objects-normal/arm64/RepositoryContext.o -index-unit-output-path /GitMac.build/Debug/GitMac.build/Objects-normal/arm64/PatchManipulator.o -index-unit-output-path /GitMac.build/Debug/GitMac.build/Objects-normal/arm64/Tag.o -index-unit-output-path /GitMac.build/Debug/GitMac.build/Objects-normal/arm64/ContentView.o -index-unit-output-path /GitMac.build/Debug/GitMac.build/Objects-normal/arm64/SettingsView.o -index-unit-output-path /GitMac.build/Debug/GitMac.build/Objects-normal/arm64/SubscriptionView.o -index-unit-output-path /GitMac.build/Debug/GitMac.build/Objects-normal/arm64/StagingAreaView.o -index-unit-output-path /GitMac.build/Debug/GitMac.build/Objects-normal/arm64/CommitGraphView.o -index-unit-output-path /GitMac.build/Debug/GitMac.build/Objects-normal/arm64/NotificationManager.o -index-unit-output-path /GitMac.build/Debug/GitMac.build/Objects-normal/arm64/TaigaTicketsPanel.o -index-unit-output-path /GitMac.build/Debug/GitMac.build/Objects-normal/arm64/CherryPickView.o -index-unit-output-path /GitMac.build/Debug/GitMac.build/Objects-normal/arm64/TerminalView.o -index-unit-output-path /GitMac.build/Debug/GitMac.build/Objects-normal/arm64/DiffView.o -index-unit-output-path /GitMac.build/Debug/GitMac.build/Objects-normal/arm64/SearchView.o -index-unit-output-path /GitMac.build/Debug/GitMac.build/Objects-normal/arm64/LightweightDiffView.o -index-unit-output-path /GitMac.build/Debug/GitMac.build/Objects-normal/arm64/InteractiveRebaseView.o -index-store-path /Users/mario/Library/Developer/Xcode/DerivedData/GitMac-ajzvmgpdmfwzmdcrxkxdwaxrxbzy/Index.noindex/DataStore -index-system-modules
SwiftCompile normal arm64 Compiling\ ResetView.swift,\ NotionPanel.swift,\ RemoteOperationTracker.swift,\ DSVirtualizedList.swift,\ DSPanel.swift,\ DSLoginPrompt.swift,\ DSResizablePanel.swift,\ DSIntegrationPanel.swift,\ DSInfiniteList.swift,\ DSTabContainer.swift,\ DSSettingsSheet.swift,\ DSSheet.swift,\ DSTabPanel.swift,\ DSDraggableList.swift,\ DSGroupedList.swift,\ DSCollapsiblePanel.swift,\ WorkflowsView.swift,\ AWSCodeBuildService.swift,\ AvatarService.swift,\ RemoteManagementView.swift,\ ContextMenus.swift,\ AppTheme.swift,\ ReflogView.swift,\ KeyboardShortcuts.swift /Users/mario/Sites/localhost/GitMac/GitMac/ResetView.swift /Users/mario/Sites/localhost/GitMac/GitMac/Features/Notion/NotionPanel.swift /Users/mario/Sites/localhost/GitMac/GitMac/RemoteOperationTracker.swift /Users/mario/Sites/localhost/GitMac/GitMac/UI/Organisms/Lists/DSVirtualizedList.swift /Users/mario/Sites/localhost/GitMac/GitMac/UI/Organisms/Panels/DSPanel.swift /Users/mario/Sites/localhost/GitMac/GitMac/UI/Organisms/Integration/DSLoginPrompt.swift /Users/mario/Sites/localhost/GitMac/GitMac/UI/Organisms/Panels/DSResizablePanel.swift /Users/mario/Sites/localhost/GitMac/GitMac/UI/Organisms/Integration/DSIntegrationPanel.swift /Users/mario/Sites/localhost/GitMac/GitMac/UI/Organisms/Lists/DSInfiniteList.swift /Users/mario/Sites/localhost/GitMac/GitMac/UI/Organisms/DSTabContainer.swift /Users/mario/Sites/localhost/GitMac/GitMac/UI/Organisms/Integration/DSSettingsSheet.swift /Users/mario/Sites/localhost/GitMac/GitMac/UI/Organisms/DSSheet.swift /Users/mario/Sites/localhost/GitMac/GitMac/UI/Organisms/Panels/DSTabPanel.swift /Users/mario/Sites/localhost/GitMac/GitMac/UI/Organisms/Lists/DSDraggableList.swift /Users/mario/Sites/localhost/GitMac/GitMac/UI/Organisms/Lists/DSGroupedList.swift /Users/mario/Sites/localhost/GitMac/GitMac/UI/Organisms/Panels/DSCollapsiblePanel.swift /Users/mario/Sites/localhost/GitMac/GitMac/WorkflowsView.swift /Users/mario/Sites/localhost/GitMac/GitMac/AWSCodeBuildService.swift /Users/mario/Sites/localhost/GitMac/GitMac/Core/Services/AvatarService.swift /Users/mario/Sites/localhost/GitMac/GitMac/RemoteManagementView.swift /Users/mario/Sites/localhost/GitMac/GitMac/UI/Components/ContextMenus.swift /Users/mario/Sites/localhost/GitMac/GitMac/UI/Components/AppTheme.swift /Users/mario/Sites/localhost/GitMac/GitMac/ReflogView.swift /Users/mario/Sites/localhost/GitMac/GitMac/UI/Components/KeyboardShortcuts.swift (in target 'GitMac' from project 'GitMac')

SwiftCompile normal arm64 /Users/mario/Sites/localhost/GitMac/GitMac/ResetView.swift (in target 'GitMac' from project 'GitMac')
    cd /Users/mario/Sites/localhost/GitMac
    

SwiftCompile normal arm64 /Users/mario/Sites/localhost/GitMac/GitMac/Features/Notion/NotionPanel.swift (in target 'GitMac' from project 'GitMac')
    cd /Users/mario/Sites/localhost/GitMac
    

SwiftCompile normal arm64 /Users/mario/Sites/localhost/GitMac/GitMac/RemoteOperationTracker.swift (in target 'GitMac' from project 'GitMac')
    cd /Users/mario/Sites/localhost/GitMac
    

SwiftCompile normal arm64 /Users/mario/Sites/localhost/GitMac/GitMac/UI/Organisms/Lists/DSVirtualizedList.swift (in target 'GitMac' from project 'GitMac')
    cd /Users/mario/Sites/localhost/GitMac
    

SwiftCompile normal arm64 /Users/mario/Sites/localhost/GitMac/GitMac/UI/Organisms/Panels/DSPanel.swift (in target 'GitMac' from project 'GitMac')
    cd /Users/mario/Sites/localhost/GitMac
    

SwiftCompile normal arm64 /Users/mario/Sites/localhost/GitMac/GitMac/UI/Organisms/Integration/DSLoginPrompt.swift (in target 'GitMac' from project 'GitMac')
    cd /Users/mario/Sites/localhost/GitMac
    

SwiftCompile normal arm64 /Users/mario/Sites/localhost/GitMac/GitMac/UI/Organisms/Panels/DSResizablePanel.swift (in target 'GitMac' from project 'GitMac')
    cd /Users/mario/Sites/localhost/GitMac
    

SwiftCompile normal arm64 /Users/mario/Sites/localhost/GitMac/GitMac/UI/Organisms/Integration/DSIntegrationPanel.swift (in target 'GitMac' from project 'GitMac')
    cd /Users/mario/Sites/localhost/GitMac
    

SwiftCompile normal arm64 /Users/mario/Sites/localhost/GitMac/GitMac/UI/Organisms/Lists/DSInfiniteList.swift (in target 'GitMac' from project 'GitMac')
    cd /Users/mario/Sites/localhost/GitMac
    

SwiftCompile normal arm64 /Users/mario/Sites/localhost/GitMac/GitMac/UI/Organisms/DSTabContainer.swift (in target 'GitMac' from project 'GitMac')
    cd /Users/mario/Sites/localhost/GitMac
    

SwiftCompile normal arm64 /Users/mario/Sites/localhost/GitMac/GitMac/UI/Organisms/Integration/DSSettingsSheet.swift (in target 'GitMac' from project 'GitMac')
    cd /Users/mario/Sites/localhost/GitMac
    

SwiftCompile normal arm64 /Users/mario/Sites/localhost/GitMac/GitMac/UI/Organisms/DSSheet.swift (in target 'GitMac' from project 'GitMac')
    cd /Users/mario/Sites/localhost/GitMac
    

SwiftCompile normal arm64 /Users/mario/Sites/localhost/GitMac/GitMac/UI/Organisms/Panels/DSTabPanel.swift (in target 'GitMac' from project 'GitMac')
    cd /Users/mario/Sites/localhost/GitMac
    

SwiftCompile normal arm64 /Users/mario/Sites/localhost/GitMac/GitMac/UI/Organisms/Lists/DSDraggableList.swift (in target 'GitMac' from project 'GitMac')
    cd /Users/mario/Sites/localhost/GitMac
    

SwiftCompile normal arm64 /Users/mario/Sites/localhost/GitMac/GitMac/UI/Organisms/Lists/DSGroupedList.swift (in target 'GitMac' from project 'GitMac')
    cd /Users/mario/Sites/localhost/GitMac
    

SwiftCompile normal arm64 /Users/mario/Sites/localhost/GitMac/GitMac/UI/Organisms/Panels/DSCollapsiblePanel.swift (in target 'GitMac' from project 'GitMac')
    cd /Users/mario/Sites/localhost/GitMac
    

SwiftCompile normal arm64 /Users/mario/Sites/localhost/GitMac/GitMac/WorkflowsView.swift (in target 'GitMac' from project 'GitMac')
    cd /Users/mario/Sites/localhost/GitMac
    

SwiftCompile normal arm64 /Users/mario/Sites/localhost/GitMac/GitMac/AWSCodeBuildService.swift (in target 'GitMac' from project 'GitMac')
    cd /Users/mario/Sites/localhost/GitMac
    

SwiftCompile normal arm64 /Users/mario/Sites/localhost/GitMac/GitMac/Core/Services/AvatarService.swift (in target 'GitMac' from project 'GitMac')
    cd /Users/mario/Sites/localhost/GitMac
    

SwiftCompile normal arm64 /Users/mario/Sites/localhost/GitMac/GitMac/RemoteManagementView.swift (in target 'GitMac' from project 'GitMac')
    cd /Users/mario/Sites/localhost/GitMac
    

SwiftCompile normal arm64 /Users/mario/Sites/localhost/GitMac/GitMac/UI/Components/ContextMenus.swift (in target 'GitMac' from project 'GitMac')
    cd /Users/mario/Sites/localhost/GitMac
    

SwiftCompile normal arm64 /Users/mario/Sites/localhost/GitMac/GitMac/UI/Components/AppTheme.swift (in target 'GitMac' from project 'GitMac')
    cd /Users/mario/Sites/localhost/GitMac
    

SwiftCompile normal arm64 /Users/mario/Sites/localhost/GitMac/GitMac/ReflogView.swift (in target 'GitMac' from project 'GitMac')
    cd /Users/mario/Sites/localhost/GitMac
    

SwiftCompile normal arm64 /Users/mario/Sites/localhost/GitMac/GitMac/UI/Components/KeyboardShortcuts.swift (in target 'GitMac' from project 'GitMac')
    cd /Users/mario/Sites/localhost/GitMac
    

SwiftCompile normal arm64 Compiling\ DSDraggableItem.swift,\ DSExpandableItem.swift,\ DSListItem.swift,\ DSDropZone.swift,\ DSStatusBadge.swift,\ DSLoadingState.swift,\ DSHeader.swift,\ DSErrorState.swift,\ DSEmptyState.swift,\ NotionPlugin.swift,\ LinearPlugin.swift,\ JiraPlugin.swift,\ TaigaPlugin.swift,\ PlannerPlugin.swift,\ DSTextEditor.swift,\ DSSecureField.swift,\ DSSearchField.swift,\ DSToggle.swift,\ DSTextField.swift,\ DSPicker.swift,\ TaigaLoginPrompt.swift,\ TaigaSharedViews.swift,\ TaigaUserStoriesView.swift /Users/mario/Sites/localhost/GitMac/GitMac/UI/Components/Molecules/Lists/DSDraggableItem.swift /Users/mario/Sites/localhost/GitMac/GitMac/UI/Components/Molecules/Lists/DSExpandableItem.swift /Users/mario/Sites/localhost/GitMac/GitMac/UI/Components/Molecules/Lists/DSListItem.swift /Users/mario/Sites/localhost/GitMac/GitMac/UI/Components/Molecules/Lists/DSDropZone.swift /Users/mario/Sites/localhost/GitMac/GitMac/UI/Components/Molecules/Display/DSStatusBadge.swift /Users/mario/Sites/localhost/GitMac/GitMac/UI/Components/Molecules/Display/DSLoadingState.swift /Users/mario/Sites/localhost/GitMac/GitMac/UI/Components/Molecules/Display/DSHeader.swift /Users/mario/Sites/localhost/GitMac/GitMac/UI/Components/Molecules/Display/DSErrorState.swift /Users/mario/Sites/localhost/GitMac/GitMac/UI/Components/Molecules/Display/DSEmptyState.swift /Users/mario/Sites/localhost/GitMac/GitMac/Features/Notion/NotionPlugin.swift /Users/mario/Sites/localhost/GitMac/GitMac/Features/Linear/LinearPlugin.swift /Users/mario/Sites/localhost/GitMac/GitMac/Features/Jira/JiraPlugin.swift /Users/mario/Sites/localhost/GitMac/GitMac/Features/Taiga/TaigaPlugin.swift /Users/mario/Sites/localhost/GitMac/GitMac/Features/Planner/PlannerPlugin.swift /Users/mario/Sites/localhost/GitMac/GitMac/UI/Components/Atoms/Inputs/DSTextEditor.swift /Users/mario/Sites/localhost/GitMac/GitMac/UI/Components/Atoms/Inputs/DSSecureField.swift /Users/mario/Sites/localhost/GitMac/GitMac/UI/Components/Atoms/Inputs/DSSearchField.swift /Users/mario/Sites/localhost/GitMac/GitMac/UI/Components/Atoms/Inputs/DSToggle.swift /Users/mario/Sites/localhost/GitMac/GitMac/UI/Components/Atoms/Inputs/DSTextField.swift /Users/mario/Sites/localhost/GitMac/GitMac/UI/Components/Atoms/Inputs/DSPicker.swift /Users/mario/Sites/localhost/GitMac/GitMac/Features/Taiga/Views/TaigaLoginPrompt.swift /Users/mario/Sites/localhost/GitMac/GitMac/Features/Taiga/Views/TaigaSharedViews.swift /Users/mario/Sites/localhost/GitMac/GitMac/Features/Taiga/Views/TaigaUserStoriesView.swift (in target 'GitMac' from project 'GitMac')

SwiftCompile normal arm64 /Users/mario/Sites/localhost/GitMac/GitMac/UI/Components/Molecules/Lists/DSDraggableItem.swift (in target 'GitMac' from project 'GitMac')
    cd /Users/mario/Sites/localhost/GitMac
    

SwiftCompile normal arm64 /Users/mario/Sites/localhost/GitMac/GitMac/UI/Components/Molecules/Lists/DSExpandableItem.swift (in target 'GitMac' from project 'GitMac')
    cd /Users/mario/Sites/localhost/GitMac
    

SwiftCompile normal arm64 /Users/mario/Sites/localhost/GitMac/GitMac/UI/Components/Molecules/Lists/DSListItem.swift (in target 'GitMac' from project 'GitMac')
    cd /Users/mario/Sites/localhost/GitMac
    

SwiftCompile normal arm64 /Users/mario/Sites/localhost/GitMac/GitMac/UI/Components/Molecules/Lists/DSDropZone.swift (in target 'GitMac' from project 'GitMac')
    cd /Users/mario/Sites/localhost/GitMac
    

SwiftCompile normal arm64 /Users/mario/Sites/localhost/GitMac/GitMac/UI/Components/Molecules/Display/DSStatusBadge.swift (in target 'GitMac' from project 'GitMac')
    cd /Users/mario/Sites/localhost/GitMac
    

SwiftCompile normal arm64 /Users/mario/Sites/localhost/GitMac/GitMac/UI/Components/Molecules/Display/DSLoadingState.swift (in target 'GitMac' from project 'GitMac')
    cd /Users/mario/Sites/localhost/GitMac
    

SwiftCompile normal arm64 /Users/mario/Sites/localhost/GitMac/GitMac/UI/Components/Molecules/Display/DSHeader.swift (in target 'GitMac' from project 'GitMac')
    cd /Users/mario/Sites/localhost/GitMac
    

SwiftCompile normal arm64 /Users/mario/Sites/localhost/GitMac/GitMac/UI/Components/Molecules/Display/DSErrorState.swift (in target 'GitMac' from project 'GitMac')
    cd /Users/mario/Sites/localhost/GitMac
    

SwiftCompile normal arm64 /Users/mario/Sites/localhost/GitMac/GitMac/UI/Components/Molecules/Display/DSEmptyState.swift (in target 'GitMac' from project 'GitMac')
    cd /Users/mario/Sites/localhost/GitMac
    

SwiftCompile normal arm64 /Users/mario/Sites/localhost/GitMac/GitMac/Features/Notion/NotionPlugin.swift (in target 'GitMac' from project 'GitMac')
    cd /Users/mario/Sites/localhost/GitMac
    

SwiftCompile normal arm64 /Users/mario/Sites/localhost/GitMac/GitMac/Features/Linear/LinearPlugin.swift (in target 'GitMac' from project 'GitMac')
    cd /Users/mario/Sites/localhost/GitMac
    

SwiftCompile normal arm64 /Users/mario/Sites/localhost/GitMac/GitMac/Features/Jira/JiraPlugin.swift (in target 'GitMac' from project 'GitMac')
    cd /Users/mario/Sites/localhost/GitMac
    

SwiftCompile normal arm64 /Users/mario/Sites/localhost/GitMac/GitMac/Features/Taiga/TaigaPlugin.swift (in target 'GitMac' from project 'GitMac')
    cd /Users/mario/Sites/localhost/GitMac
    

SwiftCompile normal arm64 /Users/mario/Sites/localhost/GitMac/GitMac/Features/Planner/PlannerPlugin.swift (in target 'GitMac' from project 'GitMac')
    cd /Users/mario/Sites/localhost/GitMac
    

SwiftCompile normal arm64 /Users/mario/Sites/localhost/GitMac/GitMac/UI/Components/Atoms/Inputs/DSTextEditor.swift (in target 'GitMac' from project 'GitMac')
    cd /Users/mario/Sites/localhost/GitMac
    

SwiftCompile normal arm64 /Users/mario/Sites/localhost/GitMac/GitMac/UI/Components/Atoms/Inputs/DSSecureField.swift (in target 'GitMac' from project 'GitMac')
    cd /Users/mario/Sites/localhost/GitMac
    

SwiftCompile normal arm64 /Users/mario/Sites/localhost/GitMac/GitMac/UI/Components/Atoms/Inputs/DSSearchField.swift (in target 'GitMac' from project 'GitMac')
    cd /Users/mario/Sites/localhost/GitMac
    

SwiftCompile normal arm64 /Users/mario/Sites/localhost/GitMac/GitMac/UI/Components/Atoms/Inputs/DSToggle.swift (in target 'GitMac' from project 'GitMac')
    cd /Users/mario/Sites/localhost/GitMac
    

SwiftCompile normal arm64 /Users/mario/Sites/localhost/GitMac/GitMac/UI/Components/Atoms/Inputs/DSTextField.swift (in target 'GitMac' from project 'GitMac')
    cd /Users/mario/Sites/localhost/GitMac
    

SwiftCompile normal arm64 /Users/mario/Sites/localhost/GitMac/GitMac/UI/Components/Atoms/Inputs/DSPicker.swift (in target 'GitMac' from project 'GitMac')
    cd /Users/mario/Sites/localhost/GitMac
    

SwiftCompile normal arm64 /Users/mario/Sites/localhost/GitMac/GitMac/Features/Taiga/Views/TaigaLoginPrompt.swift (in target 'GitMac' from project 'GitMac')
    cd /Users/mario/Sites/localhost/GitMac
    

SwiftCompile normal arm64 /Users/mario/Sites/localhost/GitMac/GitMac/Features/Taiga/Views/TaigaSharedViews.swift (in target 'GitMac' from project 'GitMac')
    cd /Users/mario/Sites/localhost/GitMac
    

SwiftCompile normal arm64 /Users/mario/Sites/localhost/GitMac/GitMac/Features/Taiga/Views/TaigaUserStoriesView.swift (in target 'GitMac' from project 'GitMac')
    cd /Users/mario/Sites/localhost/GitMac
    

SwiftCompile normal arm64 Compiling\ UnifiedFileContextMenu.swift,\ GitOperationHandler.swift,\ ModalCoordinator.swift,\ VisualEffectBlur.swift,\ XcodeToolbarButton.swift,\ XcodeToolbarDivider.swift,\ XcodeBottomBarTab.swift,\ XcodeSidebarNavigator.swift,\ GitHook.swift,\ GitHooksService.swift,\ GitHooksView.swift,\ GitSubmodule.swift,\ GitSubmoduleService.swift,\ SubmoduleView.swift,\ BranchService.swift,\ StagingService.swift,\ CommitService.swift,\ RemoteService.swift,\ StashService.swift,\ TagService.swift,\ MergeService.swift,\ DiffService.swift,\ BinaryFileRenderers.swift,\ DiffLineContextMenu.swift /Users/mario/Sites/localhost/GitMac/GitMac/UI/Components/UnifiedFileContextMenu.swift /Users/mario/Sites/localhost/GitMac/GitMac/GitOperationHandler.swift /Users/mario/Sites/localhost/GitMac/GitMac/UI/Utilities/ModalCoordinator.swift /Users/mario/Sites/localhost/GitMac/GitMac/UI/Utilities/VisualEffectBlur.swift /Users/mario/Sites/localhost/GitMac/GitMac/UI/Components/Xcode/XcodeToolbarButton.swift /Users/mario/Sites/localhost/GitMac/GitMac/UI/Components/Xcode/XcodeToolbarDivider.swift /Users/mario/Sites/localhost/GitMac/GitMac/UI/Components/Xcode/XcodeBottomBarTab.swift /Users/mario/Sites/localhost/GitMac/GitMac/UI/Components/Xcode/XcodeSidebarNavigator.swift /Users/mario/Sites/localhost/GitMac/GitMac/Core/Models/GitHook.swift /Users/mario/Sites/localhost/GitMac/GitMac/Core/Services/GitHooksService.swift /Users/mario/Sites/localhost/GitMac/GitMac/Features/GitHooks/GitHooksView.swift /Users/mario/Sites/localhost/GitMac/GitMac/Core/Models/GitSubmodule.swift /Users/mario/Sites/localhost/GitMac/GitMac/Core/Services/GitSubmoduleService.swift /Users/mario/Sites/localhost/GitMac/GitMac/Features/Submodules/SubmoduleView.swift /Users/mario/Sites/localhost/GitMac/GitMac/Core/Services/Specialized/BranchService.swift /Users/mario/Sites/localhost/GitMac/GitMac/Core/Services/Specialized/StagingService.swift /Users/mario/Sites/localhost/GitMac/GitMac/Core/Services/Specialized/CommitService.swift /Users/mario/Sites/localhost/GitMac/GitMac/Core/Services/Specialized/RemoteService.swift /Users/mario/Sites/localhost/GitMac/GitMac/Core/Services/Specialized/StashService.swift /Users/mario/Sites/localhost/GitMac/GitMac/Core/Services/Specialized/TagService.swift /Users/mario/Sites/localhost/GitMac/GitMac/Core/Services/Specialized/MergeService.swift /Users/mario/Sites/localhost/GitMac/GitMac/Core/Services/Specialized/DiffService.swift /Users/mario/Sites/localhost/GitMac/GitMac/Features/Diff/Renderers/BinaryFileRenderers.swift /Users/mario/Sites/localhost/GitMac/GitMac/Features/Diff/Renderers/DiffLineContextMenu.swift (in target 'GitMac' from project 'GitMac')

SwiftCompile normal arm64 /Users/mario/Sites/localhost/GitMac/GitMac/UI/Components/UnifiedFileContextMenu.swift (in target 'GitMac' from project 'GitMac')
    cd /Users/mario/Sites/localhost/GitMac
    

SwiftCompile normal arm64 /Users/mario/Sites/localhost/GitMac/GitMac/GitOperationHandler.swift (in target 'GitMac' from project 'GitMac')
    cd /Users/mario/Sites/localhost/GitMac
    

SwiftCompile normal arm64 /Users/mario/Sites/localhost/GitMac/GitMac/UI/Utilities/ModalCoordinator.swift (in target 'GitMac' from project 'GitMac')
    cd /Users/mario/Sites/localhost/GitMac
    

SwiftCompile normal arm64 /Users/mario/Sites/localhost/GitMac/GitMac/UI/Utilities/VisualEffectBlur.swift (in target 'GitMac' from project 'GitMac')
    cd /Users/mario/Sites/localhost/GitMac
    

SwiftCompile normal arm64 /Users/mario/Sites/localhost/GitMac/GitMac/UI/Components/Xcode/XcodeToolbarButton.swift (in target 'GitMac' from project 'GitMac')
    cd /Users/mario/Sites/localhost/GitMac
    

SwiftCompile normal arm64 /Users/mario/Sites/localhost/GitMac/GitMac/UI/Components/Xcode/XcodeToolbarDivider.swift (in target 'GitMac' from project 'GitMac')
    cd /Users/mario/Sites/localhost/GitMac
    

SwiftCompile normal arm64 /Users/mario/Sites/localhost/GitMac/GitMac/UI/Components/Xcode/XcodeBottomBarTab.swift (in target 'GitMac' from project 'GitMac')
    cd /Users/mario/Sites/localhost/GitMac
    

SwiftCompile normal arm64 /Users/mario/Sites/localhost/GitMac/GitMac/UI/Components/Xcode/XcodeSidebarNavigator.swift (in target 'GitMac' from project 'GitMac')
    cd /Users/mario/Sites/localhost/GitMac
    

SwiftCompile normal arm64 /Users/mario/Sites/localhost/GitMac/GitMac/Core/Models/GitHook.swift (in target 'GitMac' from project 'GitMac')
    cd /Users/mario/Sites/localhost/GitMac
    

SwiftCompile normal arm64 /Users/mario/Sites/localhost/GitMac/GitMac/Core/Services/GitHooksService.swift (in target 'GitMac' from project 'GitMac')
    cd /Users/mario/Sites/localhost/GitMac
    

SwiftCompile normal arm64 /Users/mario/Sites/localhost/GitMac/GitMac/Features/GitHooks/GitHooksView.swift (in target 'GitMac' from project 'GitMac')
    cd /Users/mario/Sites/localhost/GitMac
    

SwiftCompile normal arm64 /Users/mario/Sites/localhost/GitMac/GitMac/Core/Models/GitSubmodule.swift (in target 'GitMac' from project 'GitMac')
    cd /Users/mario/Sites/localhost/GitMac
    

SwiftCompile normal arm64 /Users/mario/Sites/localhost/GitMac/GitMac/Core/Services/GitSubmoduleService.swift (in target 'GitMac' from project 'GitMac')
    cd /Users/mario/Sites/localhost/GitMac
    

SwiftCompile normal arm64 /Users/mario/Sites/localhost/GitMac/GitMac/Features/Submodules/SubmoduleView.swift (in target 'GitMac' from project 'GitMac')
    cd /Users/mario/Sites/localhost/GitMac
    

SwiftCompile normal arm64 /Users/mario/Sites/localhost/GitMac/GitMac/Core/Services/Specialized/BranchService.swift (in target 'GitMac' from project 'GitMac')
    cd /Users/mario/Sites/localhost/GitMac
    

SwiftCompile normal arm64 /Users/mario/Sites/localhost/GitMac/GitMac/Core/Services/Specialized/StagingService.swift (in target 'GitMac' from project 'GitMac')
    cd /Users/mario/Sites/localhost/GitMac
    

SwiftCompile normal arm64 /Users/mario/Sites/localhost/GitMac/GitMac/Core/Services/Specialized/CommitService.swift (in target 'GitMac' from project 'GitMac')
    cd /Users/mario/Sites/localhost/GitMac
    

SwiftCompile normal arm64 /Users/mario/Sites/localhost/GitMac/GitMac/Core/Services/Specialized/RemoteService.swift (in target 'GitMac' from project 'GitMac')
    cd /Users/mario/Sites/localhost/GitMac
    

SwiftCompile normal arm64 /Users/mario/Sites/localhost/GitMac/GitMac/Core/Services/Specialized/StashService.swift (in target 'GitMac' from project 'GitMac')
    cd /Users/mario/Sites/localhost/GitMac
    

SwiftCompile normal arm64 /Users/mario/Sites/localhost/GitMac/GitMac/Core/Services/Specialized/TagService.swift (in target 'GitMac' from project 'GitMac')
    cd /Users/mario/Sites/localhost/GitMac
    

SwiftCompile normal arm64 /Users/mario/Sites/localhost/GitMac/GitMac/Core/Services/Specialized/MergeService.swift (in target 'GitMac' from project 'GitMac')
    cd /Users/mario/Sites/localhost/GitMac
    

SwiftCompile normal arm64 /Users/mario/Sites/localhost/GitMac/GitMac/Core/Services/Specialized/DiffService.swift (in target 'GitMac' from project 'GitMac')
    cd /Users/mario/Sites/localhost/GitMac
    

SwiftCompile normal arm64 /Users/mario/Sites/localhost/GitMac/GitMac/Features/Diff/Renderers/BinaryFileRenderers.swift (in target 'GitMac' from project 'GitMac')
    cd /Users/mario/Sites/localhost/GitMac
    

SwiftCompile normal arm64 /Users/mario/Sites/localhost/GitMac/GitMac/Features/Diff/Renderers/DiffLineContextMenu.swift (in target 'GitMac' from project 'GitMac')
    cd /Users/mario/Sites/localhost/GitMac
    

SwiftCompile normal arm64 Compiling\ DiffLineRenderers.swift,\ DiffMinimap.swift,\ DiffParser.swift,\ DiffScrollViews.swift,\ DiffSyntaxHighlighter.swift,\ LargeFileDiffRenderer.swift,\ GhosttyEnhancedViewModel.swift,\ AICommandSuggestions.swift,\ TerminalCommandPalette.swift,\ GhosttyEnhancedTerminalView.swift,\ TerminalAIService.swift,\ BottomPanelManager.swift,\ BottomPanelTab.swift,\ BottomPanelType.swift,\ BottomPanelResizer.swift,\ UnifiedBottomPanel.swift,\ BottomPanelContent.swift,\ BottomPanelTabBar.swift,\ UniversalResizer.swift,\ DesignTokens.swift,\ ComponentCatalog.swift,\ IntegrationPlugin.swift,\ IntegrationViewModel.swift,\ PluginRegistry.swift /Users/mario/Sites/localhost/GitMac/GitMac/Features/Diff/Renderers/DiffLineRenderers.swift /Users/mario/Sites/localhost/GitMac/GitMac/Features/Diff/Renderers/DiffMinimap.swift /Users/mario/Sites/localhost/GitMac/GitMac/Features/Diff/Renderers/DiffParser.swift /Users/mario/Sites/localhost/GitMac/GitMac/Features/Diff/Renderers/DiffScrollViews.swift /Users/mario/Sites/localhost/GitMac/GitMac/Features/Diff/Renderers/DiffSyntaxHighlighter.swift /Users/mario/Sites/localhost/GitMac/GitMac/Features/Diff/Renderers/LargeFileDiffRenderer.swift /Users/mario/Sites/localhost/GitMac/GitMac/Features/Terminal/Enhanced/GhosttyEnhancedViewModel.swift /Users/mario/Sites/localhost/GitMac/GitMac/Features/Terminal/Enhanced/AICommandSuggestions.swift /Users/mario/Sites/localhost/GitMac/GitMac/Features/Terminal/Enhanced/TerminalCommandPalette.swift /Users/mario/Sites/localhost/GitMac/GitMac/Features/Terminal/Enhanced/GhosttyEnhancedTerminalView.swift /Users/mario/Sites/localhost/GitMac/GitMac/Features/Terminal/Enhanced/TerminalAIService.swift /Users/mario/Sites/localhost/GitMac/GitMac/Features/BottomPanel/BottomPanelManager.swift /Users/mario/Sites/localhost/GitMac/GitMac/Features/BottomPanel/Models/BottomPanelTab.swift /Users/mario/Sites/localhost/GitMac/GitMac/Features/BottomPanel/Models/BottomPanelType.swift /Users/mario/Sites/localhost/GitMac/GitMac/Features/BottomPanel/Views/BottomPanelResizer.swift /Users/mario/Sites/localhost/GitMac/GitMac/Features/BottomPanel/Views/UnifiedBottomPanel.swift /Users/mario/Sites/localhost/GitMac/GitMac/Features/BottomPanel/Views/BottomPanelContent.swift /Users/mario/Sites/localhost/GitMac/GitMac/Features/BottomPanel/Views/BottomPanelTabBar.swift /Users/mario/Sites/localhost/GitMac/GitMac/UI/Components/Common/UniversalResizer.swift /Users/mario/Sites/localhost/GitMac/GitMac/UI/Theme/DesignTokens.swift /Users/mario/Sites/localhost/GitMac/GitMac/UI/Components/ComponentCatalog.swift /Users/mario/Sites/localhost/GitMac/GitMac/Core/PluginSystem/IntegrationPlugin.swift /Users/mario/Sites/localhost/GitMac/GitMac/Core/PluginSystem/IntegrationViewModel.swift /Users/mario/Sites/localhost/GitMac/GitMac/Core/PluginSystem/PluginRegistry.swift (in target 'GitMac' from project 'GitMac')

SwiftCompile normal arm64 /Users/mario/Sites/localhost/GitMac/GitMac/Features/Diff/Renderers/DiffLineRenderers.swift (in target 'GitMac' from project 'GitMac')
    cd /Users/mario/Sites/localhost/GitMac
    

SwiftCompile normal arm64 /Users/mario/Sites/localhost/GitMac/GitMac/Features/Diff/Renderers/DiffMinimap.swift (in target 'GitMac' from project 'GitMac')
    cd /Users/mario/Sites/localhost/GitMac
    

SwiftCompile normal arm64 /Users/mario/Sites/localhost/GitMac/GitMac/Features/Diff/Renderers/DiffParser.swift (in target 'GitMac' from project 'GitMac')
    cd /Users/mario/Sites/localhost/GitMac
    

SwiftCompile normal arm64 /Users/mario/Sites/localhost/GitMac/GitMac/Features/Diff/Renderers/DiffScrollViews.swift (in target 'GitMac' from project 'GitMac')
    cd /Users/mario/Sites/localhost/GitMac
    

SwiftCompile normal arm64 /Users/mario/Sites/localhost/GitMac/GitMac/Features/Diff/Renderers/DiffSyntaxHighlighter.swift (in target 'GitMac' from project 'GitMac')
    cd /Users/mario/Sites/localhost/GitMac
    

SwiftCompile normal arm64 /Users/mario/Sites/localhost/GitMac/GitMac/Features/Diff/Renderers/LargeFileDiffRenderer.swift (in target 'GitMac' from project 'GitMac')
    cd /Users/mario/Sites/localhost/GitMac
    

SwiftCompile normal arm64 /Users/mario/Sites/localhost/GitMac/GitMac/Features/Terminal/Enhanced/GhosttyEnhancedViewModel.swift (in target 'GitMac' from project 'GitMac')
    cd /Users/mario/Sites/localhost/GitMac
    

SwiftCompile normal arm64 /Users/mario/Sites/localhost/GitMac/GitMac/Features/Terminal/Enhanced/AICommandSuggestions.swift (in target 'GitMac' from project 'GitMac')
    cd /Users/mario/Sites/localhost/GitMac
    

SwiftCompile normal arm64 /Users/mario/Sites/localhost/GitMac/GitMac/Features/Terminal/Enhanced/TerminalCommandPalette.swift (in target 'GitMac' from project 'GitMac')
    cd /Users/mario/Sites/localhost/GitMac
    

SwiftCompile normal arm64 /Users/mario/Sites/localhost/GitMac/GitMac/Features/Terminal/Enhanced/GhosttyEnhancedTerminalView.swift (in target 'GitMac' from project 'GitMac')
    cd /Users/mario/Sites/localhost/GitMac
    

SwiftCompile normal arm64 /Users/mario/Sites/localhost/GitMac/GitMac/Features/Terminal/Enhanced/TerminalAIService.swift (in target 'GitMac' from project 'GitMac')
    cd /Users/mario/Sites/localhost/GitMac
    

SwiftCompile normal arm64 /Users/mario/Sites/localhost/GitMac/GitMac/Features/BottomPanel/BottomPanelManager.swift (in target 'GitMac' from project 'GitMac')
    cd /Users/mario/Sites/localhost/GitMac
    

SwiftCompile normal arm64 /Users/mario/Sites/localhost/GitMac/GitMac/Features/BottomPanel/Models/BottomPanelTab.swift (in target 'GitMac' from project 'GitMac')
    cd /Users/mario/Sites/localhost/GitMac
    

SwiftCompile normal arm64 /Users/mario/Sites/localhost/GitMac/GitMac/Features/BottomPanel/Models/BottomPanelType.swift (in target 'GitMac' from project 'GitMac')
    cd /Users/mario/Sites/localhost/GitMac
    

SwiftCompile normal arm64 /Users/mario/Sites/localhost/GitMac/GitMac/Features/BottomPanel/Views/BottomPanelResizer.swift (in target 'GitMac' from project 'GitMac')
    cd /Users/mario/Sites/localhost/GitMac
    

SwiftCompile normal arm64 /Users/mario/Sites/localhost/GitMac/GitMac/Features/BottomPanel/Views/UnifiedBottomPanel.swift (in target 'GitMac' from project 'GitMac')
    cd /Users/mario/Sites/localhost/GitMac
    

SwiftCompile normal arm64 /Users/mario/Sites/localhost/GitMac/GitMac/Features/BottomPanel/Views/BottomPanelContent.swift (in target 'GitMac' from project 'GitMac')
    cd /Users/mario/Sites/localhost/GitMac
    

SwiftCompile normal arm64 /Users/mario/Sites/localhost/GitMac/GitMac/Features/BottomPanel/Views/BottomPanelTabBar.swift (in target 'GitMac' from project 'GitMac')
    cd /Users/mario/Sites/localhost/GitMac
    

SwiftCompile normal arm64 /Users/mario/Sites/localhost/GitMac/GitMac/UI/Components/Common/UniversalResizer.swift (in target 'GitMac' from project 'GitMac')
    cd /Users/mario/Sites/localhost/GitMac
    

SwiftCompile normal arm64 /Users/mario/Sites/localhost/GitMac/GitMac/UI/Theme/DesignTokens.swift (in target 'GitMac' from project 'GitMac')
    cd /Users/mario/Sites/localhost/GitMac
    

SwiftCompile normal arm64 /Users/mario/Sites/localhost/GitMac/GitMac/UI/Components/ComponentCatalog.swift (in target 'GitMac' from project 'GitMac')
    cd /Users/mario/Sites/localhost/GitMac
    

SwiftCompile normal arm64 /Users/mario/Sites/localhost/GitMac/GitMac/Core/PluginSystem/IntegrationPlugin.swift (in target 'GitMac' from project 'GitMac')
    cd /Users/mario/Sites/localhost/GitMac
    

SwiftCompile normal arm64 /Users/mario/Sites/localhost/GitMac/GitMac/Core/PluginSystem/IntegrationViewModel.swift (in target 'GitMac' from project 'GitMac')
    cd /Users/mario/Sites/localhost/GitMac
    

SwiftCompile normal arm64 /Users/mario/Sites/localhost/GitMac/GitMac/Core/PluginSystem/PluginRegistry.swift (in target 'GitMac' from project 'GitMac')
    cd /Users/mario/Sites/localhost/GitMac
    

SwiftCompile normal arm64 Compiling\ JiraViewModel.swift,\ TaigaViewModel.swift,\ DSTabButton.swift,\ DSButton.swift,\ DSToolbarButton.swift,\ DSIconButton.swift,\ DSLinkButton.swift,\ DSCloseButton.swift,\ DSTooltip.swift,\ DSSpinner.swift,\ DSProgressBar.swift,\ DSSkeletonBox.swift,\ DSText.swift,\ DSAvatar.swift,\ DSBadge.swift,\ DSDivider.swift,\ DSIcon.swift,\ CardStyle.swift,\ DSSpacer.swift,\ DSFilterMenu.swift,\ DSLabeledField.swift,\ DSSearchBar.swift,\ DSActionBar.swift /Users/mario/Sites/localhost/GitMac/GitMac/Features/Jira/JiraViewModel.swift /Users/mario/Sites/localhost/GitMac/GitMac/Features/Taiga/TaigaViewModel.swift /Users/mario/Sites/localhost/GitMac/GitMac/UI/Components/Atoms/Buttons/DSTabButton.swift /Users/mario/Sites/localhost/GitMac/GitMac/UI/Components/Atoms/Buttons/DSButton.swift /Users/mario/Sites/localhost/GitMac/GitMac/UI/Components/Atoms/Buttons/DSToolbarButton.swift /Users/mario/Sites/localhost/GitMac/GitMac/UI/Components/Atoms/Buttons/DSIconButton.swift /Users/mario/Sites/localhost/GitMac/GitMac/UI/Components/Atoms/Buttons/DSLinkButton.swift /Users/mario/Sites/localhost/GitMac/GitMac/UI/Components/Atoms/Buttons/DSCloseButton.swift /Users/mario/Sites/localhost/GitMac/GitMac/UI/Components/Atoms/Feedback/DSTooltip.swift /Users/mario/Sites/localhost/GitMac/GitMac/UI/Components/Atoms/Feedback/DSSpinner.swift /Users/mario/Sites/localhost/GitMac/GitMac/UI/Components/Atoms/Feedback/DSProgressBar.swift /Users/mario/Sites/localhost/GitMac/GitMac/UI/Components/Atoms/Feedback/DSSkeletonBox.swift /Users/mario/Sites/localhost/GitMac/GitMac/UI/Components/Atoms/Display/DSText.swift /Users/mario/Sites/localhost/GitMac/GitMac/UI/Components/Atoms/Display/DSAvatar.swift /Users/mario/Sites/localhost/GitMac/GitMac/UI/Components/Atoms/Display/DSBadge.swift /Users/mario/Sites/localhost/GitMac/GitMac/UI/Components/Atoms/Display/DSDivider.swift /Users/mario/Sites/localhost/GitMac/GitMac/UI/Components/Atoms/Display/DSIcon.swift /Users/mario/Sites/localhost/GitMac/GitMac/UI/Components/Cards/CardStyle.swift /Users/mario/Sites/localhost/GitMac/GitMac/UI/Components/Atoms/Display/DSSpacer.swift /Users/mario/Sites/localhost/GitMac/GitMac/UI/Components/Molecules/Forms/DSFilterMenu.swift /Users/mario/Sites/localhost/GitMac/GitMac/UI/Components/Molecules/Forms/DSLabeledField.swift /Users/mario/Sites/localhost/GitMac/GitMac/UI/Components/Molecules/Forms/DSSearchBar.swift /Users/mario/Sites/localhost/GitMac/GitMac/UI/Components/Molecules/Forms/DSActionBar.swift (in target 'GitMac' from project 'GitMac')

SwiftCompile normal arm64 /Users/mario/Sites/localhost/GitMac/GitMac/Features/Jira/JiraViewModel.swift (in target 'GitMac' from project 'GitMac')
    cd /Users/mario/Sites/localhost/GitMac
    

SwiftCompile normal arm64 /Users/mario/Sites/localhost/GitMac/GitMac/Features/Taiga/TaigaViewModel.swift (in target 'GitMac' from project 'GitMac')
    cd /Users/mario/Sites/localhost/GitMac
    

SwiftCompile normal arm64 /Users/mario/Sites/localhost/GitMac/GitMac/UI/Components/Atoms/Buttons/DSTabButton.swift (in target 'GitMac' from project 'GitMac')
    cd /Users/mario/Sites/localhost/GitMac
    

SwiftCompile normal arm64 /Users/mario/Sites/localhost/GitMac/GitMac/UI/Components/Atoms/Buttons/DSButton.swift (in target 'GitMac' from project 'GitMac')
    cd /Users/mario/Sites/localhost/GitMac
    

SwiftCompile normal arm64 /Users/mario/Sites/localhost/GitMac/GitMac/UI/Components/Atoms/Buttons/DSToolbarButton.swift (in target 'GitMac' from project 'GitMac')
    cd /Users/mario/Sites/localhost/GitMac
    

SwiftCompile normal arm64 /Users/mario/Sites/localhost/GitMac/GitMac/UI/Components/Atoms/Buttons/DSIconButton.swift (in target 'GitMac' from project 'GitMac')
    cd /Users/mario/Sites/localhost/GitMac
    

SwiftCompile normal arm64 /Users/mario/Sites/localhost/GitMac/GitMac/UI/Components/Atoms/Buttons/DSLinkButton.swift (in target 'GitMac' from project 'GitMac')
    cd /Users/mario/Sites/localhost/GitMac
    

SwiftCompile normal arm64 /Users/mario/Sites/localhost/GitMac/GitMac/UI/Components/Atoms/Buttons/DSCloseButton.swift (in target 'GitMac' from project 'GitMac')
    cd /Users/mario/Sites/localhost/GitMac
    

SwiftCompile normal arm64 /Users/mario/Sites/localhost/GitMac/GitMac/UI/Components/Atoms/Feedback/DSTooltip.swift (in target 'GitMac' from project 'GitMac')
    cd /Users/mario/Sites/localhost/GitMac
    

SwiftCompile normal arm64 /Users/mario/Sites/localhost/GitMac/GitMac/UI/Components/Atoms/Feedback/DSSpinner.swift (in target 'GitMac' from project 'GitMac')
    cd /Users/mario/Sites/localhost/GitMac
    

SwiftCompile normal arm64 /Users/mario/Sites/localhost/GitMac/GitMac/UI/Components/Atoms/Feedback/DSProgressBar.swift (in target 'GitMac' from project 'GitMac')
    cd /Users/mario/Sites/localhost/GitMac
    

SwiftCompile normal arm64 /Users/mario/Sites/localhost/GitMac/GitMac/UI/Components/Atoms/Feedback/DSSkeletonBox.swift (in target 'GitMac' from project 'GitMac')
    cd /Users/mario/Sites/localhost/GitMac
    

SwiftCompile normal arm64 /Users/mario/Sites/localhost/GitMac/GitMac/UI/Components/Atoms/Display/DSText.swift (in target 'GitMac' from project 'GitMac')
    cd /Users/mario/Sites/localhost/GitMac
    

SwiftCompile normal arm64 /Users/mario/Sites/localhost/GitMac/GitMac/UI/Components/Atoms/Display/DSAvatar.swift (in target 'GitMac' from project 'GitMac')
    cd /Users/mario/Sites/localhost/GitMac
    

SwiftCompile normal arm64 /Users/mario/Sites/localhost/GitMac/GitMac/UI/Components/Atoms/Display/DSBadge.swift (in target 'GitMac' from project 'GitMac')
    cd /Users/mario/Sites/localhost/GitMac
    

SwiftCompile normal arm64 /Users/mario/Sites/localhost/GitMac/GitMac/UI/Components/Atoms/Display/DSDivider.swift (in target 'GitMac' from project 'GitMac')
    cd /Users/mario/Sites/localhost/GitMac
    

SwiftCompile normal arm64 /Users/mario/Sites/localhost/GitMac/GitMac/UI/Components/Atoms/Display/DSIcon.swift (in target 'GitMac' from project 'GitMac')
    cd /Users/mario/Sites/localhost/GitMac
    

SwiftCompile normal arm64 /Users/mario/Sites/localhost/GitMac/GitMac/UI/Components/Cards/CardStyle.swift (in target 'GitMac' from project 'GitMac')
    cd /Users/mario/Sites/localhost/GitMac
    

SwiftCompile normal arm64 /Users/mario/Sites/localhost/GitMac/GitMac/UI/Components/Atoms/Display/DSSpacer.swift (in target 'GitMac' from project 'GitMac')
    cd /Users/mario/Sites/localhost/GitMac
    

SwiftCompile normal arm64 /Users/mario/Sites/localhost/GitMac/GitMac/UI/Components/Molecules/Forms/DSFilterMenu.swift (in target 'GitMac' from project 'GitMac')
    cd /Users/mario/Sites/localhost/GitMac
    

SwiftCompile normal arm64 /Users/mario/Sites/localhost/GitMac/GitMac/UI/Components/Molecules/Forms/DSLabeledField.swift (in target 'GitMac' from project 'GitMac')
    cd /Users/mario/Sites/localhost/GitMac
    

SwiftCompile normal arm64 /Users/mario/Sites/localhost/GitMac/GitMac/UI/Components/Molecules/Forms/DSSearchBar.swift (in target 'GitMac' from project 'GitMac')
    cd /Users/mario/Sites/localhost/GitMac
    

SwiftCompile normal arm64 /Users/mario/Sites/localhost/GitMac/GitMac/UI/Components/Molecules/Forms/DSActionBar.swift (in target 'GitMac' from project 'GitMac')
    cd /Users/mario/Sites/localhost/GitMac
    

SwiftCompile normal arm64 Compiling\ FileRow.swift,\ ListRow.swift,\ RowProtocols.swift,\ WordLevelDiff.swift,\ FileTypeIcon.swift,\ PullSheet.swift,\ GitMacApp.swift,\ StoreManager.swift,\ KeychainManager.swift,\ ShellExecutor.swift,\ FileBrowserView.swift,\ FileWatcher.swift,\ CacheWithTTL.swift,\ GitService.swift,\ AIService.swift,\ GitHubService.swift,\ WorkspaceSettings.swift,\ RevertView.swift,\ MicrosoftPlannerService.swift,\ ThemeManager.swift,\ GitHubOAuth.swift,\ UndoManager.swift,\ MicrosoftOAuth.swift,\ TaigaService.swift /Users/mario/Sites/localhost/GitMac/GitMac/UI/Components/Rows/FileRow.swift /Users/mario/Sites/localhost/GitMac/GitMac/UI/Components/Rows/ListRow.swift /Users/mario/Sites/localhost/GitMac/GitMac/UI/Components/Rows/RowProtocols.swift /Users/mario/Sites/localhost/GitMac/GitMac/Features/Diff/WordLevelDiff.swift /Users/mario/Sites/localhost/GitMac/GitMac/UI/Components/Icons/FileTypeIcon.swift /Users/mario/Sites/localhost/GitMac/GitMac/PullSheet.swift /Users/mario/Sites/localhost/GitMac/GitMac/App/GitMacApp.swift /Users/mario/Sites/localhost/GitMac/GitMac/Core/StoreKit/StoreManager.swift /Users/mario/Sites/localhost/GitMac/GitMac/Core/Utils/KeychainManager.swift /Users/mario/Sites/localhost/GitMac/GitMac/Core/Utils/ShellExecutor.swift /Users/mario/Sites/localhost/GitMac/GitMac/FileBrowserView.swift /Users/mario/Sites/localhost/GitMac/GitMac/Core/Utils/FileWatcher.swift /Users/mario/Sites/localhost/GitMac/GitMac/Core/Utils/CacheWithTTL.swift /Users/mario/Sites/localhost/GitMac/GitMac/Core/Services/GitService.swift /Users/mario/Sites/localhost/GitMac/GitMac/Core/Services/AIService.swift /Users/mario/Sites/localhost/GitMac/GitMac/Core/Services/GitHubService.swift /Users/mario/Sites/localhost/GitMac/GitMac/Core/Services/WorkspaceSettings.swift /Users/mario/Sites/localhost/GitMac/GitMac/RevertView.swift /Users/mario/Sites/localhost/GitMac/GitMac/Core/Services/MicrosoftPlannerService.swift /Users/mario/Sites/localhost/GitMac/GitMac/ThemeManager.swift /Users/mario/Sites/localhost/GitMac/GitMac/Core/Services/GitHubOAuth.swift /Users/mario/Sites/localhost/GitMac/GitMac/Core/Services/UndoManager.swift /Users/mario/Sites/localhost/GitMac/GitMac/Core/Services/MicrosoftOAuth.swift /Users/mario/Sites/localhost/GitMac/GitMac/Core/Services/TaigaService.swift (in target 'GitMac' from project 'GitMac')

SwiftCompile normal arm64 /Users/mario/Sites/localhost/GitMac/GitMac/UI/Components/Rows/FileRow.swift (in target 'GitMac' from project 'GitMac')
    cd /Users/mario/Sites/localhost/GitMac
    

SwiftCompile normal arm64 /Users/mario/Sites/localhost/GitMac/GitMac/UI/Components/Rows/ListRow.swift (in target 'GitMac' from project 'GitMac')
    cd /Users/mario/Sites/localhost/GitMac
    

SwiftCompile normal arm64 /Users/mario/Sites/localhost/GitMac/GitMac/UI/Components/Rows/RowProtocols.swift (in target 'GitMac' from project 'GitMac')
    cd /Users/mario/Sites/localhost/GitMac
    

SwiftCompile normal arm64 /Users/mario/Sites/localhost/GitMac/GitMac/Features/Diff/WordLevelDiff.swift (in target 'GitMac' from project 'GitMac')
    cd /Users/mario/Sites/localhost/GitMac
    

SwiftCompile normal arm64 /Users/mario/Sites/localhost/GitMac/GitMac/UI/Components/Icons/FileTypeIcon.swift (in target 'GitMac' from project 'GitMac')
    cd /Users/mario/Sites/localhost/GitMac
    

SwiftCompile normal arm64 /Users/mario/Sites/localhost/GitMac/GitMac/PullSheet.swift (in target 'GitMac' from project 'GitMac')
    cd /Users/mario/Sites/localhost/GitMac
    

SwiftCompile normal arm64 /Users/mario/Sites/localhost/GitMac/GitMac/App/GitMacApp.swift (in target 'GitMac' from project 'GitMac')
    cd /Users/mario/Sites/localhost/GitMac
    

SwiftCompile normal arm64 /Users/mario/Sites/localhost/GitMac/GitMac/Core/StoreKit/StoreManager.swift (in target 'GitMac' from project 'GitMac')
    cd /Users/mario/Sites/localhost/GitMac
    

SwiftCompile normal arm64 /Users/mario/Sites/localhost/GitMac/GitMac/Core/Utils/KeychainManager.swift (in target 'GitMac' from project 'GitMac')
    cd /Users/mario/Sites/localhost/GitMac
    

SwiftCompile normal arm64 /Users/mario/Sites/localhost/GitMac/GitMac/Core/Utils/ShellExecutor.swift (in target 'GitMac' from project 'GitMac')
    cd /Users/mario/Sites/localhost/GitMac
    

SwiftCompile normal arm64 /Users/mario/Sites/localhost/GitMac/GitMac/FileBrowserView.swift (in target 'GitMac' from project 'GitMac')
    cd /Users/mario/Sites/localhost/GitMac
    

SwiftCompile normal arm64 /Users/mario/Sites/localhost/GitMac/GitMac/Core/Utils/FileWatcher.swift (in target 'GitMac' from project 'GitMac')
    cd /Users/mario/Sites/localhost/GitMac
    

SwiftCompile normal arm64 /Users/mario/Sites/localhost/GitMac/GitMac/Core/Utils/CacheWithTTL.swift (in target 'GitMac' from project 'GitMac')
    cd /Users/mario/Sites/localhost/GitMac
    

SwiftCompile normal arm64 /Users/mario/Sites/localhost/GitMac/GitMac/Core/Services/GitService.swift (in target 'GitMac' from project 'GitMac')
    cd /Users/mario/Sites/localhost/GitMac
    

SwiftCompile normal arm64 /Users/mario/Sites/localhost/GitMac/GitMac/Core/Services/AIService.swift (in target 'GitMac' from project 'GitMac')
    cd /Users/mario/Sites/localhost/GitMac
    

SwiftCompile normal arm64 /Users/mario/Sites/localhost/GitMac/GitMac/Core/Services/GitHubService.swift (in target 'GitMac' from project 'GitMac')
    cd /Users/mario/Sites/localhost/GitMac
    

SwiftCompile normal arm64 /Users/mario/Sites/localhost/GitMac/GitMac/Core/Services/WorkspaceSettings.swift (in target 'GitMac' from project 'GitMac')
    cd /Users/mario/Sites/localhost/GitMac
    

SwiftCompile normal arm64 /Users/mario/Sites/localhost/GitMac/GitMac/RevertView.swift (in target 'GitMac' from project 'GitMac')
    cd /Users/mario/Sites/localhost/GitMac
    

SwiftCompile normal arm64 /Users/mario/Sites/localhost/GitMac/GitMac/Core/Services/MicrosoftPlannerService.swift (in target 'GitMac' from project 'GitMac')
    cd /Users/mario/Sites/localhost/GitMac
    

SwiftCompile normal arm64 /Users/mario/Sites/localhost/GitMac/GitMac/ThemeManager.swift (in target 'GitMac' from project 'GitMac')
    cd /Users/mario/Sites/localhost/GitMac
    

SwiftCompile normal arm64 /Users/mario/Sites/localhost/GitMac/GitMac/Core/Services/GitHubOAuth.swift (in target 'GitMac' from project 'GitMac')
    cd /Users/mario/Sites/localhost/GitMac
    

SwiftCompile normal arm64 /Users/mario/Sites/localhost/GitMac/GitMac/Core/Services/UndoManager.swift (in target 'GitMac' from project 'GitMac')
    cd /Users/mario/Sites/localhost/GitMac
    

SwiftCompile normal arm64 /Users/mario/Sites/localhost/GitMac/GitMac/Core/Services/MicrosoftOAuth.swift (in target 'GitMac' from project 'GitMac')
    cd /Users/mario/Sites/localhost/GitMac
    

SwiftCompile normal arm64 /Users/mario/Sites/localhost/GitMac/GitMac/Core/Services/TaigaService.swift (in target 'GitMac' from project 'GitMac')
    cd /Users/mario/Sites/localhost/GitMac
    

SwiftDriverJobDiscovery normal arm64 Compiling JiraViewModel.swift, TaigaViewModel.swift, DSTabButton.swift, DSButton.swift, DSToolbarButton.swift, DSIconButton.swift, DSLinkButton.swift, DSCloseButton.swift, DSTooltip.swift, DSSpinner.swift, DSProgressBar.swift, DSSkeletonBox.swift, DSText.swift, DSAvatar.swift, DSBadge.swift, DSDivider.swift, DSIcon.swift, CardStyle.swift, DSSpacer.swift, DSFilterMenu.swift, DSLabeledField.swift, DSSearchBar.swift, DSActionBar.swift (in target 'GitMac' from project 'GitMac')

SwiftCompile normal arm64 Compiling\ SearchQuery.swift,\ KaleidoscopeDiffView.swift,\ KaleidoscopeFileList.swift,\ KaleidoscopeSplitDiffView.swift,\ KaleidoscopeUnifiedView.swift,\ RepositoryHierarchicalNavigator.swift,\ SearchSyntaxParser.swift,\ RepoGroupsService.swift,\ CommitMessageArea.swift,\ LayoutConstants.swift,\ DiffHunkView.swift,\ DiffLineView.swift,\ DiffStatsView.swift,\ DiffToolbar.swift,\ FileTreeProtocols.swift,\ GenericFileTreeView.swift,\ GenericTreeNode.swift,\ TreeExpansionState.swift,\ StatusIcon.swift,\ FileListSection.swift,\ SectionHeader.swift,\ Separator.swift,\ BaseRow.swift,\ BranchRow.swift /Users/mario/Sites/localhost/GitMac/GitMac/Features/CommitGraph/Search/SearchQuery.swift /Users/mario/Sites/localhost/GitMac/GitMac/Features/Diff/KaleidoscopeDiffView.swift /Users/mario/Sites/localhost/GitMac/GitMac/Features/Diff/KaleidoscopeFileList.swift /Users/mario/Sites/localhost/GitMac/GitMac/Features/Diff/KaleidoscopeSplitDiffView.swift /Users/mario/Sites/localhost/GitMac/GitMac/Features/Diff/KaleidoscopeUnifiedView.swift /Users/mario/Sites/localhost/GitMac/GitMac/Features/Repositories/RepositoryHierarchicalNavigator.swift /Users/mario/Sites/localhost/GitMac/GitMac/Features/CommitGraph/Search/SearchSyntaxParser.swift /Users/mario/Sites/localhost/GitMac/GitMac/Features/RepoGroups/RepoGroupsService.swift /Users/mario/Sites/localhost/GitMac/GitMac/UI/Components/Commit/CommitMessageArea.swift /Users/mario/Sites/localhost/GitMac/GitMac/UI/Components/Common/LayoutConstants.swift /Users/mario/Sites/localhost/GitMac/GitMac/UI/Components/Diff/DiffHunkView.swift /Users/mario/Sites/localhost/GitMac/GitMac/UI/Components/Diff/DiffLineView.swift /Users/mario/Sites/localhost/GitMac/GitMac/UI/Components/Diff/DiffStatsView.swift /Users/mario/Sites/localhost/GitMac/GitMac/UI/Components/Diff/DiffToolbar.swift /Users/mario/Sites/localhost/GitMac/GitMac/UI/Components/FileTree/FileTreeProtocols.swift /Users/mario/Sites/localhost/GitMac/GitMac/UI/Components/FileTree/GenericFileTreeView.swift /Users/mario/Sites/localhost/GitMac/GitMac/UI/Components/FileTree/GenericTreeNode.swift /Users/mario/Sites/localhost/GitMac/GitMac/UI/Components/FileTree/TreeExpansionState.swift /Users/mario/Sites/localhost/GitMac/GitMac/UI/Components/Icons/StatusIcon.swift /Users/mario/Sites/localhost/GitMac/GitMac/UI/Components/Layout/FileListSection.swift /Users/mario/Sites/localhost/GitMac/GitMac/UI/Components/Layout/SectionHeader.swift /Users/mario/Sites/localhost/GitMac/GitMac/UI/Components/Layout/Separator.swift /Users/mario/Sites/localhost/GitMac/GitMac/UI/Components/Rows/BaseRow.swift /Users/mario/Sites/localhost/GitMac/GitMac/UI/Components/Rows/BranchRow.swift (in target 'GitMac' from project 'GitMac')

SwiftCompile normal arm64 /Users/mario/Sites/localhost/GitMac/GitMac/Features/CommitGraph/Search/SearchQuery.swift (in target 'GitMac' from project 'GitMac')
    cd /Users/mario/Sites/localhost/GitMac
    

SwiftCompile normal arm64 /Users/mario/Sites/localhost/GitMac/GitMac/Features/Diff/KaleidoscopeDiffView.swift (in target 'GitMac' from project 'GitMac')
    cd /Users/mario/Sites/localhost/GitMac
    

SwiftCompile normal arm64 /Users/mario/Sites/localhost/GitMac/GitMac/Features/Diff/KaleidoscopeFileList.swift (in target 'GitMac' from project 'GitMac')
    cd /Users/mario/Sites/localhost/GitMac
    

SwiftCompile normal arm64 /Users/mario/Sites/localhost/GitMac/GitMac/Features/Diff/KaleidoscopeSplitDiffView.swift (in target 'GitMac' from project 'GitMac')
    cd /Users/mario/Sites/localhost/GitMac
    

SwiftCompile normal arm64 /Users/mario/Sites/localhost/GitMac/GitMac/Features/Diff/KaleidoscopeUnifiedView.swift (in target 'GitMac' from project 'GitMac')
    cd /Users/mario/Sites/localhost/GitMac
    

SwiftCompile normal arm64 /Users/mario/Sites/localhost/GitMac/GitMac/Features/Repositories/RepositoryHierarchicalNavigator.swift (in target 'GitMac' from project 'GitMac')
    cd /Users/mario/Sites/localhost/GitMac
    

SwiftCompile normal arm64 /Users/mario/Sites/localhost/GitMac/GitMac/Features/CommitGraph/Search/SearchSyntaxParser.swift (in target 'GitMac' from project 'GitMac')
    cd /Users/mario/Sites/localhost/GitMac
    

SwiftCompile normal arm64 /Users/mario/Sites/localhost/GitMac/GitMac/Features/RepoGroups/RepoGroupsService.swift (in target 'GitMac' from project 'GitMac')
    cd /Users/mario/Sites/localhost/GitMac
    

SwiftCompile normal arm64 /Users/mario/Sites/localhost/GitMac/GitMac/UI/Components/Commit/CommitMessageArea.swift (in target 'GitMac' from project 'GitMac')
    cd /Users/mario/Sites/localhost/GitMac
    

SwiftCompile normal arm64 /Users/mario/Sites/localhost/GitMac/GitMac/UI/Components/Common/LayoutConstants.swift (in target 'GitMac' from project 'GitMac')
    cd /Users/mario/Sites/localhost/GitMac
    

SwiftCompile normal arm64 /Users/mario/Sites/localhost/GitMac/GitMac/UI/Components/Diff/DiffHunkView.swift (in target 'GitMac' from project 'GitMac')
    cd /Users/mario/Sites/localhost/GitMac
    

SwiftCompile normal arm64 /Users/mario/Sites/localhost/GitMac/GitMac/UI/Components/Diff/DiffLineView.swift (in target 'GitMac' from project 'GitMac')
    cd /Users/mario/Sites/localhost/GitMac
    

SwiftCompile normal arm64 /Users/mario/Sites/localhost/GitMac/GitMac/UI/Components/Diff/DiffStatsView.swift (in target 'GitMac' from project 'GitMac')
    cd /Users/mario/Sites/localhost/GitMac
    

SwiftCompile normal arm64 /Users/mario/Sites/localhost/GitMac/GitMac/UI/Components/Diff/DiffToolbar.swift (in target 'GitMac' from project 'GitMac')
    cd /Users/mario/Sites/localhost/GitMac
    

SwiftCompile normal arm64 /Users/mario/Sites/localhost/GitMac/GitMac/UI/Components/FileTree/FileTreeProtocols.swift (in target 'GitMac' from project 'GitMac')
    cd /Users/mario/Sites/localhost/GitMac
    

SwiftCompile normal arm64 /Users/mario/Sites/localhost/GitMac/GitMac/UI/Components/FileTree/GenericFileTreeView.swift (in target 'GitMac' from project 'GitMac')
    cd /Users/mario/Sites/localhost/GitMac
    

SwiftCompile normal arm64 /Users/mario/Sites/localhost/GitMac/GitMac/UI/Components/FileTree/GenericTreeNode.swift (in target 'GitMac' from project 'GitMac')
    cd /Users/mario/Sites/localhost/GitMac
    

SwiftCompile normal arm64 /Users/mario/Sites/localhost/GitMac/GitMac/UI/Components/FileTree/TreeExpansionState.swift (in target 'GitMac' from project 'GitMac')
    cd /Users/mario/Sites/localhost/GitMac
    

SwiftCompile normal arm64 /Users/mario/Sites/localhost/GitMac/GitMac/UI/Components/Icons/StatusIcon.swift (in target 'GitMac' from project 'GitMac')
    cd /Users/mario/Sites/localhost/GitMac
    

SwiftCompile normal arm64 /Users/mario/Sites/localhost/GitMac/GitMac/UI/Components/Layout/FileListSection.swift (in target 'GitMac' from project 'GitMac')
    cd /Users/mario/Sites/localhost/GitMac
    

SwiftCompile normal arm64 /Users/mario/Sites/localhost/GitMac/GitMac/UI/Components/Layout/SectionHeader.swift (in target 'GitMac' from project 'GitMac')
    cd /Users/mario/Sites/localhost/GitMac
    

SwiftCompile normal arm64 /Users/mario/Sites/localhost/GitMac/GitMac/UI/Components/Layout/Separator.swift (in target 'GitMac' from project 'GitMac')
    cd /Users/mario/Sites/localhost/GitMac
    

SwiftCompile normal arm64 /Users/mario/Sites/localhost/GitMac/GitMac/UI/Components/Rows/BaseRow.swift (in target 'GitMac' from project 'GitMac')
    cd /Users/mario/Sites/localhost/GitMac
    

SwiftCompile normal arm64 /Users/mario/Sites/localhost/GitMac/GitMac/UI/Components/Rows/BranchRow.swift (in target 'GitMac' from project 'GitMac')
    cd /Users/mario/Sites/localhost/GitMac
    

SwiftDriverJobDiscovery normal arm64 Compiling UnifiedFileContextMenu.swift, GitOperationHandler.swift, ModalCoordinator.swift, VisualEffectBlur.swift, XcodeToolbarButton.swift, XcodeToolbarDivider.swift, XcodeBottomBarTab.swift, XcodeSidebarNavigator.swift, GitHook.swift, GitHooksService.swift, GitHooksView.swift, GitSubmodule.swift, GitSubmoduleService.swift, SubmoduleView.swift, BranchService.swift, StagingService.swift, CommitService.swift, RemoteService.swift, StashService.swift, TagService.swift, MergeService.swift, DiffService.swift, BinaryFileRenderers.swift, DiffLineContextMenu.swift (in target 'GitMac' from project 'GitMac')

SwiftCompile normal arm64 Compiling\ MarkdownView.swift,\ MermaidDiagramView.swift,\ FileContentView.swift,\ GitFlowManager.swift,\ TagListView.swift,\ LaunchpadView.swift,\ RemoteListView.swift,\ StashListView.swift,\ CommandPalette.swift,\ FuzzyFileFinder.swift,\ MinimapView.swift,\ WorktreeListView.swift,\ HistoryView.swift,\ ExternalToolsManager.swift,\ BranchListView.swift,\ PRListView.swift,\ IssueListView.swift,\ ConflictResolverView.swift,\ PlannerTasksPanel.swift,\ LinearService.swift,\ JiraService.swift,\ NotionService.swift,\ LinearPanel.swift,\ JiraPanel.swift /Users/mario/Sites/localhost/GitMac/GitMac/Features/Markdown/MarkdownView.swift /Users/mario/Sites/localhost/GitMac/GitMac/Features/Markdown/MermaidDiagramView.swift /Users/mario/Sites/localhost/GitMac/GitMac/Features/FileViewer/FileContentView.swift /Users/mario/Sites/localhost/GitMac/GitMac/Features/GitFlow/GitFlowManager.swift /Users/mario/Sites/localhost/GitMac/GitMac/Features/Tags/TagListView.swift /Users/mario/Sites/localhost/GitMac/GitMac/Features/Launchpad/LaunchpadView.swift /Users/mario/Sites/localhost/GitMac/GitMac/Features/Remotes/RemoteListView.swift /Users/mario/Sites/localhost/GitMac/GitMac/Features/Stash/StashListView.swift /Users/mario/Sites/localhost/GitMac/GitMac/CommandPalette.swift /Users/mario/Sites/localhost/GitMac/GitMac/FuzzyFileFinder.swift /Users/mario/Sites/localhost/GitMac/GitMac/MinimapView.swift /Users/mario/Sites/localhost/GitMac/GitMac/Features/Worktrees/WorktreeListView.swift /Users/mario/Sites/localhost/GitMac/GitMac/Features/History/HistoryView.swift /Users/mario/Sites/localhost/GitMac/GitMac/ExternalToolsManager.swift /Users/mario/Sites/localhost/GitMac/GitMac/Features/Branches/BranchListView.swift /Users/mario/Sites/localhost/GitMac/GitMac/Features/PullRequests/PRListView.swift /Users/mario/Sites/localhost/GitMac/GitMac/Features/Issues/IssueListView.swift /Users/mario/Sites/localhost/GitMac/GitMac/Features/MergeConflict/ConflictResolverView.swift /Users/mario/Sites/localhost/GitMac/GitMac/Features/Planner/PlannerTasksPanel.swift /Users/mario/Sites/localhost/GitMac/GitMac/Core/Services/LinearService.swift /Users/mario/Sites/localhost/GitMac/GitMac/Core/Services/JiraService.swift /Users/mario/Sites/localhost/GitMac/GitMac/Core/Services/NotionService.swift /Users/mario/Sites/localhost/GitMac/GitMac/Features/Linear/LinearPanel.swift /Users/mario/Sites/localhost/GitMac/GitMac/Features/Jira/JiraPanel.swift (in target 'GitMac' from project 'GitMac')

SwiftCompile normal arm64 /Users/mario/Sites/localhost/GitMac/GitMac/Features/Markdown/MarkdownView.swift (in target 'GitMac' from project 'GitMac')
    cd /Users/mario/Sites/localhost/GitMac
    

SwiftCompile normal arm64 /Users/mario/Sites/localhost/GitMac/GitMac/Features/Markdown/MermaidDiagramView.swift (in target 'GitMac' from project 'GitMac')
    cd /Users/mario/Sites/localhost/GitMac
    

SwiftCompile normal arm64 /Users/mario/Sites/localhost/GitMac/GitMac/Features/FileViewer/FileContentView.swift (in target 'GitMac' from project 'GitMac')
    cd /Users/mario/Sites/localhost/GitMac
    

SwiftCompile normal arm64 /Users/mario/Sites/localhost/GitMac/GitMac/Features/GitFlow/GitFlowManager.swift (in target 'GitMac' from project 'GitMac')
    cd /Users/mario/Sites/localhost/GitMac
    

SwiftCompile normal arm64 /Users/mario/Sites/localhost/GitMac/GitMac/Features/Tags/TagListView.swift (in target 'GitMac' from project 'GitMac')
    cd /Users/mario/Sites/localhost/GitMac
    

SwiftCompile normal arm64 /Users/mario/Sites/localhost/GitMac/GitMac/Features/Launchpad/LaunchpadView.swift (in target 'GitMac' from project 'GitMac')
    cd /Users/mario/Sites/localhost/GitMac
    

SwiftCompile normal arm64 /Users/mario/Sites/localhost/GitMac/GitMac/Features/Remotes/RemoteListView.swift (in target 'GitMac' from project 'GitMac')
    cd /Users/mario/Sites/localhost/GitMac
    

SwiftCompile normal arm64 /Users/mario/Sites/localhost/GitMac/GitMac/Features/Stash/StashListView.swift (in target 'GitMac' from project 'GitMac')
    cd /Users/mario/Sites/localhost/GitMac
    

SwiftCompile normal arm64 /Users/mario/Sites/localhost/GitMac/GitMac/CommandPalette.swift (in target 'GitMac' from project 'GitMac')
    cd /Users/mario/Sites/localhost/GitMac
    

SwiftCompile normal arm64 /Users/mario/Sites/localhost/GitMac/GitMac/FuzzyFileFinder.swift (in target 'GitMac' from project 'GitMac')
    cd /Users/mario/Sites/localhost/GitMac
    

SwiftCompile normal arm64 /Users/mario/Sites/localhost/GitMac/GitMac/MinimapView.swift (in target 'GitMac' from project 'GitMac')
    cd /Users/mario/Sites/localhost/GitMac
    

SwiftCompile normal arm64 /Users/mario/Sites/localhost/GitMac/GitMac/Features/Worktrees/WorktreeListView.swift (in target 'GitMac' from project 'GitMac')
    cd /Users/mario/Sites/localhost/GitMac
    

SwiftCompile normal arm64 /Users/mario/Sites/localhost/GitMac/GitMac/Features/History/HistoryView.swift (in target 'GitMac' from project 'GitMac')
    cd /Users/mario/Sites/localhost/GitMac
    

SwiftCompile normal arm64 /Users/mario/Sites/localhost/GitMac/GitMac/ExternalToolsManager.swift (in target 'GitMac' from project 'GitMac')
    cd /Users/mario/Sites/localhost/GitMac
    

SwiftCompile normal arm64 /Users/mario/Sites/localhost/GitMac/GitMac/Features/Branches/BranchListView.swift (in target 'GitMac' from project 'GitMac')
    cd /Users/mario/Sites/localhost/GitMac
    

SwiftCompile normal arm64 /Users/mario/Sites/localhost/GitMac/GitMac/Features/PullRequests/PRListView.swift (in target 'GitMac' from project 'GitMac')
    cd /Users/mario/Sites/localhost/GitMac
    

SwiftCompile normal arm64 /Users/mario/Sites/localhost/GitMac/GitMac/Features/Issues/IssueListView.swift (in target 'GitMac' from project 'GitMac')
    cd /Users/mario/Sites/localhost/GitMac
    

SwiftCompile normal arm64 /Users/mario/Sites/localhost/GitMac/GitMac/Features/MergeConflict/ConflictResolverView.swift (in target 'GitMac' from project 'GitMac')
    cd /Users/mario/Sites/localhost/GitMac
    

SwiftCompile normal arm64 /Users/mario/Sites/localhost/GitMac/GitMac/Features/Planner/PlannerTasksPanel.swift (in target 'GitMac' from project 'GitMac')
    cd /Users/mario/Sites/localhost/GitMac
    

SwiftCompile normal arm64 /Users/mario/Sites/localhost/GitMac/GitMac/Core/Services/LinearService.swift (in target 'GitMac' from project 'GitMac')
    cd /Users/mario/Sites/localhost/GitMac
    

SwiftCompile normal arm64 /Users/mario/Sites/localhost/GitMac/GitMac/Core/Services/JiraService.swift (in target 'GitMac' from project 'GitMac')
    cd /Users/mario/Sites/localhost/GitMac
    

SwiftCompile normal arm64 /Users/mario/Sites/localhost/GitMac/GitMac/Core/Services/NotionService.swift (in target 'GitMac' from project 'GitMac')
    cd /Users/mario/Sites/localhost/GitMac
    

SwiftCompile normal arm64 /Users/mario/Sites/localhost/GitMac/GitMac/Features/Linear/LinearPanel.swift (in target 'GitMac' from project 'GitMac')
    cd /Users/mario/Sites/localhost/GitMac
    

SwiftCompile normal arm64 /Users/mario/Sites/localhost/GitMac/GitMac/Features/Jira/JiraPanel.swift (in target 'GitMac' from project 'GitMac')
    cd /Users/mario/Sites/localhost/GitMac
    

SwiftDriverJobDiscovery normal arm64 Compiling DSDraggableItem.swift, DSExpandableItem.swift, DSListItem.swift, DSDropZone.swift, DSStatusBadge.swift, DSLoadingState.swift, DSHeader.swift, DSErrorState.swift, DSEmptyState.swift, NotionPlugin.swift, LinearPlugin.swift, JiraPlugin.swift, TaigaPlugin.swift, PlannerPlugin.swift, DSTextEditor.swift, DSSecureField.swift, DSSearchField.swift, DSToggle.swift, DSTextField.swift, DSPicker.swift, TaigaLoginPrompt.swift, TaigaSharedViews.swift, TaigaUserStoriesView.swift (in target 'GitMac' from project 'GitMac')

SwiftDriverJobDiscovery normal arm64 Emitting module for GitMac (in target 'GitMac' from project 'GitMac')

SwiftDriver\ Compilation\ Requirements GitMac normal arm64 com.apple.xcode.tools.swift.compiler (in target 'GitMac' from project 'GitMac')
    cd /Users/mario/Sites/localhost/GitMac
    builtin-Swift-Compilation-Requirements -- /Applications/Xcode.app/Contents/Developer/Toolchains/XcodeDefault.xctoolchain/usr/bin/swiftc -module-name GitMac -Onone -enforce-exclusivity\=checked @/Users/mario/Library/Developer/Xcode/DerivedData/GitMac-ajzvmgpdmfwzmdcrxkxdwaxrxbzy/Build/Intermediates.noindex/GitMac.build/Debug/GitMac.build/Objects-normal/arm64/GitMac.SwiftFileList -DDEBUG -DGHOSTTY_AVAILABLE -enable-experimental-feature DebugDescriptionMacro -sdk /Applications/Xcode.app/Contents/Developer/Platforms/MacOSX.platform/Developer/SDKs/MacOSX26.2.sdk -target arm64-apple-macos14.0 -g -module-cache-path /Users/mario/Library/Developer/Xcode/DerivedData/ModuleCache.noindex -Xfrontend -serialize-debugging-options -enable-testing -index-store-path /Users/mario/Library/Developer/Xcode/DerivedData/GitMac-ajzvmgpdmfwzmdcrxkxdwaxrxbzy/Index.noindex/DataStore -Xcc -D_LIBCPP_HARDENING_MODE\=_LIBCPP_HARDENING_MODE_DEBUG -swift-version 6 -I /Users/mario/Library/Developer/Xcode/DerivedData/GitMac-ajzvmgpdmfwzmdcrxkxdwaxrxbzy/Build/Products/Debug -F /Users/mario/Library/Developer/Xcode/DerivedData/GitMac-ajzvmgpdmfwzmdcrxkxdwaxrxbzy/Build/Products/Debug/PackageFrameworks -F /Users/mario/Library/Developer/Xcode/DerivedData/GitMac-ajzvmgpdmfwzmdcrxkxdwaxrxbzy/Build/Products/Debug/PackageFrameworks -F /Users/mario/Library/Developer/Xcode/DerivedData/GitMac-ajzvmgpdmfwzmdcrxkxdwaxrxbzy/Build/Products/Debug/PackageFrameworks -F /Users/mario/Library/Developer/Xcode/DerivedData/GitMac-ajzvmgpdmfwzmdcrxkxdwaxrxbzy/Build/Products/Debug -F /Users/mario/Sites/localhost/GitMac/Frameworks -emit-localized-strings -emit-localized-strings-path /Users/mario/Library/Developer/Xcode/DerivedData/GitMac-ajzvmgpdmfwzmdcrxkxdwaxrxbzy/Build/Intermediates.noindex/GitMac.build/Debug/GitMac.build/Objects-normal/arm64 -c -j8 -enable-batch-mode -incremental -Xcc -ivfsstatcache -Xcc /Users/mario/Library/Developer/Xcode/DerivedData/SDKStatCaches.noindex/macosx26.2-25C57-3885c01c3e6b6a337905948deab2002e00fa09913b459cbbc988d1f6730289ae.sdkstatcache -output-file-map /Users/mario/Library/Developer/Xcode/DerivedData/GitMac-ajzvmgpdmfwzmdcrxkxdwaxrxbzy/Build/Intermediates.noindex/GitMac.build/Debug/GitMac.build/Objects-normal/arm64/GitMac-OutputFileMap.json -use-frontend-parseable-output -save-temps -no-color-diagnostics -explicit-module-build -module-cache-path /Users/mario/Library/Developer/Xcode/DerivedData/GitMac-ajzvmgpdmfwzmdcrxkxdwaxrxbzy/Build/Intermediates.noindex/SwiftExplicitPrecompiledModules -clang-scanner-module-cache-path /Users/mario/Library/Developer/Xcode/DerivedData/ModuleCache.noindex -sdk-module-cache-path /Users/mario/Library/Developer/Xcode/DerivedData/ModuleCache.noindex -serialize-diagnostics -emit-dependencies -emit-module -emit-module-path /Users/mario/Library/Developer/Xcode/DerivedData/GitMac-ajzvmgpdmfwzmdcrxkxdwaxrxbzy/Build/Intermediates.noindex/GitMac.build/Debug/GitMac.build/Objects-normal/arm64/GitMac.swiftmodule -validate-clang-modules-once -clang-build-session-file /Users/mario/Library/Developer/Xcode/DerivedData/ModuleCache.noindex/Session.modulevalidation -Xcc -I/Users/mario/Library/Developer/Xcode/DerivedData/GitMac-ajzvmgpdmfwzmdcrxkxdwaxrxbzy/Build/Intermediates.noindex/GitMac.build/Debug/GitMac.build/swift-overrides.hmap -emit-const-values -Xfrontend -const-gather-protocols-file -Xfrontend /Users/mario/Library/Developer/Xcode/DerivedData/GitMac-ajzvmgpdmfwzmdcrxkxdwaxrxbzy/Build/Intermediates.noindex/GitMac.build/Debug/GitMac.build/Objects-normal/arm64/GitMac_const_extract_protocols.json -Xcc -iquote -Xcc /Users/mario/Library/Developer/Xcode/DerivedData/GitMac-ajzvmgpdmfwzmdcrxkxdwaxrxbzy/Build/Intermediates.noindex/GitMac.build/Debug/GitMac.build/GitMac-generated-files.hmap -Xcc -I/Users/mario/Library/Developer/Xcode/DerivedData/GitMac-ajzvmgpdmfwzmdcrxkxdwaxrxbzy/Build/Intermediates.noindex/GitMac.build/Debug/GitMac.build/GitMac-own-target-headers.hmap -Xcc -I/Users/mario/Library/Developer/Xcode/DerivedData/GitMac-ajzvmgpdmfwzmdcrxkxdwaxrxbzy/Build/Intermediates.noindex/GitMac.build/Debug/GitMac.build/GitMac-all-non-framework-target-headers.hmap -Xcc -ivfsoverlay -Xcc /Users/mario/Library/Developer/Xcode/DerivedData/GitMac-ajzvmgpdmfwzmdcrxkxdwaxrxbzy/Build/Intermediates.noindex/GitMac.build/Debug/GitMac-ac94e38d53dc433a402cb85bc9264911-VFS/all-product-headers.yaml -Xcc -iquote -Xcc /Users/mario/Library/Developer/Xcode/DerivedData/GitMac-ajzvmgpdmfwzmdcrxkxdwaxrxbzy/Build/Intermediates.noindex/GitMac.build/Debug/GitMac.build/GitMac-project-headers.hmap -Xcc -I/Users/mario/Library/Developer/Xcode/DerivedData/GitMac-ajzvmgpdmfwzmdcrxkxdwaxrxbzy/Build/Products/Debug/include -Xcc -I/Users/mario/Sites/localhost/GitMac/Frameworks/GhosttyKit.xcframework/macos-arm64_x86_64/Headers -Xcc -I/Users/mario/Library/Developer/Xcode/DerivedData/GitMac-ajzvmgpdmfwzmdcrxkxdwaxrxbzy/Build/Intermediates.noindex/GitMac.build/Debug/GitMac.build/DerivedSources-normal/arm64 -Xcc -I/Users/mario/Library/Developer/Xcode/DerivedData/GitMac-ajzvmgpdmfwzmdcrxkxdwaxrxbzy/Build/Intermediates.noindex/GitMac.build/Debug/GitMac.build/DerivedSources/arm64 -Xcc -I/Users/mario/Library/Developer/Xcode/DerivedData/GitMac-ajzvmgpdmfwzmdcrxkxdwaxrxbzy/Build/Intermediates.noindex/GitMac.build/Debug/GitMac.build/DerivedSources -Xcc -DDEBUG\=1 -emit-objc-header -emit-objc-header-path /Users/mario/Library/Developer/Xcode/DerivedData/GitMac-ajzvmgpdmfwzmdcrxkxdwaxrxbzy/Build/Intermediates.noindex/GitMac.build/Debug/GitMac.build/Objects-normal/arm64/GitMac-Swift.h -import-objc-header /Users/mario/Sites/localhost/GitMac/GitMac/GitMac-Bridging-Header.h -working-directory /Users/mario/Sites/localhost/GitMac -experimental-emit-module-separately -disable-cmo

SwiftMergeGeneratedHeaders /Users/mario/Library/Developer/Xcode/DerivedData/GitMac-ajzvmgpdmfwzmdcrxkxdwaxrxbzy/Build/Intermediates.noindex/GitMac.build/Debug/GitMac.build/DerivedSources/GitMac-Swift.h /Users/mario/Library/Developer/Xcode/DerivedData/GitMac-ajzvmgpdmfwzmdcrxkxdwaxrxbzy/Build/Intermediates.noindex/GitMac.build/Debug/GitMac.build/Objects-normal/arm64/GitMac-Swift.h (in target 'GitMac' from project 'GitMac')
    cd /Users/mario/Sites/localhost/GitMac
    builtin-swiftHeaderTool -arch arm64 /Users/mario/Library/Developer/Xcode/DerivedData/GitMac-ajzvmgpdmfwzmdcrxkxdwaxrxbzy/Build/Intermediates.noindex/GitMac.build/Debug/GitMac.build/Objects-normal/arm64/GitMac-Swift.h -o /Users/mario/Library/Developer/Xcode/DerivedData/GitMac-ajzvmgpdmfwzmdcrxkxdwaxrxbzy/Build/Intermediates.noindex/GitMac.build/Debug/GitMac.build/DerivedSources/GitMac-Swift.h

Copy /Users/mario/Library/Developer/Xcode/DerivedData/GitMac-ajzvmgpdmfwzmdcrxkxdwaxrxbzy/Build/Products/Debug/GitMac.swiftmodule/arm64-apple-macos.swiftmodule /Users/mario/Library/Developer/Xcode/DerivedData/GitMac-ajzvmgpdmfwzmdcrxkxdwaxrxbzy/Build/Intermediates.noindex/GitMac.build/Debug/GitMac.build/Objects-normal/arm64/GitMac.swiftmodule (in target 'GitMac' from project 'GitMac')
    cd /Users/mario/Sites/localhost/GitMac
    builtin-copy -exclude .DS_Store -exclude CVS -exclude .svn -exclude .git -exclude .hg -resolve-src-symlinks -rename /Users/mario/Library/Developer/Xcode/DerivedData/GitMac-ajzvmgpdmfwzmdcrxkxdwaxrxbzy/Build/Intermediates.noindex/GitMac.build/Debug/GitMac.build/Objects-normal/arm64/GitMac.swiftmodule /Users/mario/Library/Developer/Xcode/DerivedData/GitMac-ajzvmgpdmfwzmdcrxkxdwaxrxbzy/Build/Products/Debug/GitMac.swiftmodule/arm64-apple-macos.swiftmodule

Copy /Users/mario/Library/Developer/Xcode/DerivedData/GitMac-ajzvmgpdmfwzmdcrxkxdwaxrxbzy/Build/Products/Debug/GitMac.swiftmodule/arm64-apple-macos.swiftdoc /Users/mario/Library/Developer/Xcode/DerivedData/GitMac-ajzvmgpdmfwzmdcrxkxdwaxrxbzy/Build/Intermediates.noindex/GitMac.build/Debug/GitMac.build/Objects-normal/arm64/GitMac.swiftdoc (in target 'GitMac' from project 'GitMac')
    cd /Users/mario/Sites/localhost/GitMac
    builtin-copy -exclude .DS_Store -exclude CVS -exclude .svn -exclude .git -exclude .hg -resolve-src-symlinks -rename /Users/mario/Library/Developer/Xcode/DerivedData/GitMac-ajzvmgpdmfwzmdcrxkxdwaxrxbzy/Build/Intermediates.noindex/GitMac.build/Debug/GitMac.build/Objects-normal/arm64/GitMac.swiftdoc /Users/mario/Library/Developer/Xcode/DerivedData/GitMac-ajzvmgpdmfwzmdcrxkxdwaxrxbzy/Build/Products/Debug/GitMac.swiftmodule/arm64-apple-macos.swiftdoc

Copy /Users/mario/Library/Developer/Xcode/DerivedData/GitMac-ajzvmgpdmfwzmdcrxkxdwaxrxbzy/Build/Products/Debug/GitMac.swiftmodule/arm64-apple-macos.abi.json /Users/mario/Library/Developer/Xcode/DerivedData/GitMac-ajzvmgpdmfwzmdcrxkxdwaxrxbzy/Build/Intermediates.noindex/GitMac.build/Debug/GitMac.build/Objects-normal/arm64/GitMac.abi.json (in target 'GitMac' from project 'GitMac')
    cd /Users/mario/Sites/localhost/GitMac
    builtin-copy -exclude .DS_Store -exclude CVS -exclude .svn -exclude .git -exclude .hg -resolve-src-symlinks -rename /Users/mario/Library/Developer/Xcode/DerivedData/GitMac-ajzvmgpdmfwzmdcrxkxdwaxrxbzy/Build/Intermediates.noindex/GitMac.build/Debug/GitMac.build/Objects-normal/arm64/GitMac.abi.json /Users/mario/Library/Developer/Xcode/DerivedData/GitMac-ajzvmgpdmfwzmdcrxkxdwaxrxbzy/Build/Products/Debug/GitMac.swiftmodule/arm64-apple-macos.abi.json

Copy /Users/mario/Library/Developer/Xcode/DerivedData/GitMac-ajzvmgpdmfwzmdcrxkxdwaxrxbzy/Build/Products/Debug/GitMac.swiftmodule/Project/arm64-apple-macos.swiftsourceinfo /Users/mario/Library/Developer/Xcode/DerivedData/GitMac-ajzvmgpdmfwzmdcrxkxdwaxrxbzy/Build/Intermediates.noindex/GitMac.build/Debug/GitMac.build/Objects-normal/arm64/GitMac.swiftsourceinfo (in target 'GitMac' from project 'GitMac')
    cd /Users/mario/Sites/localhost/GitMac
    builtin-copy -exclude .DS_Store -exclude CVS -exclude .svn -exclude .git -exclude .hg -resolve-src-symlinks -rename /Users/mario/Library/Developer/Xcode/DerivedData/GitMac-ajzvmgpdmfwzmdcrxkxdwaxrxbzy/Build/Intermediates.noindex/GitMac.build/Debug/GitMac.build/Objects-normal/arm64/GitMac.swiftsourceinfo /Users/mario/Library/Developer/Xcode/DerivedData/GitMac-ajzvmgpdmfwzmdcrxkxdwaxrxbzy/Build/Products/Debug/GitMac.swiftmodule/Project/arm64-apple-macos.swiftsourceinfo

SwiftDriverJobDiscovery normal arm64 Compiling DiffLineRenderers.swift, DiffMinimap.swift, DiffParser.swift, DiffScrollViews.swift, DiffSyntaxHighlighter.swift, LargeFileDiffRenderer.swift, GhosttyEnhancedViewModel.swift, AICommandSuggestions.swift, TerminalCommandPalette.swift, GhosttyEnhancedTerminalView.swift, TerminalAIService.swift, BottomPanelManager.swift, BottomPanelTab.swift, BottomPanelType.swift, BottomPanelResizer.swift, UnifiedBottomPanel.swift, BottomPanelContent.swift, BottomPanelTabBar.swift, UniversalResizer.swift, DesignTokens.swift, ComponentCatalog.swift, IntegrationPlugin.swift, IntegrationViewModel.swift, PluginRegistry.swift (in target 'GitMac' from project 'GitMac')

SwiftDriverJobDiscovery normal arm64 Compiling SearchQuery.swift, KaleidoscopeDiffView.swift, KaleidoscopeFileList.swift, KaleidoscopeSplitDiffView.swift, KaleidoscopeUnifiedView.swift, RepositoryHierarchicalNavigator.swift, SearchSyntaxParser.swift, RepoGroupsService.swift, CommitMessageArea.swift, LayoutConstants.swift, DiffHunkView.swift, DiffLineView.swift, DiffStatsView.swift, DiffToolbar.swift, FileTreeProtocols.swift, GenericFileTreeView.swift, GenericTreeNode.swift, TreeExpansionState.swift, StatusIcon.swift, FileListSection.swift, SectionHeader.swift, Separator.swift, BaseRow.swift, BranchRow.swift (in target 'GitMac' from project 'GitMac')

SwiftDriverJobDiscovery normal arm64 Compiling ResetView.swift, NotionPanel.swift, RemoteOperationTracker.swift, DSVirtualizedList.swift, DSPanel.swift, DSLoginPrompt.swift, DSResizablePanel.swift, DSIntegrationPanel.swift, DSInfiniteList.swift, DSTabContainer.swift, DSSettingsSheet.swift, DSSheet.swift, DSTabPanel.swift, DSDraggableList.swift, DSGroupedList.swift, DSCollapsiblePanel.swift, WorkflowsView.swift, AWSCodeBuildService.swift, AvatarService.swift, RemoteManagementView.swift, ContextMenus.swift, AppTheme.swift, ReflogView.swift, KeyboardShortcuts.swift (in target 'GitMac' from project 'GitMac')

SwiftDriverJobDiscovery normal arm64 Compiling FileRow.swift, ListRow.swift, RowProtocols.swift, WordLevelDiff.swift, FileTypeIcon.swift, PullSheet.swift, GitMacApp.swift, StoreManager.swift, KeychainManager.swift, ShellExecutor.swift, FileBrowserView.swift, FileWatcher.swift, CacheWithTTL.swift, GitService.swift, AIService.swift, GitHubService.swift, WorkspaceSettings.swift, RevertView.swift, MicrosoftPlannerService.swift, ThemeManager.swift, GitHubOAuth.swift, UndoManager.swift, MicrosoftOAuth.swift, TaigaService.swift (in target 'GitMac' from project 'GitMac')

SwiftDriverJobDiscovery normal arm64 Compiling TaigaTasksView.swift, TaigaIssuesView.swift, TaigaEpicsView.swift, TaigaContentView.swift, ConnectionRibbonsView.swift, RepositoryTabsView.swift, AITerminalInputView.swift, EnhancedTerminalPanel.swift, RepositoryActivityPanel.swift, ContributionGraphView.swift, RepositoryActivityViewModel.swift, AIServiceExtensions.swift, PromptTemplateManager.swift, AnalyticsDashboard.swift, AnalyticsViewModel.swift, CloudSyncService.swift, PresenceService.swift, CodeReviewService.swift, TerminalBlocksView.swift, TerminalSessionSharingService.swift, TerminalWorkflowsView.swift, SecretRedactionService.swift, GeneratedAssetSymbols.swift (in target 'GitMac' from project 'GitMac')

SwiftDriverJobDiscovery normal arm64 Compiling MarkdownView.swift, MermaidDiagramView.swift, FileContentView.swift, GitFlowManager.swift, TagListView.swift, LaunchpadView.swift, RemoteListView.swift, StashListView.swift, CommandPalette.swift, FuzzyFileFinder.swift, MinimapView.swift, WorktreeListView.swift, HistoryView.swift, ExternalToolsManager.swift, BranchListView.swift, PRListView.swift, IssueListView.swift, ConflictResolverView.swift, PlannerTasksPanel.swift, LinearService.swift, JiraService.swift, NotionService.swift, LinearPanel.swift, JiraPanel.swift (in target 'GitMac' from project 'GitMac')

** BUILD FAILED **


The following build commands failed:
	SwiftCompile normal arm64 /Users/mario/Sites/localhost/GitMac/GitMac/App/ContentView.swift (in target 'GitMac' from project 'GitMac')
	SwiftCompile normal arm64 Compiling\ Stash.swift,\ Remote.swift,\ Branch.swift,\ Commit.swift,\ SyntaxHighlighter.swift,\ Repository.swift,\ Worktree.swift,\ GitEngine.swift,\ RepositoryContext.swift,\ PatchManipulator.swift,\ Tag.swift,\ ContentView.swift,\ SettingsView.swift,\ SubscriptionView.swift,\ StagingAreaView.swift,\ CommitGraphView.swift,\ NotificationManager.swift,\ TaigaTicketsPanel.swift,\ CherryPickView.swift,\ TerminalView.swift,\ DiffView.swift,\ SearchView.swift,\ LightweightDiffView.swift,\ InteractiveRebaseView.swift /Users/mario/Sites/localhost/GitMac/GitMac/Core/Git/Stash.swift /Users/mario/Sites/localhost/GitMac/GitMac/Core/Git/Remote.swift /Users/mario/Sites/localhost/GitMac/GitMac/Core/Git/Branch.swift /Users/mario/Sites/localhost/GitMac/GitMac/Core/Git/Commit.swift /Users/mario/Sites/localhost/GitMac/GitMac/SyntaxHighlighter.swift /Users/mario/Sites/localhost/GitMac/GitMac/Core/Git/Repository.swift /Users/mario/Sites/localhost/GitMac/GitMac/Core/Git/Worktree.swift /Users/mario/Sites/localhost/GitMac/GitMac/Core/Git/GitEngine.swift /Users/mario/Sites/localhost/GitMac/GitMac/Core/Git/RepositoryContext.swift /Users/mario/Sites/localhost/GitMac/GitMac/Core/Git/PatchManipulator.swift /Users/mario/Sites/localhost/GitMac/GitMac/Core/Git/Tag.swift /Users/mario/Sites/localhost/GitMac/GitMac/App/ContentView.swift /Users/mario/Sites/localhost/GitMac/GitMac/Features/Settings/SettingsView.swift /Users/mario/Sites/localhost/GitMac/GitMac/Features/Settings/SubscriptionView.swift /Users/mario/Sites/localhost/GitMac/GitMac/Features/Staging/StagingAreaView.swift /Users/mario/Sites/localhost/GitMac/GitMac/Features/CommitGraph/CommitGraphView.swift /Users/mario/Sites/localhost/GitMac/GitMac/NotificationManager.swift /Users/mario/Sites/localhost/GitMac/GitMac/Features/Taiga/TaigaTicketsPanel.swift /Users/mario/Sites/localhost/GitMac/GitMac/Features/CherryPick/CherryPickView.swift /Users/mario/Sites/localhost/GitMac/GitMac/Features/Terminal/TerminalView.swift /Users/mario/Sites/localhost/GitMac/GitMac/Features/Diff/DiffView.swift /Users/mario/Sites/localhost/GitMac/GitMac/SearchView.swift /Users/mario/Sites/localhost/GitMac/GitMac/Features/Diff/LightweightDiffView.swift /Users/mario/Sites/localhost/GitMac/GitMac/InteractiveRebaseView.swift (in target 'GitMac' from project 'GitMac')
	Building project GitMac with scheme GitMac
(3 failures)
